[0.008s] Invoking command in '/home/alecr/HRI_ws/build/dynamixel_workbench': AMENT_PREFIX_PATH=/home/alecr/HRI_ws/install/dynamixel_workbench_toolbox:/home/alecr/HRI_ws/install/dynamixel_sdk:${AMENT_PREFIX_PATH} CMAKE_PREFIX_PATH=/home/alecr/HRI_ws/install/dynamixel_workbench_toolbox:/home/alecr/HRI_ws/install/dynamixel_sdk:/opt/ros/humble LD_LIBRARY_PATH=/home/alecr/HRI_ws/install/dynamixel_workbench_toolbox/lib:/home/alecr/HRI_ws/install/dynamixel_sdk/lib:${LD_LIBRARY_PATH} /usr/bin/cmake /home/alecr/HRI_ws/src/dynamixel-workbench/dynamixel_workbench -DCMAKE_INSTALL_PREFIX=/home/alecr/HRI_ws/install/dynamixel_workbench
[0.062s] -- The C compiler identification is GNU 11.4.0
[0.135s] -- The CXX compiler identification is GNU 11.4.0
[0.142s] -- Detecting C compiler ABI info
[0.200s] -- Detecting C compiler ABI info - done
[0.209s] -- Check for working C compiler: /usr/bin/cc - skipped
[0.209s] -- Detecting C compile features
[0.210s] -- Detecting C compile features - done
[0.213s] -- Detecting CXX compiler ABI info
[0.289s] -- Detecting CXX compiler ABI info - done
[0.298s] -- Check for working CXX compiler: /usr/bin/c++ - skipped
[0.298s] -- Detecting CXX compile features
[0.299s] -- Detecting CXX compile features - done
[0.302s] -- Found ament_cmake: 1.3.14 (/opt/ros/humble/share/ament_cmake/cmake)
[0.453s] -- Found Python3: /usr/bin/python3 (found version "3.10.12") found components: Interpreter 
[0.671s] -- Configuring done
[0.687s] -- Generating done
[0.693s] -- Build files have been written to: /home/alecr/HRI_ws/build/dynamixel_workbench
[0.703s] Invoked command in '/home/alecr/HRI_ws/build/dynamixel_workbench' returned '0': AMENT_PREFIX_PATH=/home/alecr/HRI_ws/install/dynamixel_workbench_toolbox:/home/alecr/HRI_ws/install/dynamixel_sdk:${AMENT_PREFIX_PATH} CMAKE_PREFIX_PATH=/home/alecr/HRI_ws/install/dynamixel_workbench_toolbox:/home/alecr/HRI_ws/install/dynamixel_sdk:/opt/ros/humble LD_LIBRARY_PATH=/home/alecr/HRI_ws/install/dynamixel_workbench_toolbox/lib:/home/alecr/HRI_ws/install/dynamixel_sdk/lib:${LD_LIBRARY_PATH} /usr/bin/cmake /home/alecr/HRI_ws/src/dynamixel-workbench/dynamixel_workbench -DCMAKE_INSTALL_PREFIX=/home/alecr/HRI_ws/install/dynamixel_workbench
[0.706s] Invoking command in '/home/alecr/HRI_ws/build/dynamixel_workbench': AMENT_PREFIX_PATH=/home/alecr/HRI_ws/install/dynamixel_workbench_toolbox:/home/alecr/HRI_ws/install/dynamixel_sdk:${AMENT_PREFIX_PATH} CMAKE_PREFIX_PATH=/home/alecr/HRI_ws/install/dynamixel_workbench_toolbox:/home/alecr/HRI_ws/install/dynamixel_sdk:/opt/ros/humble LD_LIBRARY_PATH=/home/alecr/HRI_ws/install/dynamixel_workbench_toolbox/lib:/home/alecr/HRI_ws/install/dynamixel_sdk/lib:${LD_LIBRARY_PATH} /usr/bin/cmake --build /home/alecr/HRI_ws/build/dynamixel_workbench -- -j16 -l16
[0.774s] Invoked command in '/home/alecr/HRI_ws/build/dynamixel_workbench' returned '0': AMENT_PREFIX_PATH=/home/alecr/HRI_ws/install/dynamixel_workbench_toolbox:/home/alecr/HRI_ws/install/dynamixel_sdk:${AMENT_PREFIX_PATH} CMAKE_PREFIX_PATH=/home/alecr/HRI_ws/install/dynamixel_workbench_toolbox:/home/alecr/HRI_ws/install/dynamixel_sdk:/opt/ros/humble LD_LIBRARY_PATH=/home/alecr/HRI_ws/install/dynamixel_workbench_toolbox/lib:/home/alecr/HRI_ws/install/dynamixel_sdk/lib:${LD_LIBRARY_PATH} /usr/bin/cmake --build /home/alecr/HRI_ws/build/dynamixel_workbench -- -j16 -l16
[0.775s] Invoking command in '/home/alecr/HRI_ws/build/dynamixel_workbench': AMENT_PREFIX_PATH=/home/alecr/HRI_ws/install/dynamixel_workbench_toolbox:/home/alecr/HRI_ws/install/dynamixel_sdk:${AMENT_PREFIX_PATH} CMAKE_PREFIX_PATH=/home/alecr/HRI_ws/install/dynamixel_workbench_toolbox:/home/alecr/HRI_ws/install/dynamixel_sdk:/opt/ros/humble LD_LIBRARY_PATH=/home/alecr/HRI_ws/install/dynamixel_workbench_toolbox/lib:/home/alecr/HRI_ws/install/dynamixel_sdk/lib:${LD_LIBRARY_PATH} /usr/bin/cmake --install /home/alecr/HRI_ws/build/dynamixel_workbench
[0.792s] -- Install configuration: ""
[0.792s] -- Installing: /home/alecr/HRI_ws/install/dynamixel_workbench/share/ament_index/resource_index/package_run_dependencies/dynamixel_workbench
[0.792s] -- Installing: /home/alecr/HRI_ws/install/dynamixel_workbench/share/ament_index/resource_index/parent_prefix_path/dynamixel_workbench
[0.792s] -- Installing: /home/alecr/HRI_ws/install/dynamixel_workbench/share/dynamixel_workbench/environment/ament_prefix_path.sh
[0.792s] -- Installing: /home/alecr/HRI_ws/install/dynamixel_workbench/share/dynamixel_workbench/environment/ament_prefix_path.dsv
[0.793s] -- Installing: /home/alecr/HRI_ws/install/dynamixel_workbench/share/dynamixel_workbench/environment/path.sh
[0.793s] -- Installing: /home/alecr/HRI_ws/install/dynamixel_workbench/share/dynamixel_workbench/environment/path.dsv
[0.793s] -- Installing: /home/alecr/HRI_ws/install/dynamixel_workbench/share/dynamixel_workbench/local_setup.bash
[0.793s] -- Installing: /home/alecr/HRI_ws/install/dynamixel_workbench/share/dynamixel_workbench/local_setup.sh
[0.793s] -- Installing: /home/alecr/HRI_ws/install/dynamixel_workbench/share/dynamixel_workbench/local_setup.zsh
[0.793s] -- Installing: /home/alecr/HRI_ws/install/dynamixel_workbench/share/dynamixel_workbench/local_setup.dsv
[0.794s] -- Installing: /home/alecr/HRI_ws/install/dynamixel_workbench/share/dynamixel_workbench/package.dsv
[0.794s] -- Installing: /home/alecr/HRI_ws/install/dynamixel_workbench/share/ament_index/resource_index/packages/dynamixel_workbench
[0.794s] -- Installing: /home/alecr/HRI_ws/install/dynamixel_workbench/share/dynamixel_workbench/cmake/dynamixel_workbenchConfig.cmake
[0.794s] -- Installing: /home/alecr/HRI_ws/install/dynamixel_workbench/share/dynamixel_workbench/cmake/dynamixel_workbenchConfig-version.cmake
[0.794s] -- Installing: /home/alecr/HRI_ws/install/dynamixel_workbench/share/dynamixel_workbench/package.xml
[0.812s] Invoked command in '/home/alecr/HRI_ws/build/dynamixel_workbench' returned '0': AMENT_PREFIX_PATH=/home/alecr/HRI_ws/install/dynamixel_workbench_toolbox:/home/alecr/HRI_ws/install/dynamixel_sdk:${AMENT_PREFIX_PATH} CMAKE_PREFIX_PATH=/home/alecr/HRI_ws/install/dynamixel_workbench_toolbox:/home/alecr/HRI_ws/install/dynamixel_sdk:/opt/ros/humble LD_LIBRARY_PATH=/home/alecr/HRI_ws/install/dynamixel_workbench_toolbox/lib:/home/alecr/HRI_ws/install/dynamixel_sdk/lib:${LD_LIBRARY_PATH} /usr/bin/cmake --install /home/alecr/HRI_ws/build/dynamixel_workbench
