[0.023s] Invoking command in '/home/alecr/HRI/build/cmake_modules': CMAKE_PREFIX_PATH=${CMAKE_PREFIX_PATH}:/home/alecr/HRI/install/rbe500_example_py:/home/alecr/ros2_ws/install/moveit_configs_utils:/home/alecr/ros2_ws/install/mqp_ros:/home/alecr/ros2_ws/install/mqp:/home/alecr/ros2_ws/install/launch_param_builder:/home/alecr/ros2_ws/install/MQP:/home/alecr/ros2_ws/install/HRI:/opt/ros/humble /usr/bin/cmake /home/alecr/HRI/src/open_manipulator_dependencies/cmake_modules -DCMAKE_INSTALL_PREFIX=/home/alecr/HRI/install/cmake_modules
[0.097s] -- The C compiler identification is GNU 11.4.0
[0.139s] -- The CXX compiler identification is GNU 11.4.0
[0.145s] -- Detecting C compiler ABI info
[0.192s] -- Detecting C compiler ABI info - done
[0.198s] -- Check for working C compiler: /usr/bin/cc - skipped
[0.198s] -- Detecting C compile features
[0.199s] -- Detecting C compile features - done
[0.200s] -- Detecting CXX compiler ABI info
[0.259s] -- Detecting CXX compiler ABI info - done
[0.264s] -- Check for working CXX compiler: /usr/bin/c++ - skipped
[0.264s] -- Detecting CXX compile features
[0.264s] -- Detecting CXX compile features - done
[0.268s] -- Found ament_cmake: 1.3.14 (/opt/ros/humble/share/ament_cmake/cmake)
[0.392s] -- Found Python3: /usr/bin/python3 (found version "3.10.12") found components: Interpreter 
[0.534s] -- Configuring done
[0.536s] -- Generating done
[0.537s] -- Build files have been written to: /home/alecr/HRI/build/cmake_modules
[0.539s] Invoked command in '/home/alecr/HRI/build/cmake_modules' returned '0': CMAKE_PREFIX_PATH=${CMAKE_PREFIX_PATH}:/home/alecr/HRI/install/rbe500_example_py:/home/alecr/ros2_ws/install/moveit_configs_utils:/home/alecr/ros2_ws/install/mqp_ros:/home/alecr/ros2_ws/install/mqp:/home/alecr/ros2_ws/install/launch_param_builder:/home/alecr/ros2_ws/install/MQP:/home/alecr/ros2_ws/install/HRI:/opt/ros/humble /usr/bin/cmake /home/alecr/HRI/src/open_manipulator_dependencies/cmake_modules -DCMAKE_INSTALL_PREFIX=/home/alecr/HRI/install/cmake_modules
[0.541s] Invoking command in '/home/alecr/HRI/build/cmake_modules': CMAKE_PREFIX_PATH=${CMAKE_PREFIX_PATH}:/home/alecr/HRI/install/rbe500_example_py:/home/alecr/ros2_ws/install/moveit_configs_utils:/home/alecr/ros2_ws/install/mqp_ros:/home/alecr/ros2_ws/install/mqp:/home/alecr/ros2_ws/install/launch_param_builder:/home/alecr/ros2_ws/install/MQP:/home/alecr/ros2_ws/install/HRI:/opt/ros/humble /usr/bin/cmake --build /home/alecr/HRI/build/cmake_modules -- -j16 -l16
[0.575s] Invoked command in '/home/alecr/HRI/build/cmake_modules' returned '0': CMAKE_PREFIX_PATH=${CMAKE_PREFIX_PATH}:/home/alecr/HRI/install/rbe500_example_py:/home/alecr/ros2_ws/install/moveit_configs_utils:/home/alecr/ros2_ws/install/mqp_ros:/home/alecr/ros2_ws/install/mqp:/home/alecr/ros2_ws/install/launch_param_builder:/home/alecr/ros2_ws/install/MQP:/home/alecr/ros2_ws/install/HRI:/opt/ros/humble /usr/bin/cmake --build /home/alecr/HRI/build/cmake_modules -- -j16 -l16
[0.582s] Invoking command in '/home/alecr/HRI/build/cmake_modules': CMAKE_PREFIX_PATH=${CMAKE_PREFIX_PATH}:/home/alecr/HRI/install/rbe500_example_py:/home/alecr/ros2_ws/install/moveit_configs_utils:/home/alecr/ros2_ws/install/mqp_ros:/home/alecr/ros2_ws/install/mqp:/home/alecr/ros2_ws/install/launch_param_builder:/home/alecr/ros2_ws/install/MQP:/home/alecr/ros2_ws/install/HRI:/opt/ros/humble /usr/bin/cmake --install /home/alecr/HRI/build/cmake_modules
[0.588s] -- Install configuration: ""
[0.588s] -- Up-to-date: /home/alecr/HRI/install/cmake_modules/share/cmake_modules/cmake/Modules
[0.589s] -- Up-to-date: /home/alecr/HRI/install/cmake_modules/share/cmake_modules/cmake/Modules/FindXenomai.cmake
[0.589s] -- Up-to-date: /home/alecr/HRI/install/cmake_modules/share/cmake_modules/cmake/Modules/FindTBB.cmake
[0.589s] -- Up-to-date: /home/alecr/HRI/install/cmake_modules/share/cmake_modules/cmake/Modules/FindNUMPY.cmake
[0.589s] -- Up-to-date: /home/alecr/HRI/install/cmake_modules/share/cmake_modules/cmake/Modules/FindUUID.cmake
[0.589s] -- Up-to-date: /home/alecr/HRI/install/cmake_modules/share/cmake_modules/cmake/Modules/FindPoco.cmake
[0.589s] -- Up-to-date: /home/alecr/HRI/install/cmake_modules/share/cmake_modules/cmake/Modules/FindGflags.cmake
[0.589s] -- Up-to-date: /home/alecr/HRI/install/cmake_modules/share/cmake_modules/cmake/Modules/FindTinyXML2.cmake
[0.589s] -- Up-to-date: /home/alecr/HRI/install/cmake_modules/share/cmake_modules/cmake/Modules/FindGSL.cmake
[0.589s] -- Up-to-date: /home/alecr/HRI/install/cmake_modules/share/cmake_modules/cmake/Modules/FindTinyXML.cmake
[0.589s] -- Up-to-date: /home/alecr/HRI/install/cmake_modules/share/ament_index/resource_index/package_run_dependencies/cmake_modules
[0.589s] -- Installing: /home/alecr/HRI/install/cmake_modules/share/ament_index/resource_index/parent_prefix_path/cmake_modules
[0.589s] -- Installing: /home/alecr/HRI/install/cmake_modules/share/cmake_modules/environment/ament_prefix_path.sh
[0.589s] -- Installing: /home/alecr/HRI/install/cmake_modules/share/cmake_modules/environment/ament_prefix_path.dsv
[0.589s] -- Installing: /home/alecr/HRI/install/cmake_modules/share/cmake_modules/environment/path.sh
[0.589s] -- Installing: /home/alecr/HRI/install/cmake_modules/share/cmake_modules/environment/path.dsv
[0.589s] -- Up-to-date: /home/alecr/HRI/install/cmake_modules/share/cmake_modules/local_setup.bash
[0.589s] -- Installing: /home/alecr/HRI/install/cmake_modules/share/cmake_modules/local_setup.sh
[0.589s] -- Up-to-date: /home/alecr/HRI/install/cmake_modules/share/cmake_modules/local_setup.zsh
[0.589s] -- Installing: /home/alecr/HRI/install/cmake_modules/share/cmake_modules/local_setup.dsv
[0.589s] -- Installing: /home/alecr/HRI/install/cmake_modules/share/cmake_modules/package.dsv
[0.589s] -- Up-to-date: /home/alecr/HRI/install/cmake_modules/share/ament_index/resource_index/packages/cmake_modules
[0.589s] -- Installing: /home/alecr/HRI/install/cmake_modules/share/cmake_modules/cmake/cmake_modules-extras.cmake
[0.589s] -- Up-to-date: /home/alecr/HRI/install/cmake_modules/share/cmake_modules/cmake/ament_cmake_export_dependencies-extras.cmake
[0.589s] -- Up-to-date: /home/alecr/HRI/install/cmake_modules/share/cmake_modules/cmake/cmake_modulesConfig.cmake
[0.589s] -- Up-to-date: /home/alecr/HRI/install/cmake_modules/share/cmake_modules/cmake/cmake_modulesConfig-version.cmake
[0.589s] -- Up-to-date: /home/alecr/HRI/install/cmake_modules/share/cmake_modules/package.xml
[0.591s] Invoked command in '/home/alecr/HRI/build/cmake_modules' returned '0': CMAKE_PREFIX_PATH=${CMAKE_PREFIX_PATH}:/home/alecr/HRI/install/rbe500_example_py:/home/alecr/ros2_ws/install/moveit_configs_utils:/home/alecr/ros2_ws/install/mqp_ros:/home/alecr/ros2_ws/install/mqp:/home/alecr/ros2_ws/install/launch_param_builder:/home/alecr/ros2_ws/install/MQP:/home/alecr/ros2_ws/install/HRI:/opt/ros/humble /usr/bin/cmake --install /home/alecr/HRI/build/cmake_modules
