[0.028s] Invoking command in '/home/alecr/HRI_ws/build/dynamixel_sdk_examples': AMENT_PREFIX_PATH=/home/alecr/HRI_ws/install/dynamixel_sdk_custom_interfaces:/home/alecr/HRI_ws/install/dynamixel_sdk:${AMENT_PREFIX_PATH} CMAKE_PREFIX_PATH=/home/alecr/HRI_ws/install/dynamixel_sdk_custom_interfaces:/home/alecr/HRI_ws/install/dynamixel_sdk:/opt/ros/humble LD_LIBRARY_PATH=/home/alecr/HRI_ws/install/dynamixel_sdk_custom_interfaces/lib:/home/alecr/HRI_ws/install/dynamixel_sdk/lib:${LD_LIBRARY_PATH} PYTHONPATH=/home/alecr/HRI_ws/install/dynamixel_sdk_custom_interfaces/local/lib/python3.10/dist-packages:${PYTHONPATH} /usr/bin/cmake /home/alecr/HRI_ws/src/DynamixelSDK/dynamixel_sdk_examples -DCMAKE_INSTALL_PREFIX=/home/alecr/HRI_ws/install/dynamixel_sdk_examples
[0.127s] -- The C compiler identification is GNU 11.4.0
[0.226s] -- The CXX compiler identification is GNU 11.4.0
[0.241s] -- Detecting C compiler ABI info
[0.363s] -- Detecting C compiler ABI info - done
[0.370s] -- Check for working C compiler: /usr/bin/cc - skipped
[0.373s] -- Detecting C compile features
[0.373s] -- Detecting C compile features - done
[0.374s] -- Detecting CXX compiler ABI info
[0.458s] -- Detecting CXX compiler ABI info - done
[0.464s] -- Check for working CXX compiler: /usr/bin/c++ - skipped
[0.464s] -- Detecting CXX compile features
[0.464s] -- Detecting CXX compile features - done
[0.466s] -- Found ament_cmake: 1.3.14 (/opt/ros/humble/share/ament_cmake/cmake)
[0.583s] -- Found Python3: /usr/bin/python3 (found version "3.10.12") found components: Interpreter 
[0.645s] -- Found dynamixel_sdk: 3.7.60 (/home/alecr/HRI_ws/install/dynamixel_sdk/share/dynamixel_sdk/cmake)
[0.645s] -- Found dynamixel_sdk_custom_interfaces: 3.7.60 (/home/alecr/HRI_ws/install/dynamixel_sdk_custom_interfaces/share/dynamixel_sdk_custom_interfaces/cmake)
[0.668s] -- Found rosidl_generator_c: 3.1.8 (/opt/ros/humble/share/rosidl_generator_c/cmake)
[0.672s] -- Found rosidl_adapter: 3.1.8 (/opt/ros/humble/share/rosidl_adapter/cmake)
[0.678s] -- Found rosidl_generator_cpp: 3.1.8 (/opt/ros/humble/share/rosidl_generator_cpp/cmake)
[0.686s] -- Using all available rosidl_typesupport_c: rosidl_typesupport_fastrtps_c;rosidl_typesupport_introspection_c
[0.696s] -- Using all available rosidl_typesupport_cpp: rosidl_typesupport_fastrtps_cpp;rosidl_typesupport_introspection_cpp
[0.714s] -- Found rclcpp: 16.0.19 (/opt/ros/humble/share/rclcpp/cmake)
[0.739s] -- Found rmw_implementation_cmake: 6.1.2 (/opt/ros/humble/share/rmw_implementation_cmake/cmake)
[0.740s] -- Found rmw_fastrtps_cpp: 6.2.10 (/opt/ros/humble/share/rmw_fastrtps_cpp/cmake)
[0.805s] -- Found OpenSSL: /usr/lib/x86_64-linux-gnu/libcrypto.so (found version "3.0.2")  
[0.823s] -- Found FastRTPS: /opt/ros/humble/include  
[0.851s] -- Using RMW implementation 'rmw_fastrtps_cpp' as default
[0.856s] -- Looking for pthread.h
[0.912s] -- Looking for pthread.h - found
[0.912s] -- Performing Test CMAKE_HAVE_LIBC_PTHREAD
[0.969s] -- Performing Test CMAKE_HAVE_LIBC_PTHREAD - Success
[0.970s] -- Found Threads: TRUE  
[1.007s] -- Found ament_lint_auto: 0.12.15 (/opt/ros/humble/share/ament_lint_auto/cmake)
[1.068s] -- Added test 'copyright' to check source files copyright and LICENSE
[1.068s] -- Added test 'cppcheck' to perform static code analysis on C / C++ code
[1.069s] -- Configured cppcheck include dirs: /home/alecr/HRI_ws/src/DynamixelSDK/dynamixel_sdk_examples/include
[1.069s] -- Configured cppcheck exclude dirs and/or files: 
[1.069s] -- Added test 'cpplint' to check C / C++ code against the Google style
[1.069s] -- Configured cpplint exclude dirs and/or files: 
[1.070s] -- Added test 'lint_cmake' to check CMake code style
[1.070s] -- Added test 'uncrustify' to check C / C++ code style
[1.070s] -- Configured uncrustify additional arguments: 
[1.071s] -- Added test 'xmllint' to check XML markup files
[1.071s] -- Configuring done
[1.077s] -- Generating done
[1.079s] -- Build files have been written to: /home/alecr/HRI_ws/build/dynamixel_sdk_examples
[1.086s] Invoked command in '/home/alecr/HRI_ws/build/dynamixel_sdk_examples' returned '0': AMENT_PREFIX_PATH=/home/alecr/HRI_ws/install/dynamixel_sdk_custom_interfaces:/home/alecr/HRI_ws/install/dynamixel_sdk:${AMENT_PREFIX_PATH} CMAKE_PREFIX_PATH=/home/alecr/HRI_ws/install/dynamixel_sdk_custom_interfaces:/home/alecr/HRI_ws/install/dynamixel_sdk:/opt/ros/humble LD_LIBRARY_PATH=/home/alecr/HRI_ws/install/dynamixel_sdk_custom_interfaces/lib:/home/alecr/HRI_ws/install/dynamixel_sdk/lib:${LD_LIBRARY_PATH} PYTHONPATH=/home/alecr/HRI_ws/install/dynamixel_sdk_custom_interfaces/local/lib/python3.10/dist-packages:${PYTHONPATH} /usr/bin/cmake /home/alecr/HRI_ws/src/DynamixelSDK/dynamixel_sdk_examples -DCMAKE_INSTALL_PREFIX=/home/alecr/HRI_ws/install/dynamixel_sdk_examples
[1.086s] Invoking command in '/home/alecr/HRI_ws/build/dynamixel_sdk_examples': AMENT_PREFIX_PATH=/home/alecr/HRI_ws/install/dynamixel_sdk_custom_interfaces:/home/alecr/HRI_ws/install/dynamixel_sdk:${AMENT_PREFIX_PATH} CMAKE_PREFIX_PATH=/home/alecr/HRI_ws/install/dynamixel_sdk_custom_interfaces:/home/alecr/HRI_ws/install/dynamixel_sdk:/opt/ros/humble LD_LIBRARY_PATH=/home/alecr/HRI_ws/install/dynamixel_sdk_custom_interfaces/lib:/home/alecr/HRI_ws/install/dynamixel_sdk/lib:${LD_LIBRARY_PATH} PYTHONPATH=/home/alecr/HRI_ws/install/dynamixel_sdk_custom_interfaces/local/lib/python3.10/dist-packages:${PYTHONPATH} /usr/bin/cmake --build /home/alecr/HRI_ws/build/dynamixel_sdk_examples -- -j16 -l16
[1.124s] [ 50%] [32mBuilding CXX object CMakeFiles/read_write_node.dir/src/read_write_node.cpp.o[0m
[6.647s] [100%] [32m[1mLinking CXX executable read_write_node[0m
[6.902s] [100%] Built target read_write_node
[6.912s] Invoked command in '/home/alecr/HRI_ws/build/dynamixel_sdk_examples' returned '0': AMENT_PREFIX_PATH=/home/alecr/HRI_ws/install/dynamixel_sdk_custom_interfaces:/home/alecr/HRI_ws/install/dynamixel_sdk:${AMENT_PREFIX_PATH} CMAKE_PREFIX_PATH=/home/alecr/HRI_ws/install/dynamixel_sdk_custom_interfaces:/home/alecr/HRI_ws/install/dynamixel_sdk:/opt/ros/humble LD_LIBRARY_PATH=/home/alecr/HRI_ws/install/dynamixel_sdk_custom_interfaces/lib:/home/alecr/HRI_ws/install/dynamixel_sdk/lib:${LD_LIBRARY_PATH} PYTHONPATH=/home/alecr/HRI_ws/install/dynamixel_sdk_custom_interfaces/local/lib/python3.10/dist-packages:${PYTHONPATH} /usr/bin/cmake --build /home/alecr/HRI_ws/build/dynamixel_sdk_examples -- -j16 -l16
[6.912s] Invoking command in '/home/alecr/HRI_ws/build/dynamixel_sdk_examples': AMENT_PREFIX_PATH=/home/alecr/HRI_ws/install/dynamixel_sdk_custom_interfaces:/home/alecr/HRI_ws/install/dynamixel_sdk:${AMENT_PREFIX_PATH} CMAKE_PREFIX_PATH=/home/alecr/HRI_ws/install/dynamixel_sdk_custom_interfaces:/home/alecr/HRI_ws/install/dynamixel_sdk:/opt/ros/humble LD_LIBRARY_PATH=/home/alecr/HRI_ws/install/dynamixel_sdk_custom_interfaces/lib:/home/alecr/HRI_ws/install/dynamixel_sdk/lib:${LD_LIBRARY_PATH} PYTHONPATH=/home/alecr/HRI_ws/install/dynamixel_sdk_custom_interfaces/local/lib/python3.10/dist-packages:${PYTHONPATH} /usr/bin/cmake --install /home/alecr/HRI_ws/build/dynamixel_sdk_examples
[6.917s] -- Install configuration: ""
[6.917s] -- Installing: /home/alecr/HRI_ws/install/dynamixel_sdk_examples/lib/dynamixel_sdk_examples/read_write_node
[6.919s] -- Set runtime path of "/home/alecr/HRI_ws/install/dynamixel_sdk_examples/lib/dynamixel_sdk_examples/read_write_node" to ""
[6.919s] -- Installing: /home/alecr/HRI_ws/install/dynamixel_sdk_examples/share/ament_index/resource_index/package_run_dependencies/dynamixel_sdk_examples
[6.919s] -- Installing: /home/alecr/HRI_ws/install/dynamixel_sdk_examples/share/ament_index/resource_index/parent_prefix_path/dynamixel_sdk_examples
[6.919s] -- Installing: /home/alecr/HRI_ws/install/dynamixel_sdk_examples/share/dynamixel_sdk_examples/environment/ament_prefix_path.sh
[6.919s] -- Installing: /home/alecr/HRI_ws/install/dynamixel_sdk_examples/share/dynamixel_sdk_examples/environment/ament_prefix_path.dsv
[6.919s] -- Installing: /home/alecr/HRI_ws/install/dynamixel_sdk_examples/share/dynamixel_sdk_examples/environment/path.sh
[6.919s] -- Installing: /home/alecr/HRI_ws/install/dynamixel_sdk_examples/share/dynamixel_sdk_examples/environment/path.dsv
[6.919s] -- Installing: /home/alecr/HRI_ws/install/dynamixel_sdk_examples/share/dynamixel_sdk_examples/local_setup.bash
[6.920s] -- Installing: /home/alecr/HRI_ws/install/dynamixel_sdk_examples/share/dynamixel_sdk_examples/local_setup.sh
[6.920s] -- Installing: /home/alecr/HRI_ws/install/dynamixel_sdk_examples/share/dynamixel_sdk_examples/local_setup.zsh
[6.920s] -- Installing: /home/alecr/HRI_ws/install/dynamixel_sdk_examples/share/dynamixel_sdk_examples/local_setup.dsv
[6.920s] -- Installing: /home/alecr/HRI_ws/install/dynamixel_sdk_examples/share/dynamixel_sdk_examples/package.dsv
[6.920s] -- Installing: /home/alecr/HRI_ws/install/dynamixel_sdk_examples/share/ament_index/resource_index/packages/dynamixel_sdk_examples
[6.920s] -- Installing: /home/alecr/HRI_ws/install/dynamixel_sdk_examples/share/dynamixel_sdk_examples/cmake/dynamixel_sdk_examplesConfig.cmake
[6.920s] -- Installing: /home/alecr/HRI_ws/install/dynamixel_sdk_examples/share/dynamixel_sdk_examples/cmake/dynamixel_sdk_examplesConfig-version.cmake
[6.920s] -- Installing: /home/alecr/HRI_ws/install/dynamixel_sdk_examples/share/dynamixel_sdk_examples/package.xml
[6.921s] Invoked command in '/home/alecr/HRI_ws/build/dynamixel_sdk_examples' returned '0': AMENT_PREFIX_PATH=/home/alecr/HRI_ws/install/dynamixel_sdk_custom_interfaces:/home/alecr/HRI_ws/install/dynamixel_sdk:${AMENT_PREFIX_PATH} CMAKE_PREFIX_PATH=/home/alecr/HRI_ws/install/dynamixel_sdk_custom_interfaces:/home/alecr/HRI_ws/install/dynamixel_sdk:/opt/ros/humble LD_LIBRARY_PATH=/home/alecr/HRI_ws/install/dynamixel_sdk_custom_interfaces/lib:/home/alecr/HRI_ws/install/dynamixel_sdk/lib:${LD_LIBRARY_PATH} PYTHONPATH=/home/alecr/HRI_ws/install/dynamixel_sdk_custom_interfaces/local/lib/python3.10/dist-packages:${PYTHONPATH} /usr/bin/cmake --install /home/alecr/HRI_ws/build/dynamixel_sdk_examples
