[0.020s] Invoking command in '/home/alecr/HRI_ws/build/open_manipulator_x_controller': AMENT_PREFIX_PATH=/home/alecr/HRI_ws/install/open_manipulator_x_libs:/home/alecr/HRI_ws/install/robotis_manipulator:/home/alecr/HRI_ws/install/dynamixel_workbench_toolbox:/home/alecr/HRI_ws/install/open_manipulator_msgs:/home/alecr/HRI_ws/install/dynamixel_sdk:/home/alecr/HRI_ws/install/cmake_modules:${AMENT_PREFIX_PATH} CMAKE_PREFIX_PATH=/home/alecr/HRI_ws/install/open_manipulator_x_libs:/home/alecr/HRI_ws/install/robotis_manipulator:/home/alecr/HRI_ws/install/dynamixel_workbench_toolbox:/home/alecr/HRI_ws/install/open_manipulator_msgs:/home/alecr/HRI_ws/install/dynamixel_sdk:/home/alecr/HRI_ws/install/cmake_modules:/opt/ros/humble LD_LIBRARY_PATH=/home/alecr/HRI_ws/install/open_manipulator_x_libs/lib:/home/alecr/HRI_ws/install/robotis_manipulator/lib:/home/alecr/HRI_ws/install/dynamixel_workbench_toolbox/lib:/home/alecr/HRI_ws/install/open_manipulator_msgs/lib:/home/alecr/HRI_ws/install/dynamixel_sdk/lib:${LD_LIBRARY_PATH} PYTHONPATH=/home/alecr/HRI_ws/install/open_manipulator_msgs/local/lib/python3.10/dist-packages:${PYTHONPATH} /usr/bin/cmake /home/alecr/HRI_ws/src/open_manipulator/open_manipulator_x_controller -DCMAKE_INSTALL_PREFIX=/home/alecr/HRI_ws/install/open_manipulator_x_controller
[0.087s] -- The C compiler identification is GNU 11.4.0
[0.151s] -- The CXX compiler identification is GNU 11.4.0
[0.156s] -- Detecting C compiler ABI info
[0.250s] -- Detecting C compiler ABI info - done
[0.255s] -- Check for working C compiler: /usr/bin/cc - skipped
[0.255s] -- Detecting C compile features
[0.256s] -- Detecting C compile features - done
[0.258s] -- Detecting CXX compiler ABI info
[0.377s] -- Detecting CXX compiler ABI info - done
[0.381s] -- Check for working CXX compiler: /usr/bin/c++ - skipped
[0.382s] -- Detecting CXX compile features
[0.382s] -- Detecting CXX compile features - done
[0.384s] -- Found ament_cmake: 1.3.14 (/opt/ros/humble/share/ament_cmake/cmake)
[0.508s] -- Found Python3: /usr/bin/python3 (found version "3.10.12") found components: Interpreter 
[0.574s] -- Found geometry_msgs: 4.9.1 (/opt/ros/humble/share/geometry_msgs/cmake)
[0.600s] -- Found rosidl_generator_c: 3.1.8 (/opt/ros/humble/share/rosidl_generator_c/cmake)
[0.604s] -- Found rosidl_adapter: 3.1.8 (/opt/ros/humble/share/rosidl_adapter/cmake)
[0.610s] -- Found rosidl_generator_cpp: 3.1.8 (/opt/ros/humble/share/rosidl_generator_cpp/cmake)
[0.618s] -- Using all available rosidl_typesupport_c: rosidl_typesupport_fastrtps_c;rosidl_typesupport_introspection_c
[0.629s] -- Using all available rosidl_typesupport_cpp: rosidl_typesupport_fastrtps_cpp;rosidl_typesupport_introspection_cpp
[0.655s] -- Found open_manipulator_msgs: 2.2.0 (/home/alecr/HRI_ws/install/open_manipulator_msgs/share/open_manipulator_msgs/cmake)
[0.666s] -- Found open_manipulator_x_libs: 2.3.0 (/home/alecr/HRI_ws/install/open_manipulator_x_libs/share/open_manipulator_x_libs/cmake)
[0.700s] -- Found rmw_implementation_cmake: 6.1.2 (/opt/ros/humble/share/rmw_implementation_cmake/cmake)
[0.702s] -- Found rmw_fastrtps_cpp: 6.2.10 (/opt/ros/humble/share/rmw_fastrtps_cpp/cmake)
[0.799s] -- Found OpenSSL: /usr/lib/x86_64-linux-gnu/libcrypto.so (found version "3.0.2")  
[0.833s] -- Found FastRTPS: /opt/ros/humble/include  
[0.862s] -- Using RMW implementation 'rmw_fastrtps_cpp' as default
[0.868s] -- Looking for pthread.h
[0.954s] -- Looking for pthread.h - found
[0.954s] -- Performing Test CMAKE_HAVE_LIBC_PTHREAD
[1.090s] -- Performing Test CMAKE_HAVE_LIBC_PTHREAD - Success
[1.092s] -- Found Threads: TRUE  
[1.134s] -- Found sensor_msgs: 4.9.1 (/opt/ros/humble/share/sensor_msgs/cmake)
[1.149s] -- Found trajectory_msgs: 4.9.1 (/opt/ros/humble/share/trajectory_msgs/cmake)
[1.210s] -- Configuring done
[1.220s] -- Generating done
[1.223s] -- Build files have been written to: /home/alecr/HRI_ws/build/open_manipulator_x_controller
[1.230s] Invoked command in '/home/alecr/HRI_ws/build/open_manipulator_x_controller' returned '0': AMENT_PREFIX_PATH=/home/alecr/HRI_ws/install/open_manipulator_x_libs:/home/alecr/HRI_ws/install/robotis_manipulator:/home/alecr/HRI_ws/install/dynamixel_workbench_toolbox:/home/alecr/HRI_ws/install/open_manipulator_msgs:/home/alecr/HRI_ws/install/dynamixel_sdk:/home/alecr/HRI_ws/install/cmake_modules:${AMENT_PREFIX_PATH} CMAKE_PREFIX_PATH=/home/alecr/HRI_ws/install/open_manipulator_x_libs:/home/alecr/HRI_ws/install/robotis_manipulator:/home/alecr/HRI_ws/install/dynamixel_workbench_toolbox:/home/alecr/HRI_ws/install/open_manipulator_msgs:/home/alecr/HRI_ws/install/dynamixel_sdk:/home/alecr/HRI_ws/install/cmake_modules:/opt/ros/humble LD_LIBRARY_PATH=/home/alecr/HRI_ws/install/open_manipulator_x_libs/lib:/home/alecr/HRI_ws/install/robotis_manipulator/lib:/home/alecr/HRI_ws/install/dynamixel_workbench_toolbox/lib:/home/alecr/HRI_ws/install/open_manipulator_msgs/lib:/home/alecr/HRI_ws/install/dynamixel_sdk/lib:${LD_LIBRARY_PATH} PYTHONPATH=/home/alecr/HRI_ws/install/open_manipulator_msgs/local/lib/python3.10/dist-packages:${PYTHONPATH} /usr/bin/cmake /home/alecr/HRI_ws/src/open_manipulator/open_manipulator_x_controller -DCMAKE_INSTALL_PREFIX=/home/alecr/HRI_ws/install/open_manipulator_x_controller
[1.230s] Invoking command in '/home/alecr/HRI_ws/build/open_manipulator_x_controller': AMENT_PREFIX_PATH=/home/alecr/HRI_ws/install/open_manipulator_x_libs:/home/alecr/HRI_ws/install/robotis_manipulator:/home/alecr/HRI_ws/install/dynamixel_workbench_toolbox:/home/alecr/HRI_ws/install/open_manipulator_msgs:/home/alecr/HRI_ws/install/dynamixel_sdk:/home/alecr/HRI_ws/install/cmake_modules:${AMENT_PREFIX_PATH} CMAKE_PREFIX_PATH=/home/alecr/HRI_ws/install/open_manipulator_x_libs:/home/alecr/HRI_ws/install/robotis_manipulator:/home/alecr/HRI_ws/install/dynamixel_workbench_toolbox:/home/alecr/HRI_ws/install/open_manipulator_msgs:/home/alecr/HRI_ws/install/dynamixel_sdk:/home/alecr/HRI_ws/install/cmake_modules:/opt/ros/humble LD_LIBRARY_PATH=/home/alecr/HRI_ws/install/open_manipulator_x_libs/lib:/home/alecr/HRI_ws/install/robotis_manipulator/lib:/home/alecr/HRI_ws/install/dynamixel_workbench_toolbox/lib:/home/alecr/HRI_ws/install/open_manipulator_msgs/lib:/home/alecr/HRI_ws/install/dynamixel_sdk/lib:${LD_LIBRARY_PATH} PYTHONPATH=/home/alecr/HRI_ws/install/open_manipulator_msgs/local/lib/python3.10/dist-packages:${PYTHONPATH} /usr/bin/cmake --build /home/alecr/HRI_ws/build/open_manipulator_x_controller -- -j16 -l16
[1.301s] [ 50%] [32mBuilding CXX object CMakeFiles/open_manipulator_x_controller.dir/src/open_manipulator_x_controller.cpp.o[0m
[3.453s] [01m[K/home/alecr/HRI_ws/src/open_manipulator/open_manipulator_x_controller/src/open_manipulator_x_controller.cpp:[m[K In member function ‘[01m[Kvoid open_manipulator_x_controller::OpenManipulatorXController::init_publisher()[m[K’:
[3.453s] [01m[K/home/alecr/HRI_ws/src/open_manipulator/open_manipulator_x_controller/src/open_manipulator_x_controller.cpp:103:21:[m[K [01;35m[Kwarning: [m[Kunused variable ‘[01m[Kname[m[K’ [[01;35m[K]8;;https://gcc.gnu.org/onlinedocs/gcc/Warning-Options.html#index-Wunused-variable-Wunused-variable]8;;[m[K]
[3.453s]   103 |   for (auto const & [01;35m[Kname[m[K:tools_name)
[3.453s]       |                     [01;35m[K^~~~[m[K
[9.553s] [100%] [32m[1mLinking CXX executable open_manipulator_x_controller[0m
[10.066s] [100%] Built target open_manipulator_x_controller
[10.074s] Invoked command in '/home/alecr/HRI_ws/build/open_manipulator_x_controller' returned '0': AMENT_PREFIX_PATH=/home/alecr/HRI_ws/install/open_manipulator_x_libs:/home/alecr/HRI_ws/install/robotis_manipulator:/home/alecr/HRI_ws/install/dynamixel_workbench_toolbox:/home/alecr/HRI_ws/install/open_manipulator_msgs:/home/alecr/HRI_ws/install/dynamixel_sdk:/home/alecr/HRI_ws/install/cmake_modules:${AMENT_PREFIX_PATH} CMAKE_PREFIX_PATH=/home/alecr/HRI_ws/install/open_manipulator_x_libs:/home/alecr/HRI_ws/install/robotis_manipulator:/home/alecr/HRI_ws/install/dynamixel_workbench_toolbox:/home/alecr/HRI_ws/install/open_manipulator_msgs:/home/alecr/HRI_ws/install/dynamixel_sdk:/home/alecr/HRI_ws/install/cmake_modules:/opt/ros/humble LD_LIBRARY_PATH=/home/alecr/HRI_ws/install/open_manipulator_x_libs/lib:/home/alecr/HRI_ws/install/robotis_manipulator/lib:/home/alecr/HRI_ws/install/dynamixel_workbench_toolbox/lib:/home/alecr/HRI_ws/install/open_manipulator_msgs/lib:/home/alecr/HRI_ws/install/dynamixel_sdk/lib:${LD_LIBRARY_PATH} PYTHONPATH=/home/alecr/HRI_ws/install/open_manipulator_msgs/local/lib/python3.10/dist-packages:${PYTHONPATH} /usr/bin/cmake --build /home/alecr/HRI_ws/build/open_manipulator_x_controller -- -j16 -l16
[10.076s] Invoking command in '/home/alecr/HRI_ws/build/open_manipulator_x_controller': AMENT_PREFIX_PATH=/home/alecr/HRI_ws/install/open_manipulator_x_libs:/home/alecr/HRI_ws/install/robotis_manipulator:/home/alecr/HRI_ws/install/dynamixel_workbench_toolbox:/home/alecr/HRI_ws/install/open_manipulator_msgs:/home/alecr/HRI_ws/install/dynamixel_sdk:/home/alecr/HRI_ws/install/cmake_modules:${AMENT_PREFIX_PATH} CMAKE_PREFIX_PATH=/home/alecr/HRI_ws/install/open_manipulator_x_libs:/home/alecr/HRI_ws/install/robotis_manipulator:/home/alecr/HRI_ws/install/dynamixel_workbench_toolbox:/home/alecr/HRI_ws/install/open_manipulator_msgs:/home/alecr/HRI_ws/install/dynamixel_sdk:/home/alecr/HRI_ws/install/cmake_modules:/opt/ros/humble LD_LIBRARY_PATH=/home/alecr/HRI_ws/install/open_manipulator_x_libs/lib:/home/alecr/HRI_ws/install/robotis_manipulator/lib:/home/alecr/HRI_ws/install/dynamixel_workbench_toolbox/lib:/home/alecr/HRI_ws/install/open_manipulator_msgs/lib:/home/alecr/HRI_ws/install/dynamixel_sdk/lib:${LD_LIBRARY_PATH} PYTHONPATH=/home/alecr/HRI_ws/install/open_manipulator_msgs/local/lib/python3.10/dist-packages:${PYTHONPATH} /usr/bin/cmake --install /home/alecr/HRI_ws/build/open_manipulator_x_controller
[10.089s] -- Install configuration: ""
[10.090s] -- Installing: /home/alecr/HRI_ws/install/open_manipulator_x_controller/lib/open_manipulator_x_controller/open_manipulator_x_controller
[10.097s] -- Set runtime path of "/home/alecr/HRI_ws/install/open_manipulator_x_controller/lib/open_manipulator_x_controller/open_manipulator_x_controller" to ""
[10.097s] -- Installing: /home/alecr/HRI_ws/install/open_manipulator_x_controller/share/open_manipulator_x_controller/99-open-manipulator-cdc.rules
[10.097s] -- Installing: /home/alecr/HRI_ws/install/open_manipulator_x_controller/share/open_manipulator_x_controller/launch
[10.097s] -- Installing: /home/alecr/HRI_ws/install/open_manipulator_x_controller/share/open_manipulator_x_controller/launch/open_manipulator_x_controller.launch.py
[10.097s] -- Installing: /home/alecr/HRI_ws/install/open_manipulator_x_controller/share/open_manipulator_x_controller/param
[10.097s] -- Installing: /home/alecr/HRI_ws/install/open_manipulator_x_controller/share/open_manipulator_x_controller/param/open_manipulator_x_controller_params.yaml
[10.098s] -- Installing: /home/alecr/HRI_ws/install/open_manipulator_x_controller/lib/open_manipulator_x_controller/create_udev_rules
[10.098s] -- Installing: /home/alecr/HRI_ws/install/open_manipulator_x_controller/share/ament_index/resource_index/package_run_dependencies/open_manipulator_x_controller
[10.098s] -- Installing: /home/alecr/HRI_ws/install/open_manipulator_x_controller/share/ament_index/resource_index/parent_prefix_path/open_manipulator_x_controller
[10.098s] -- Installing: /home/alecr/HRI_ws/install/open_manipulator_x_controller/share/open_manipulator_x_controller/environment/ament_prefix_path.sh
[10.098s] -- Installing: /home/alecr/HRI_ws/install/open_manipulator_x_controller/share/open_manipulator_x_controller/environment/ament_prefix_path.dsv
[10.098s] -- Installing: /home/alecr/HRI_ws/install/open_manipulator_x_controller/share/open_manipulator_x_controller/environment/path.sh
[10.098s] -- Installing: /home/alecr/HRI_ws/install/open_manipulator_x_controller/share/open_manipulator_x_controller/environment/path.dsv
[10.098s] -- Installing: /home/alecr/HRI_ws/install/open_manipulator_x_controller/share/open_manipulator_x_controller/local_setup.bash
[10.098s] -- Installing: /home/alecr/HRI_ws/install/open_manipulator_x_controller/share/open_manipulator_x_controller/local_setup.sh
[10.098s] -- Installing: /home/alecr/HRI_ws/install/open_manipulator_x_controller/share/open_manipulator_x_controller/local_setup.zsh
[10.098s] -- Installing: /home/alecr/HRI_ws/install/open_manipulator_x_controller/share/open_manipulator_x_controller/local_setup.dsv
[10.098s] -- Installing: /home/alecr/HRI_ws/install/open_manipulator_x_controller/share/open_manipulator_x_controller/package.dsv
[10.098s] -- Installing: /home/alecr/HRI_ws/install/open_manipulator_x_controller/share/ament_index/resource_index/packages/open_manipulator_x_controller
[10.099s] -- Installing: /home/alecr/HRI_ws/install/open_manipulator_x_controller/share/open_manipulator_x_controller/cmake/ament_cmake_export_include_directories-extras.cmake
[10.099s] -- Installing: /home/alecr/HRI_ws/install/open_manipulator_x_controller/share/open_manipulator_x_controller/cmake/ament_cmake_export_dependencies-extras.cmake
[10.099s] -- Installing: /home/alecr/HRI_ws/install/open_manipulator_x_controller/share/open_manipulator_x_controller/cmake/open_manipulator_x_controllerConfig.cmake
[10.099s] -- Installing: /home/alecr/HRI_ws/install/open_manipulator_x_controller/share/open_manipulator_x_controller/cmake/open_manipulator_x_controllerConfig-version.cmake
[10.099s] -- Installing: /home/alecr/HRI_ws/install/open_manipulator_x_controller/share/open_manipulator_x_controller/package.xml
[10.101s] Invoked command in '/home/alecr/HRI_ws/build/open_manipulator_x_controller' returned '0': AMENT_PREFIX_PATH=/home/alecr/HRI_ws/install/open_manipulator_x_libs:/home/alecr/HRI_ws/install/robotis_manipulator:/home/alecr/HRI_ws/install/dynamixel_workbench_toolbox:/home/alecr/HRI_ws/install/open_manipulator_msgs:/home/alecr/HRI_ws/install/dynamixel_sdk:/home/alecr/HRI_ws/install/cmake_modules:${AMENT_PREFIX_PATH} CMAKE_PREFIX_PATH=/home/alecr/HRI_ws/install/open_manipulator_x_libs:/home/alecr/HRI_ws/install/robotis_manipulator:/home/alecr/HRI_ws/install/dynamixel_workbench_toolbox:/home/alecr/HRI_ws/install/open_manipulator_msgs:/home/alecr/HRI_ws/install/dynamixel_sdk:/home/alecr/HRI_ws/install/cmake_modules:/opt/ros/humble LD_LIBRARY_PATH=/home/alecr/HRI_ws/install/open_manipulator_x_libs/lib:/home/alecr/HRI_ws/install/robotis_manipulator/lib:/home/alecr/HRI_ws/install/dynamixel_workbench_toolbox/lib:/home/alecr/HRI_ws/install/open_manipulator_msgs/lib:/home/alecr/HRI_ws/install/dynamixel_sdk/lib:${LD_LIBRARY_PATH} PYTHONPATH=/home/alecr/HRI_ws/install/open_manipulator_msgs/local/lib/python3.10/dist-packages:${PYTHONPATH} /usr/bin/cmake --install /home/alecr/HRI_ws/build/open_manipulator_x_controller
