[0.018s] Invoking command in '/home/alecr/HRI/build/open_manipulator_x_description': CMAKE_PREFIX_PATH=${CMAKE_PREFIX_PATH}:/home/alecr/HRI/install/rbe500_example_py:/home/alecr/ros2_ws/install/moveit_configs_utils:/home/alecr/ros2_ws/install/mqp_ros:/home/alecr/ros2_ws/install/mqp:/home/alecr/ros2_ws/install/launch_param_builder:/home/alecr/ros2_ws/install/MQP:/home/alecr/ros2_ws/install/HRI:/opt/ros/humble /usr/bin/cmake /home/alecr/HRI/src/open_manipulator/open_manipulator_x_description -DCMAKE_INSTALL_PREFIX=/home/alecr/HRI/install/open_manipulator_x_description
[0.094s] -- The C compiler identification is GNU 11.4.0
[0.136s] -- The CXX compiler identification is GNU 11.4.0
[0.141s] -- Detecting C compiler ABI info
[0.188s] -- Detecting C compiler ABI info - done
[0.193s] -- Check for working C compiler: /usr/bin/cc - skipped
[0.193s] -- Detecting C compile features
[0.194s] -- Detecting C compile features - done
[0.195s] -- Detecting CXX compiler ABI info
[0.251s] -- Detecting CXX compiler ABI info - done
[0.256s] -- Check for working CXX compiler: /usr/bin/c++ - skipped
[0.256s] -- Detecting CXX compile features
[0.256s] -- Detecting CXX compile features - done
[0.260s] -- Found ament_cmake: 1.3.14 (/opt/ros/humble/share/ament_cmake/cmake)
[0.390s] -- Found Python3: /usr/bin/python3 (found version "3.10.12") found components: Interpreter 
[0.532s] -- Configuring done
[0.534s] -- Generating done
[0.536s] -- Build files have been written to: /home/alecr/HRI/build/open_manipulator_x_description
[0.540s] Invoked command in '/home/alecr/HRI/build/open_manipulator_x_description' returned '0': CMAKE_PREFIX_PATH=${CMAKE_PREFIX_PATH}:/home/alecr/HRI/install/rbe500_example_py:/home/alecr/ros2_ws/install/moveit_configs_utils:/home/alecr/ros2_ws/install/mqp_ros:/home/alecr/ros2_ws/install/mqp:/home/alecr/ros2_ws/install/launch_param_builder:/home/alecr/ros2_ws/install/MQP:/home/alecr/ros2_ws/install/HRI:/opt/ros/humble /usr/bin/cmake /home/alecr/HRI/src/open_manipulator/open_manipulator_x_description -DCMAKE_INSTALL_PREFIX=/home/alecr/HRI/install/open_manipulator_x_description
[0.541s] Invoking command in '/home/alecr/HRI/build/open_manipulator_x_description': CMAKE_PREFIX_PATH=${CMAKE_PREFIX_PATH}:/home/alecr/HRI/install/rbe500_example_py:/home/alecr/ros2_ws/install/moveit_configs_utils:/home/alecr/ros2_ws/install/mqp_ros:/home/alecr/ros2_ws/install/mqp:/home/alecr/ros2_ws/install/launch_param_builder:/home/alecr/ros2_ws/install/MQP:/home/alecr/ros2_ws/install/HRI:/opt/ros/humble /usr/bin/cmake --build /home/alecr/HRI/build/open_manipulator_x_description -- -j16 -l16
[0.572s] Invoked command in '/home/alecr/HRI/build/open_manipulator_x_description' returned '0': CMAKE_PREFIX_PATH=${CMAKE_PREFIX_PATH}:/home/alecr/HRI/install/rbe500_example_py:/home/alecr/ros2_ws/install/moveit_configs_utils:/home/alecr/ros2_ws/install/mqp_ros:/home/alecr/ros2_ws/install/mqp:/home/alecr/ros2_ws/install/launch_param_builder:/home/alecr/ros2_ws/install/MQP:/home/alecr/ros2_ws/install/HRI:/opt/ros/humble /usr/bin/cmake --build /home/alecr/HRI/build/open_manipulator_x_description -- -j16 -l16
[0.573s] Invoking command in '/home/alecr/HRI/build/open_manipulator_x_description': CMAKE_PREFIX_PATH=${CMAKE_PREFIX_PATH}:/home/alecr/HRI/install/rbe500_example_py:/home/alecr/ros2_ws/install/moveit_configs_utils:/home/alecr/ros2_ws/install/mqp_ros:/home/alecr/ros2_ws/install/mqp:/home/alecr/ros2_ws/install/launch_param_builder:/home/alecr/ros2_ws/install/MQP:/home/alecr/ros2_ws/install/HRI:/opt/ros/humble /usr/bin/cmake --install /home/alecr/HRI/build/open_manipulator_x_description
[0.581s] -- Install configuration: ""
[0.581s] -- Up-to-date: /home/alecr/HRI/install/open_manipulator_x_description/share/open_manipulator_x_description/launch
[0.581s] -- Up-to-date: /home/alecr/HRI/install/open_manipulator_x_description/share/open_manipulator_x_description/launch/open_manipulator_x_rviz.launch.py
[0.581s] -- Up-to-date: /home/alecr/HRI/install/open_manipulator_x_description/share/open_manipulator_x_description/launch/.DS_Store
[0.581s] -- Up-to-date: /home/alecr/HRI/install/open_manipulator_x_description/share/open_manipulator_x_description/meshes
[0.582s] -- Up-to-date: /home/alecr/HRI/install/open_manipulator_x_description/share/open_manipulator_x_description/meshes/chain_link3.stl
[0.582s] -- Up-to-date: /home/alecr/HRI/install/open_manipulator_x_description/share/open_manipulator_x_description/meshes/chain_link4.stl
[0.582s] -- Up-to-date: /home/alecr/HRI/install/open_manipulator_x_description/share/open_manipulator_x_description/meshes/chain_link1.stl
[0.582s] -- Up-to-date: /home/alecr/HRI/install/open_manipulator_x_description/share/open_manipulator_x_description/meshes/chain_link_grip_l.stl
[0.582s] -- Up-to-date: /home/alecr/HRI/install/open_manipulator_x_description/share/open_manipulator_x_description/meshes/chain_link5.stl
[0.582s] -- Up-to-date: /home/alecr/HRI/install/open_manipulator_x_description/share/open_manipulator_x_description/meshes/chain_link_grip_r.stl
[0.582s] -- Up-to-date: /home/alecr/HRI/install/open_manipulator_x_description/share/open_manipulator_x_description/meshes/chain_link2.stl
[0.582s] -- Up-to-date: /home/alecr/HRI/install/open_manipulator_x_description/share/open_manipulator_x_description/rviz
[0.582s] -- Up-to-date: /home/alecr/HRI/install/open_manipulator_x_description/share/open_manipulator_x_description/rviz/open_manipulator_x.rviz
[0.582s] -- Up-to-date: /home/alecr/HRI/install/open_manipulator_x_description/share/open_manipulator_x_description/urdf
[0.582s] -- Up-to-date: /home/alecr/HRI/install/open_manipulator_x_description/share/open_manipulator_x_description/urdf/open_manipulator_x_robot.urdf.xacro
[0.582s] -- Up-to-date: /home/alecr/HRI/install/open_manipulator_x_description/share/open_manipulator_x_description/urdf/open_manipulator_x.urdf.xacro
[0.582s] -- Up-to-date: /home/alecr/HRI/install/open_manipulator_x_description/share/open_manipulator_x_description/urdf/open_manipulator_x.gazebo.xacro
[0.582s] -- Up-to-date: /home/alecr/HRI/install/open_manipulator_x_description/share/open_manipulator_x_description/urdf/materials.xacro
[0.582s] -- Up-to-date: /home/alecr/HRI/install/open_manipulator_x_description/share/open_manipulator_x_description/urdf/open_manipulator_x.transmission.xacro
[0.582s] -- Up-to-date: /home/alecr/HRI/install/open_manipulator_x_description/share/ament_index/resource_index/package_run_dependencies/open_manipulator_x_description
[0.582s] -- Installing: /home/alecr/HRI/install/open_manipulator_x_description/share/ament_index/resource_index/parent_prefix_path/open_manipulator_x_description
[0.582s] -- Installing: /home/alecr/HRI/install/open_manipulator_x_description/share/open_manipulator_x_description/environment/ament_prefix_path.sh
[0.582s] -- Installing: /home/alecr/HRI/install/open_manipulator_x_description/share/open_manipulator_x_description/environment/ament_prefix_path.dsv
[0.582s] -- Installing: /home/alecr/HRI/install/open_manipulator_x_description/share/open_manipulator_x_description/environment/path.sh
[0.582s] -- Installing: /home/alecr/HRI/install/open_manipulator_x_description/share/open_manipulator_x_description/environment/path.dsv
[0.582s] -- Up-to-date: /home/alecr/HRI/install/open_manipulator_x_description/share/open_manipulator_x_description/local_setup.bash
[0.582s] -- Installing: /home/alecr/HRI/install/open_manipulator_x_description/share/open_manipulator_x_description/local_setup.sh
[0.582s] -- Up-to-date: /home/alecr/HRI/install/open_manipulator_x_description/share/open_manipulator_x_description/local_setup.zsh
[0.582s] -- Installing: /home/alecr/HRI/install/open_manipulator_x_description/share/open_manipulator_x_description/local_setup.dsv
[0.582s] -- Installing: /home/alecr/HRI/install/open_manipulator_x_description/share/open_manipulator_x_description/package.dsv
[0.582s] -- Up-to-date: /home/alecr/HRI/install/open_manipulator_x_description/share/ament_index/resource_index/packages/open_manipulator_x_description
[0.582s] -- Up-to-date: /home/alecr/HRI/install/open_manipulator_x_description/share/open_manipulator_x_description/cmake/open_manipulator_x_descriptionConfig.cmake
[0.582s] -- Up-to-date: /home/alecr/HRI/install/open_manipulator_x_description/share/open_manipulator_x_description/cmake/open_manipulator_x_descriptionConfig-version.cmake
[0.583s] -- Up-to-date: /home/alecr/HRI/install/open_manipulator_x_description/share/open_manipulator_x_description/package.xml
[0.608s] Invoked command in '/home/alecr/HRI/build/open_manipulator_x_description' returned '0': CMAKE_PREFIX_PATH=${CMAKE_PREFIX_PATH}:/home/alecr/HRI/install/rbe500_example_py:/home/alecr/ros2_ws/install/moveit_configs_utils:/home/alecr/ros2_ws/install/mqp_ros:/home/alecr/ros2_ws/install/mqp:/home/alecr/ros2_ws/install/launch_param_builder:/home/alecr/ros2_ws/install/MQP:/home/alecr/ros2_ws/install/HRI:/opt/ros/humble /usr/bin/cmake --install /home/alecr/HRI/build/open_manipulator_x_description
