[0.014s] Invoking command in '/home/alecr/HRI/build/open_manipulator_x_controller': AMENT_PREFIX_PATH=/home/alecr/HRI/install/open_manipulator_x_libs:/home/alecr/HRI/install/robotis_manipulator:/home/alecr/HRI/install/dynamixel_workbench_toolbox:/home/alecr/HRI/install/open_manipulator_msgs:/home/alecr/HRI/install/dynamixel_sdk:/home/alecr/HRI/install/cmake_modules CMAKE_PREFIX_PATH=/home/alecr/HRI/install/open_manipulator_x_libs:/home/alecr/HRI/install/robotis_manipulator:/home/alecr/HRI/install/dynamixel_workbench_toolbox:/home/alecr/HRI/install/open_manipulator_msgs:/home/alecr/HRI/install/dynamixel_sdk:/home/alecr/HRI/install/cmake_modules LD_LIBRARY_PATH=/home/alecr/HRI/install/open_manipulator_x_libs/lib:/home/alecr/HRI/install/robotis_manipulator/lib:/home/alecr/HRI/install/dynamixel_workbench_toolbox/lib:/home/alecr/HRI/install/open_manipulator_msgs/lib:/home/alecr/HRI/install/dynamixel_sdk/lib PYTHONPATH=/home/alecr/HRI/install/open_manipulator_msgs/local/lib/python3.10/dist-packages /usr/bin/cmake --build /home/alecr/HRI/build/open_manipulator_x_controller -- -j16 -l16
[0.070s] [100%] Built target open_manipulator_x_controller
[0.079s] Invoked command in '/home/alecr/HRI/build/open_manipulator_x_controller' returned '0': AMENT_PREFIX_PATH=/home/alecr/HRI/install/open_manipulator_x_libs:/home/alecr/HRI/install/robotis_manipulator:/home/alecr/HRI/install/dynamixel_workbench_toolbox:/home/alecr/HRI/install/open_manipulator_msgs:/home/alecr/HRI/install/dynamixel_sdk:/home/alecr/HRI/install/cmake_modules CMAKE_PREFIX_PATH=/home/alecr/HRI/install/open_manipulator_x_libs:/home/alecr/HRI/install/robotis_manipulator:/home/alecr/HRI/install/dynamixel_workbench_toolbox:/home/alecr/HRI/install/open_manipulator_msgs:/home/alecr/HRI/install/dynamixel_sdk:/home/alecr/HRI/install/cmake_modules LD_LIBRARY_PATH=/home/alecr/HRI/install/open_manipulator_x_libs/lib:/home/alecr/HRI/install/robotis_manipulator/lib:/home/alecr/HRI/install/dynamixel_workbench_toolbox/lib:/home/alecr/HRI/install/open_manipulator_msgs/lib:/home/alecr/HRI/install/dynamixel_sdk/lib PYTHONPATH=/home/alecr/HRI/install/open_manipulator_msgs/local/lib/python3.10/dist-packages /usr/bin/cmake --build /home/alecr/HRI/build/open_manipulator_x_controller -- -j16 -l16
[0.081s] Invoking command in '/home/alecr/HRI/build/open_manipulator_x_controller': AMENT_PREFIX_PATH=/home/alecr/HRI/install/open_manipulator_x_libs:/home/alecr/HRI/install/robotis_manipulator:/home/alecr/HRI/install/dynamixel_workbench_toolbox:/home/alecr/HRI/install/open_manipulator_msgs:/home/alecr/HRI/install/dynamixel_sdk:/home/alecr/HRI/install/cmake_modules CMAKE_PREFIX_PATH=/home/alecr/HRI/install/open_manipulator_x_libs:/home/alecr/HRI/install/robotis_manipulator:/home/alecr/HRI/install/dynamixel_workbench_toolbox:/home/alecr/HRI/install/open_manipulator_msgs:/home/alecr/HRI/install/dynamixel_sdk:/home/alecr/HRI/install/cmake_modules LD_LIBRARY_PATH=/home/alecr/HRI/install/open_manipulator_x_libs/lib:/home/alecr/HRI/install/robotis_manipulator/lib:/home/alecr/HRI/install/dynamixel_workbench_toolbox/lib:/home/alecr/HRI/install/open_manipulator_msgs/lib:/home/alecr/HRI/install/dynamixel_sdk/lib PYTHONPATH=/home/alecr/HRI/install/open_manipulator_msgs/local/lib/python3.10/dist-packages /usr/bin/cmake --install /home/alecr/HRI/build/open_manipulator_x_controller
[0.088s] -- Install configuration: ""
[0.088s] -- Up-to-date: /home/alecr/HRI/install/open_manipulator_x_controller/lib/open_manipulator_x_controller/open_manipulator_x_controller
[0.088s] -- Up-to-date: /home/alecr/HRI/install/open_manipulator_x_controller/share/open_manipulator_x_controller/99-open-manipulator-cdc.rules
[0.089s] -- Up-to-date: /home/alecr/HRI/install/open_manipulator_x_controller/share/open_manipulator_x_controller/launch
[0.089s] -- Up-to-date: /home/alecr/HRI/install/open_manipulator_x_controller/share/open_manipulator_x_controller/launch/open_manipulator_x_controller.launch.py
[0.089s] -- Up-to-date: /home/alecr/HRI/install/open_manipulator_x_controller/share/open_manipulator_x_controller/param
[0.089s] -- Up-to-date: /home/alecr/HRI/install/open_manipulator_x_controller/share/open_manipulator_x_controller/param/open_manipulator_x_controller_params.yaml
[0.089s] -- Up-to-date: /home/alecr/HRI/install/open_manipulator_x_controller/lib/open_manipulator_x_controller/create_udev_rules
[0.089s] -- Up-to-date: /home/alecr/HRI/install/open_manipulator_x_controller/share/ament_index/resource_index/package_run_dependencies/open_manipulator_x_controller
[0.089s] -- Up-to-date: /home/alecr/HRI/install/open_manipulator_x_controller/share/ament_index/resource_index/parent_prefix_path/open_manipulator_x_controller
[0.089s] -- Up-to-date: /home/alecr/HRI/install/open_manipulator_x_controller/share/open_manipulator_x_controller/environment/ament_prefix_path.sh
[0.089s] -- Up-to-date: /home/alecr/HRI/install/open_manipulator_x_controller/share/open_manipulator_x_controller/environment/ament_prefix_path.dsv
[0.089s] -- Up-to-date: /home/alecr/HRI/install/open_manipulator_x_controller/share/open_manipulator_x_controller/environment/path.sh
[0.089s] -- Up-to-date: /home/alecr/HRI/install/open_manipulator_x_controller/share/open_manipulator_x_controller/environment/path.dsv
[0.089s] -- Up-to-date: /home/alecr/HRI/install/open_manipulator_x_controller/share/open_manipulator_x_controller/local_setup.bash
[0.089s] -- Up-to-date: /home/alecr/HRI/install/open_manipulator_x_controller/share/open_manipulator_x_controller/local_setup.sh
[0.089s] -- Up-to-date: /home/alecr/HRI/install/open_manipulator_x_controller/share/open_manipulator_x_controller/local_setup.zsh
[0.089s] -- Up-to-date: /home/alecr/HRI/install/open_manipulator_x_controller/share/open_manipulator_x_controller/local_setup.dsv
[0.089s] -- Installing: /home/alecr/HRI/install/open_manipulator_x_controller/share/open_manipulator_x_controller/package.dsv
[0.090s] -- Up-to-date: /home/alecr/HRI/install/open_manipulator_x_controller/share/ament_index/resource_index/packages/open_manipulator_x_controller
[0.090s] -- Up-to-date: /home/alecr/HRI/install/open_manipulator_x_controller/share/open_manipulator_x_controller/cmake/ament_cmake_export_include_directories-extras.cmake
[0.090s] -- Up-to-date: /home/alecr/HRI/install/open_manipulator_x_controller/share/open_manipulator_x_controller/cmake/ament_cmake_export_dependencies-extras.cmake
[0.090s] -- Up-to-date: /home/alecr/HRI/install/open_manipulator_x_controller/share/open_manipulator_x_controller/cmake/open_manipulator_x_controllerConfig.cmake
[0.090s] -- Up-to-date: /home/alecr/HRI/install/open_manipulator_x_controller/share/open_manipulator_x_controller/cmake/open_manipulator_x_controllerConfig-version.cmake
[0.090s] -- Up-to-date: /home/alecr/HRI/install/open_manipulator_x_controller/share/open_manipulator_x_controller/package.xml
[0.091s] Invoked command in '/home/alecr/HRI/build/open_manipulator_x_controller' returned '0': AMENT_PREFIX_PATH=/home/alecr/HRI/install/open_manipulator_x_libs:/home/alecr/HRI/install/robotis_manipulator:/home/alecr/HRI/install/dynamixel_workbench_toolbox:/home/alecr/HRI/install/open_manipulator_msgs:/home/alecr/HRI/install/dynamixel_sdk:/home/alecr/HRI/install/cmake_modules CMAKE_PREFIX_PATH=/home/alecr/HRI/install/open_manipulator_x_libs:/home/alecr/HRI/install/robotis_manipulator:/home/alecr/HRI/install/dynamixel_workbench_toolbox:/home/alecr/HRI/install/open_manipulator_msgs:/home/alecr/HRI/install/dynamixel_sdk:/home/alecr/HRI/install/cmake_modules LD_LIBRARY_PATH=/home/alecr/HRI/install/open_manipulator_x_libs/lib:/home/alecr/HRI/install/robotis_manipulator/lib:/home/alecr/HRI/install/dynamixel_workbench_toolbox/lib:/home/alecr/HRI/install/open_manipulator_msgs/lib:/home/alecr/HRI/install/dynamixel_sdk/lib PYTHONPATH=/home/alecr/HRI/install/open_manipulator_msgs/local/lib/python3.10/dist-packages /usr/bin/cmake --install /home/alecr/HRI/build/open_manipulator_x_controller
