[0.020s] Invoking command in '/home/alecr/HRI/build/open_manipulator_msgs': CMAKE_PREFIX_PATH=${CMAKE_PREFIX_PATH}:/home/alecr/HRI/install/rbe500_example_py:/home/alecr/ros2_ws/install/moveit_configs_utils:/home/alecr/ros2_ws/install/mqp_ros:/home/alecr/ros2_ws/install/mqp:/home/alecr/ros2_ws/install/launch_param_builder:/home/alecr/ros2_ws/install/MQP:/home/alecr/ros2_ws/install/HRI:/opt/ros/humble /usr/bin/cmake /home/alecr/HRI/src/open_manipulator_msgs -DCMAKE_INSTALL_PREFIX=/home/alecr/HRI/install/open_manipulator_msgs
[0.095s] -- The C compiler identification is GNU 11.4.0
[0.133s] -- The CXX compiler identification is GNU 11.4.0
[0.138s] -- Detecting C compiler ABI info
[0.194s] -- Detecting C compiler ABI info - done
[0.199s] -- Check for working C compiler: /usr/bin/cc - skipped
[0.199s] -- Detecting C compile features
[0.200s] -- Detecting C compile features - done
[0.202s] -- Detecting CXX compiler ABI info
[0.255s] -- Detecting CXX compiler ABI info - done
[0.260s] -- Check for working CXX compiler: /usr/bin/c++ - skipped
[0.260s] -- Detecting CXX compile features
[0.260s] -- Detecting CXX compile features - done
[0.264s] -- Found ament_cmake: 1.3.14 (/opt/ros/humble/share/ament_cmake/cmake)
[0.408s] -- Found Python3: /usr/bin/python3 (found version "3.10.12") found components: Interpreter 
[0.539s] -- Found geometry_msgs: 4.9.1 (/opt/ros/humble/share/geometry_msgs/cmake)
[0.583s] -- Found rosidl_generator_c: 3.1.8 (/opt/ros/humble/share/rosidl_generator_c/cmake)
[0.590s] -- Found rosidl_adapter: 3.1.8 (/opt/ros/humble/share/rosidl_adapter/cmake)
[0.604s] -- Found rosidl_generator_cpp: 3.1.8 (/opt/ros/humble/share/rosidl_generator_cpp/cmake)
[0.617s] -- Using all available rosidl_typesupport_c: rosidl_typesupport_fastrtps_c;rosidl_typesupport_introspection_c
[0.635s] -- Using all available rosidl_typesupport_cpp: rosidl_typesupport_fastrtps_cpp;rosidl_typesupport_introspection_cpp
[0.670s] -- Found rosidl_default_generators: 1.2.1 (/opt/ros/humble/share/rosidl_default_generators/cmake)
[0.953s] -- Found ament_cmake_cppcheck: 0.12.15 (/opt/ros/humble/share/ament_cmake_cppcheck/cmake)
[0.957s] -- Found ament_cmake_cpplint: 0.12.15 (/opt/ros/humble/share/ament_cmake_cpplint/cmake)
[0.960s] -- Found ament_cmake_uncrustify: 0.12.15 (/opt/ros/humble/share/ament_cmake_uncrustify/cmake)
[0.964s] -- Found ament_cmake_ros: 0.10.0 (/opt/ros/humble/share/ament_cmake_ros/cmake)
[1.291s] -- Using all available rosidl_typesupport_c: rosidl_typesupport_fastrtps_c;rosidl_typesupport_introspection_c
[1.423s] -- Using all available rosidl_typesupport_cpp: rosidl_typesupport_fastrtps_cpp;rosidl_typesupport_introspection_cpp
[1.443s] -- Found PythonInterp: /usr/bin/python3 (found suitable version "3.10.12", minimum required is "3.6") 
[1.447s] -- Found python_cmake_module: 0.10.0 (/opt/ros/humble/share/python_cmake_module/cmake)
[1.471s] -- Found PythonLibs: /usr/lib/x86_64-linux-gnu/libpython3.10.so (found suitable version "3.10.12", minimum required is "3.5") 
[1.471s] -- Using PYTHON_EXECUTABLE: /usr/bin/python3
[1.471s] -- Using PYTHON_INCLUDE_DIRS: /usr/include/python3.10
[1.471s] -- Using PYTHON_LIBRARIES: /usr/lib/x86_64-linux-gnu/libpython3.10.so
[1.488s] -- Found PythonExtra: .so  
[1.560s] -- Found ament_cmake_flake8: 0.12.15 (/opt/ros/humble/share/ament_cmake_flake8/cmake)
[1.563s] -- Found ament_cmake_pep257: 0.12.15 (/opt/ros/humble/share/ament_cmake_pep257/cmake)
[1.633s] -- Configuring done
[1.695s] -- Generating done
[1.712s] -- Build files have been written to: /home/alecr/HRI/build/open_manipulator_msgs
[1.724s] Invoked command in '/home/alecr/HRI/build/open_manipulator_msgs' returned '0': CMAKE_PREFIX_PATH=${CMAKE_PREFIX_PATH}:/home/alecr/HRI/install/rbe500_example_py:/home/alecr/ros2_ws/install/moveit_configs_utils:/home/alecr/ros2_ws/install/mqp_ros:/home/alecr/ros2_ws/install/mqp:/home/alecr/ros2_ws/install/launch_param_builder:/home/alecr/ros2_ws/install/MQP:/home/alecr/ros2_ws/install/HRI:/opt/ros/humble /usr/bin/cmake /home/alecr/HRI/src/open_manipulator_msgs -DCMAKE_INSTALL_PREFIX=/home/alecr/HRI/install/open_manipulator_msgs
[1.725s] Invoking command in '/home/alecr/HRI/build/open_manipulator_msgs': CMAKE_PREFIX_PATH=${CMAKE_PREFIX_PATH}:/home/alecr/HRI/install/rbe500_example_py:/home/alecr/ros2_ws/install/moveit_configs_utils:/home/alecr/ros2_ws/install/mqp_ros:/home/alecr/ros2_ws/install/mqp:/home/alecr/ros2_ws/install/launch_param_builder:/home/alecr/ros2_ws/install/MQP:/home/alecr/ros2_ws/install/HRI:/opt/ros/humble /usr/bin/cmake --build /home/alecr/HRI/build/open_manipulator_msgs -- -j16 -l16
[1.775s] [  1%] [34m[1mGenerating C code for ROS interfaces[0m
[1.782s] [  2%] [34m[1mGenerating Rust code for ROS interfaces[0m
[1.785s] [  3%] [34m[1mGenerating C++ code for ROS interfaces[0m
[1.810s] [  3%] Built target ament_cmake_python_copy_open_manipulator_msgs
[2.169s] running egg_info
[2.173s] writing open_manipulator_msgs.egg-info/PKG-INFO
[2.173s] writing dependency_links to open_manipulator_msgs.egg-info/dependency_links.txt
[2.173s] writing top-level names to open_manipulator_msgs.egg-info/top_level.txt
[2.174s] reading manifest file 'open_manipulator_msgs.egg-info/SOURCES.txt'
[2.182s] writing manifest file 'open_manipulator_msgs.egg-info/SOURCES.txt'
[2.210s] [  3%] Built target ament_cmake_python_build_open_manipulator_msgs_egg
[2.334s] [  3%] Built target open_manipulator_msgs__rs
[2.716s] [35m[1mConsolidate compiler generated dependencies of target open_manipulator_msgs__rosidl_generator_c[0m
[2.729s] [  4%] [32mBuilding C object CMakeFiles/open_manipulator_msgs__rosidl_generator_c.dir/rosidl_generator_c/open_manipulator_msgs/srv/detail/set_joint_position__functions.c.o[0m
[2.729s] [  5%] [32mBuilding C object CMakeFiles/open_manipulator_msgs__rosidl_generator_c.dir/rosidl_generator_c/open_manipulator_msgs/srv/detail/get_joint_position__functions.c.o[0m
[2.729s] [  6%] [32mBuilding C object CMakeFiles/open_manipulator_msgs__rosidl_generator_c.dir/rosidl_generator_c/open_manipulator_msgs/msg/detail/kinematics_pose__functions.c.o[0m
[2.734s] [  7%] [32mBuilding C object CMakeFiles/open_manipulator_msgs__rosidl_generator_c.dir/rosidl_generator_c/open_manipulator_msgs/srv/detail/set_kinematics_pose__functions.c.o[0m
[2.734s] [  9%] [32mBuilding C object CMakeFiles/open_manipulator_msgs__rosidl_generator_c.dir/rosidl_generator_c/open_manipulator_msgs/srv/detail/get_kinematics_pose__functions.c.o[0m
[2.734s] [  9%] [32mBuilding C object CMakeFiles/open_manipulator_msgs__rosidl_generator_c.dir/rosidl_generator_c/open_manipulator_msgs/msg/detail/open_manipulator_state__functions.c.o[0m
[2.735s] [ 10%] [32mBuilding C object CMakeFiles/open_manipulator_msgs__rosidl_generator_c.dir/rosidl_generator_c/open_manipulator_msgs/msg/detail/joint_position__functions.c.o[0m
[2.735s] [ 11%] [32mBuilding C object CMakeFiles/open_manipulator_msgs__rosidl_generator_c.dir/rosidl_generator_c/open_manipulator_msgs/srv/detail/set_drawing_trajectory__functions.c.o[0m
[2.735s] [ 12%] [32mBuilding C object CMakeFiles/open_manipulator_msgs__rosidl_generator_c.dir/rosidl_generator_c/open_manipulator_msgs/srv/detail/set_actuator_state__functions.c.o[0m
[2.832s] [ 13%] [32m[1mLinking C shared library libopen_manipulator_msgs__rosidl_generator_c.so[0m
[2.862s] [ 13%] Built target open_manipulator_msgs__cpp
[2.871s] [ 15%] [34m[1mGenerating C++ introspection for ROS interfaces[0m
[2.871s] [ 15%] [34m[1mGenerating C++ type support for eProsima Fast-RTPS[0m
[2.873s] [ 16%] [34m[1mGenerating C++ type support dispatch for ROS interfaces[0m
[2.874s] [ 16%] Built target open_manipulator_msgs__rosidl_generator_c
[2.887s] [ 19%] [34m[1mGenerating C type support for eProsima Fast-RTPS[0m
[2.887s] [ 19%] [34m[1mGenerating C introspection for ROS interfaces[0m
[2.887s] [ 19%] [34m[1mGenerating C type support dispatch for ROS interfaces[0m
[3.351s] [35m[1mConsolidate compiler generated dependencies of target open_manipulator_msgs__rosidl_typesupport_cpp[0m
[3.374s] [ 20%] [32mBuilding CXX object CMakeFiles/open_manipulator_msgs__rosidl_typesupport_cpp.dir/rosidl_typesupport_cpp/open_manipulator_msgs/msg/joint_position__type_support.cpp.o[0m
[3.374s] [ 21%] [32mBuilding CXX object CMakeFiles/open_manipulator_msgs__rosidl_typesupport_cpp.dir/rosidl_typesupport_cpp/open_manipulator_msgs/srv/get_kinematics_pose__type_support.cpp.o[0m
[3.375s] [ 22%] [32mBuilding CXX object CMakeFiles/open_manipulator_msgs__rosidl_typesupport_cpp.dir/rosidl_typesupport_cpp/open_manipulator_msgs/msg/kinematics_pose__type_support.cpp.o[0m
[3.375s] [ 23%] [32mBuilding CXX object CMakeFiles/open_manipulator_msgs__rosidl_typesupport_cpp.dir/rosidl_typesupport_cpp/open_manipulator_msgs/srv/get_joint_position__type_support.cpp.o[0m
[3.375s] [ 25%] [32mBuilding CXX object CMakeFiles/open_manipulator_msgs__rosidl_typesupport_cpp.dir/rosidl_typesupport_cpp/open_manipulator_msgs/msg/open_manipulator_state__type_support.cpp.o[0m
[3.382s] [ 26%] [32mBuilding CXX object CMakeFiles/open_manipulator_msgs__rosidl_typesupport_cpp.dir/rosidl_typesupport_cpp/open_manipulator_msgs/srv/set_kinematics_pose__type_support.cpp.o[0m
[3.383s] [ 27%] [32mBuilding CXX object CMakeFiles/open_manipulator_msgs__rosidl_typesupport_cpp.dir/rosidl_typesupport_cpp/open_manipulator_msgs/srv/set_joint_position__type_support.cpp.o[0m
[3.386s] [ 28%] [32mBuilding CXX object CMakeFiles/open_manipulator_msgs__rosidl_typesupport_cpp.dir/rosidl_typesupport_cpp/open_manipulator_msgs/srv/set_actuator_state__type_support.cpp.o[0m
[3.386s] [ 29%] [32mBuilding CXX object CMakeFiles/open_manipulator_msgs__rosidl_typesupport_cpp.dir/rosidl_typesupport_cpp/open_manipulator_msgs/srv/set_drawing_trajectory__type_support.cpp.o[0m
[3.574s] [35m[1mConsolidate compiler generated dependencies of target open_manipulator_msgs__rosidl_typesupport_c[0m
[3.612s] [ 30%] [32mBuilding CXX object CMakeFiles/open_manipulator_msgs__rosidl_typesupport_c.dir/rosidl_typesupport_c/open_manipulator_msgs/msg/joint_position__type_support.cpp.o[0m
[3.617s] [ 31%] [32mBuilding CXX object CMakeFiles/open_manipulator_msgs__rosidl_typesupport_c.dir/rosidl_typesupport_c/open_manipulator_msgs/msg/kinematics_pose__type_support.cpp.o[0m
[3.673s] [ 32%] [32mBuilding CXX object CMakeFiles/open_manipulator_msgs__rosidl_typesupport_c.dir/rosidl_typesupport_c/open_manipulator_msgs/msg/open_manipulator_state__type_support.cpp.o[0m
[3.682s] [ 33%] [32mBuilding CXX object CMakeFiles/open_manipulator_msgs__rosidl_typesupport_c.dir/rosidl_typesupport_c/open_manipulator_msgs/srv/get_joint_position__type_support.cpp.o[0m
[3.684s] [ 34%] [32mBuilding CXX object CMakeFiles/open_manipulator_msgs__rosidl_typesupport_c.dir/rosidl_typesupport_c/open_manipulator_msgs/srv/set_joint_position__type_support.cpp.o[0m
[3.687s] [ 35%] [32mBuilding CXX object CMakeFiles/open_manipulator_msgs__rosidl_typesupport_c.dir/rosidl_typesupport_c/open_manipulator_msgs/srv/get_kinematics_pose__type_support.cpp.o[0m
[3.707s] [35m[1mConsolidate compiler generated dependencies of target open_manipulator_msgs__rosidl_typesupport_introspection_cpp[0m
[3.718s] [ 36%] [32mBuilding CXX object CMakeFiles/open_manipulator_msgs__rosidl_typesupport_c.dir/rosidl_typesupport_c/open_manipulator_msgs/srv/set_kinematics_pose__type_support.cpp.o[0m
[3.736s] [ 37%] [32mBuilding CXX object CMakeFiles/open_manipulator_msgs__rosidl_typesupport_c.dir/rosidl_typesupport_c/open_manipulator_msgs/srv/set_drawing_trajectory__type_support.cpp.o[0m
[3.746s] [ 38%] [32mBuilding CXX object CMakeFiles/open_manipulator_msgs__rosidl_typesupport_introspection_cpp.dir/rosidl_typesupport_introspection_cpp/open_manipulator_msgs/msg/detail/joint_position__type_support.cpp.o[0m
[3.756s] [ 39%] [32mBuilding CXX object CMakeFiles/open_manipulator_msgs__rosidl_typesupport_c.dir/rosidl_typesupport_c/open_manipulator_msgs/srv/set_actuator_state__type_support.cpp.o[0m
[3.763s] [ 40%] [32mBuilding CXX object CMakeFiles/open_manipulator_msgs__rosidl_typesupport_introspection_cpp.dir/rosidl_typesupport_introspection_cpp/open_manipulator_msgs/msg/detail/kinematics_pose__type_support.cpp.o[0m
[3.774s] [ 41%] [32mBuilding CXX object CMakeFiles/open_manipulator_msgs__rosidl_typesupport_introspection_cpp.dir/rosidl_typesupport_introspection_cpp/open_manipulator_msgs/msg/detail/open_manipulator_state__type_support.cpp.o[0m
[3.795s] [ 42%] [32mBuilding CXX object CMakeFiles/open_manipulator_msgs__rosidl_typesupport_introspection_cpp.dir/rosidl_typesupport_introspection_cpp/open_manipulator_msgs/srv/detail/get_joint_position__type_support.cpp.o[0m
[3.803s] [ 43%] [32mBuilding CXX object CMakeFiles/open_manipulator_msgs__rosidl_typesupport_introspection_cpp.dir/rosidl_typesupport_introspection_cpp/open_manipulator_msgs/srv/detail/get_kinematics_pose__type_support.cpp.o[0m
[3.813s] [ 44%] [32m[1mLinking CXX shared library libopen_manipulator_msgs__rosidl_typesupport_c.so[0m
[3.844s] [ 45%] [32mBuilding CXX object CMakeFiles/open_manipulator_msgs__rosidl_typesupport_introspection_cpp.dir/rosidl_typesupport_introspection_cpp/open_manipulator_msgs/srv/detail/set_kinematics_pose__type_support.cpp.o[0m
[3.844s] [ 46%] [32mBuilding CXX object CMakeFiles/open_manipulator_msgs__rosidl_typesupport_introspection_cpp.dir/rosidl_typesupport_introspection_cpp/open_manipulator_msgs/srv/detail/set_joint_position__type_support.cpp.o[0m
[3.858s] [ 47%] [32m[1mLinking CXX shared library libopen_manipulator_msgs__rosidl_typesupport_cpp.so[0m
[3.886s] [35m[1mConsolidate compiler generated dependencies of target open_manipulator_msgs__rosidl_typesupport_fastrtps_cpp[0m
[3.887s] [ 48%] [32mBuilding CXX object CMakeFiles/open_manipulator_msgs__rosidl_typesupport_introspection_cpp.dir/rosidl_typesupport_introspection_cpp/open_manipulator_msgs/srv/detail/set_drawing_trajectory__type_support.cpp.o[0m
[3.887s] [35m[1mConsolidate compiler generated dependencies of target open_manipulator_msgs__rosidl_typesupport_introspection_c[0m
[3.893s] [ 48%] Built target open_manipulator_msgs__rosidl_typesupport_c
[3.898s] [ 50%] [32mBuilding CXX object CMakeFiles/open_manipulator_msgs__rosidl_typesupport_introspection_cpp.dir/rosidl_typesupport_introspection_cpp/open_manipulator_msgs/srv/detail/set_actuator_state__type_support.cpp.o[0m
[3.910s] [ 51%] [32mBuilding CXX object CMakeFiles/open_manipulator_msgs__rosidl_typesupport_fastrtps_cpp.dir/rosidl_typesupport_fastrtps_cpp/open_manipulator_msgs/msg/detail/dds_fastrtps/joint_position__type_support.cpp.o[0m
[3.919s] [ 52%] [32mBuilding C object CMakeFiles/open_manipulator_msgs__rosidl_typesupport_introspection_c.dir/rosidl_typesupport_introspection_c/open_manipulator_msgs/msg/detail/joint_position__type_support.c.o[0m
[3.923s] [ 53%] [32mBuilding C object CMakeFiles/open_manipulator_msgs__rosidl_typesupport_introspection_c.dir/rosidl_typesupport_introspection_c/open_manipulator_msgs/msg/detail/kinematics_pose__type_support.c.o[0m
[3.941s] [ 53%] Built target open_manipulator_msgs__rosidl_typesupport_cpp
[3.953s] [ 54%] [32mBuilding C object CMakeFiles/open_manipulator_msgs__rosidl_typesupport_introspection_c.dir/rosidl_typesupport_introspection_c/open_manipulator_msgs/msg/detail/open_manipulator_state__type_support.c.o[0m
[3.958s] [ 55%] [32mBuilding C object CMakeFiles/open_manipulator_msgs__rosidl_typesupport_introspection_c.dir/rosidl_typesupport_introspection_c/open_manipulator_msgs/srv/detail/get_joint_position__type_support.c.o[0m
[3.960s] [ 56%] [32mBuilding CXX object CMakeFiles/open_manipulator_msgs__rosidl_typesupport_fastrtps_cpp.dir/rosidl_typesupport_fastrtps_cpp/open_manipulator_msgs/msg/detail/dds_fastrtps/kinematics_pose__type_support.cpp.o[0m
[3.961s] [35m[1mConsolidate compiler generated dependencies of target open_manipulator_msgs__rosidl_typesupport_fastrtps_c[0m
[3.968s] [ 57%] [32mBuilding CXX object CMakeFiles/open_manipulator_msgs__rosidl_typesupport_fastrtps_cpp.dir/rosidl_typesupport_fastrtps_cpp/open_manipulator_msgs/msg/detail/dds_fastrtps/open_manipulator_state__type_support.cpp.o[0m
[3.989s] [ 58%] [32mBuilding C object CMakeFiles/open_manipulator_msgs__rosidl_typesupport_introspection_c.dir/rosidl_typesupport_introspection_c/open_manipulator_msgs/srv/detail/get_kinematics_pose__type_support.c.o[0m
[4.018s] [ 59%] [32mBuilding CXX object CMakeFiles/open_manipulator_msgs__rosidl_typesupport_fastrtps_c.dir/rosidl_typesupport_fastrtps_c/open_manipulator_msgs/msg/detail/joint_position__type_support_c.cpp.o[0m
[4.021s] [ 60%] [32mBuilding CXX object CMakeFiles/open_manipulator_msgs__rosidl_typesupport_fastrtps_c.dir/rosidl_typesupport_fastrtps_c/open_manipulator_msgs/msg/detail/kinematics_pose__type_support_c.cpp.o[0m
[4.031s] [ 61%] [32mBuilding C object CMakeFiles/open_manipulator_msgs__rosidl_typesupport_introspection_c.dir/rosidl_typesupport_introspection_c/open_manipulator_msgs/srv/detail/set_joint_position__type_support.c.o[0m
[4.060s] [ 62%] [32mBuilding CXX object CMakeFiles/open_manipulator_msgs__rosidl_typesupport_fastrtps_c.dir/rosidl_typesupport_fastrtps_c/open_manipulator_msgs/msg/detail/open_manipulator_state__type_support_c.cpp.o[0m
[4.117s] [ 63%] [32mBuilding C object CMakeFiles/open_manipulator_msgs__rosidl_typesupport_introspection_c.dir/rosidl_typesupport_introspection_c/open_manipulator_msgs/srv/detail/set_kinematics_pose__type_support.c.o[0m
[4.209s] [ 64%] [32mBuilding C object CMakeFiles/open_manipulator_msgs__rosidl_typesupport_introspection_c.dir/rosidl_typesupport_introspection_c/open_manipulator_msgs/srv/detail/set_drawing_trajectory__type_support.c.o[0m
[4.227s] [ 65%] [32mBuilding C object CMakeFiles/open_manipulator_msgs__rosidl_typesupport_introspection_c.dir/rosidl_typesupport_introspection_c/open_manipulator_msgs/srv/detail/set_actuator_state__type_support.c.o[0m
[4.261s] [ 66%] [32mBuilding CXX object CMakeFiles/open_manipulator_msgs__rosidl_typesupport_fastrtps_c.dir/rosidl_typesupport_fastrtps_c/open_manipulator_msgs/srv/detail/get_joint_position__type_support_c.cpp.o[0m
[4.296s] [ 67%] [32mBuilding CXX object CMakeFiles/open_manipulator_msgs__rosidl_typesupport_fastrtps_cpp.dir/rosidl_typesupport_fastrtps_cpp/open_manipulator_msgs/srv/detail/dds_fastrtps/get_joint_position__type_support.cpp.o[0m
[4.298s] [ 68%] [32m[1mLinking C shared library libopen_manipulator_msgs__rosidl_typesupport_introspection_c.so[0m
[4.312s] [ 69%] [32mBuilding CXX object CMakeFiles/open_manipulator_msgs__rosidl_typesupport_fastrtps_cpp.dir/rosidl_typesupport_fastrtps_cpp/open_manipulator_msgs/srv/detail/dds_fastrtps/get_kinematics_pose__type_support.cpp.o[0m
[4.345s] [ 70%] [32mBuilding CXX object CMakeFiles/open_manipulator_msgs__rosidl_typesupport_fastrtps_c.dir/rosidl_typesupport_fastrtps_c/open_manipulator_msgs/srv/detail/get_kinematics_pose__type_support_c.cpp.o[0m
[4.361s] [ 70%] Built target open_manipulator_msgs__rosidl_typesupport_introspection_c
[4.383s] [ 72%] [32mBuilding CXX object CMakeFiles/open_manipulator_msgs__rosidl_typesupport_fastrtps_cpp.dir/rosidl_typesupport_fastrtps_cpp/open_manipulator_msgs/srv/detail/dds_fastrtps/set_joint_position__type_support.cpp.o[0m
[4.384s] [ 72%] [32mBuilding CXX object CMakeFiles/open_manipulator_msgs__rosidl_typesupport_fastrtps_c.dir/rosidl_typesupport_fastrtps_c/open_manipulator_msgs/srv/detail/set_joint_position__type_support_c.cpp.o[0m
[4.430s] [ 73%] [32mBuilding CXX object CMakeFiles/open_manipulator_msgs__rosidl_typesupport_fastrtps_cpp.dir/rosidl_typesupport_fastrtps_cpp/open_manipulator_msgs/srv/detail/dds_fastrtps/set_kinematics_pose__type_support.cpp.o[0m
[4.445s] [ 76%] [32mBuilding CXX object CMakeFiles/open_manipulator_msgs__rosidl_typesupport_fastrtps_cpp.dir/rosidl_typesupport_fastrtps_cpp/open_manipulator_msgs/srv/detail/dds_fastrtps/set_drawing_trajectory__type_support.cpp.o[0m
[4.445s] [ 76%] [32mBuilding CXX object CMakeFiles/open_manipulator_msgs__rosidl_typesupport_fastrtps_c.dir/rosidl_typesupport_fastrtps_c/open_manipulator_msgs/srv/detail/set_kinematics_pose__type_support_c.cpp.o[0m
[4.456s] [ 77%] [32mBuilding CXX object CMakeFiles/open_manipulator_msgs__rosidl_typesupport_fastrtps_c.dir/rosidl_typesupport_fastrtps_c/open_manipulator_msgs/srv/detail/set_drawing_trajectory__type_support_c.cpp.o[0m
[4.471s] [ 78%] [32m[1mLinking CXX shared library libopen_manipulator_msgs__rosidl_typesupport_introspection_cpp.so[0m
[4.482s] [ 79%] [32mBuilding CXX object CMakeFiles/open_manipulator_msgs__rosidl_typesupport_fastrtps_c.dir/rosidl_typesupport_fastrtps_c/open_manipulator_msgs/srv/detail/set_actuator_state__type_support_c.cpp.o[0m
[4.536s] [ 80%] [32mBuilding CXX object CMakeFiles/open_manipulator_msgs__rosidl_typesupport_fastrtps_cpp.dir/rosidl_typesupport_fastrtps_cpp/open_manipulator_msgs/srv/detail/dds_fastrtps/set_actuator_state__type_support.cpp.o[0m
[4.622s] [ 80%] Built target open_manipulator_msgs__rosidl_typesupport_introspection_cpp
[4.886s] [ 81%] [32m[1mLinking CXX shared library libopen_manipulator_msgs__rosidl_typesupport_fastrtps_c.so[0m
[4.927s] [ 82%] [32m[1mLinking CXX shared library libopen_manipulator_msgs__rosidl_typesupport_fastrtps_cpp.so[0m
[4.956s] [ 82%] Built target open_manipulator_msgs__rosidl_typesupport_fastrtps_c
[4.993s] [ 82%] Built target open_manipulator_msgs__rosidl_typesupport_fastrtps_cpp
[5.012s] [ 82%] Built target open_manipulator_msgs
[5.033s] [ 83%] [34m[1mGenerating Python code for ROS interfaces[0m
[5.865s] [ 83%] Built target open_manipulator_msgs__py
[5.879s] [35m[1mConsolidate compiler generated dependencies of target open_manipulator_msgs__rosidl_generator_py[0m
[5.895s] [ 84%] [32mBuilding C object CMakeFiles/open_manipulator_msgs__rosidl_generator_py.dir/rosidl_generator_py/open_manipulator_msgs/msg/_joint_position_s.c.o[0m
[5.895s] [ 85%] [32mBuilding C object CMakeFiles/open_manipulator_msgs__rosidl_generator_py.dir/rosidl_generator_py/open_manipulator_msgs/srv/_get_joint_position_s.c.o[0m
[5.895s] [ 86%] [32mBuilding C object CMakeFiles/open_manipulator_msgs__rosidl_generator_py.dir/rosidl_generator_py/open_manipulator_msgs/srv/_set_joint_position_s.c.o[0m
[5.896s] [ 87%] [32mBuilding C object CMakeFiles/open_manipulator_msgs__rosidl_generator_py.dir/rosidl_generator_py/open_manipulator_msgs/msg/_open_manipulator_state_s.c.o[0m
[5.897s] [ 88%] [32mBuilding C object CMakeFiles/open_manipulator_msgs__rosidl_generator_py.dir/rosidl_generator_py/open_manipulator_msgs/srv/_set_kinematics_pose_s.c.o[0m
[5.898s] [ 89%] [32mBuilding C object CMakeFiles/open_manipulator_msgs__rosidl_generator_py.dir/rosidl_generator_py/open_manipulator_msgs/msg/_kinematics_pose_s.c.o[0m
[5.899s] [ 90%] [32mBuilding C object CMakeFiles/open_manipulator_msgs__rosidl_generator_py.dir/rosidl_generator_py/open_manipulator_msgs/srv/_get_kinematics_pose_s.c.o[0m
[5.899s] [ 91%] [32mBuilding C object CMakeFiles/open_manipulator_msgs__rosidl_generator_py.dir/rosidl_generator_py/open_manipulator_msgs/srv/_set_drawing_trajectory_s.c.o[0m
[5.900s] [ 92%] [32mBuilding C object CMakeFiles/open_manipulator_msgs__rosidl_generator_py.dir/rosidl_generator_py/open_manipulator_msgs/srv/_set_actuator_state_s.c.o[0m
[6.009s] [ 93%] [32m[1mLinking C shared library rosidl_generator_py/open_manipulator_msgs/libopen_manipulator_msgs__rosidl_generator_py.so[0m
[6.048s] [ 93%] Built target open_manipulator_msgs__rosidl_generator_py
[6.056s] [35m[1mConsolidate compiler generated dependencies of target open_manipulator_msgs__rosidl_typesupport_c__pyext[0m
[6.058s] [35m[1mConsolidate compiler generated dependencies of target open_manipulator_msgs__rosidl_typesupport_fastrtps_c__pyext[0m
[6.058s] [35m[1mConsolidate compiler generated dependencies of target open_manipulator_msgs__rosidl_typesupport_introspection_c__pyext[0m
[6.067s] [ 95%] [32mBuilding C object CMakeFiles/open_manipulator_msgs__rosidl_typesupport_introspection_c__pyext.dir/rosidl_generator_py/open_manipulator_msgs/_open_manipulator_msgs_s.ep.rosidl_typesupport_introspection_c.c.o[0m
[6.067s] [ 95%] [32mBuilding C object CMakeFiles/open_manipulator_msgs__rosidl_typesupport_fastrtps_c__pyext.dir/rosidl_generator_py/open_manipulator_msgs/_open_manipulator_msgs_s.ep.rosidl_typesupport_fastrtps_c.c.o[0m
[6.069s] [ 96%] [32mBuilding C object CMakeFiles/open_manipulator_msgs__rosidl_typesupport_c__pyext.dir/rosidl_generator_py/open_manipulator_msgs/_open_manipulator_msgs_s.ep.rosidl_typesupport_c.c.o[0m
[6.159s] [ 97%] [32m[1mLinking C shared library rosidl_generator_py/open_manipulator_msgs/open_manipulator_msgs_s__rosidl_typesupport_introspection_c.cpython-310-x86_64-linux-gnu.so[0m
[6.167s] [ 98%] [32m[1mLinking C shared library rosidl_generator_py/open_manipulator_msgs/open_manipulator_msgs_s__rosidl_typesupport_c.cpython-310-x86_64-linux-gnu.so[0m
[6.168s] [100%] [32m[1mLinking C shared library rosidl_generator_py/open_manipulator_msgs/open_manipulator_msgs_s__rosidl_typesupport_fastrtps_c.cpython-310-x86_64-linux-gnu.so[0m
[6.188s] [100%] Built target open_manipulator_msgs__rosidl_typesupport_introspection_c__pyext
[6.200s] [100%] Built target open_manipulator_msgs__rosidl_typesupport_c__pyext
[6.212s] [100%] Built target open_manipulator_msgs__rosidl_typesupport_fastrtps_c__pyext
[6.223s] Invoked command in '/home/alecr/HRI/build/open_manipulator_msgs' returned '0': CMAKE_PREFIX_PATH=${CMAKE_PREFIX_PATH}:/home/alecr/HRI/install/rbe500_example_py:/home/alecr/ros2_ws/install/moveit_configs_utils:/home/alecr/ros2_ws/install/mqp_ros:/home/alecr/ros2_ws/install/mqp:/home/alecr/ros2_ws/install/launch_param_builder:/home/alecr/ros2_ws/install/MQP:/home/alecr/ros2_ws/install/HRI:/opt/ros/humble /usr/bin/cmake --build /home/alecr/HRI/build/open_manipulator_msgs -- -j16 -l16
[6.224s] Invoking command in '/home/alecr/HRI/build/open_manipulator_msgs': CMAKE_PREFIX_PATH=${CMAKE_PREFIX_PATH}:/home/alecr/HRI/install/rbe500_example_py:/home/alecr/ros2_ws/install/moveit_configs_utils:/home/alecr/ros2_ws/install/mqp_ros:/home/alecr/ros2_ws/install/mqp:/home/alecr/ros2_ws/install/launch_param_builder:/home/alecr/ros2_ws/install/MQP:/home/alecr/ros2_ws/install/HRI:/opt/ros/humble /usr/bin/cmake --install /home/alecr/HRI/build/open_manipulator_msgs
[6.231s] -- Install configuration: ""
[6.231s] -- Up-to-date: /home/alecr/HRI/install/open_manipulator_msgs/share/ament_index/resource_index/rosidl_interfaces/open_manipulator_msgs
[6.231s] -- Up-to-date: /home/alecr/HRI/install/open_manipulator_msgs/include/open_manipulator_msgs/open_manipulator_msgs
[6.232s] -- Up-to-date: /home/alecr/HRI/install/open_manipulator_msgs/include/open_manipulator_msgs/open_manipulator_msgs/srv
[6.232s] -- Installing: /home/alecr/HRI/install/open_manipulator_msgs/include/open_manipulator_msgs/open_manipulator_msgs/srv/get_joint_position.h
[6.232s] -- Installing: /home/alecr/HRI/install/open_manipulator_msgs/include/open_manipulator_msgs/open_manipulator_msgs/srv/set_drawing_trajectory.h
[6.232s] -- Installing: /home/alecr/HRI/install/open_manipulator_msgs/include/open_manipulator_msgs/open_manipulator_msgs/srv/get_kinematics_pose.h
[6.232s] -- Installing: /home/alecr/HRI/install/open_manipulator_msgs/include/open_manipulator_msgs/open_manipulator_msgs/srv/set_kinematics_pose.h
[6.232s] -- Installing: /home/alecr/HRI/install/open_manipulator_msgs/include/open_manipulator_msgs/open_manipulator_msgs/srv/set_actuator_state.h
[6.232s] -- Up-to-date: /home/alecr/HRI/install/open_manipulator_msgs/include/open_manipulator_msgs/open_manipulator_msgs/srv/detail
[6.232s] -- Installing: /home/alecr/HRI/install/open_manipulator_msgs/include/open_manipulator_msgs/open_manipulator_msgs/srv/detail/set_actuator_state__struct.h
[6.232s] -- Installing: /home/alecr/HRI/install/open_manipulator_msgs/include/open_manipulator_msgs/open_manipulator_msgs/srv/detail/set_drawing_trajectory__type_support.h
[6.233s] -- Installing: /home/alecr/HRI/install/open_manipulator_msgs/include/open_manipulator_msgs/open_manipulator_msgs/srv/detail/get_joint_position__struct.h
[6.233s] -- Installing: /home/alecr/HRI/install/open_manipulator_msgs/include/open_manipulator_msgs/open_manipulator_msgs/srv/detail/set_joint_position__struct.h
[6.233s] -- Installing: /home/alecr/HRI/install/open_manipulator_msgs/include/open_manipulator_msgs/open_manipulator_msgs/srv/detail/get_kinematics_pose__struct.h
[6.233s] -- Installing: /home/alecr/HRI/install/open_manipulator_msgs/include/open_manipulator_msgs/open_manipulator_msgs/srv/detail/set_joint_position__type_support.h
[6.233s] -- Installing: /home/alecr/HRI/install/open_manipulator_msgs/include/open_manipulator_msgs/open_manipulator_msgs/srv/detail/set_kinematics_pose__struct.h
[6.233s] -- Installing: /home/alecr/HRI/install/open_manipulator_msgs/include/open_manipulator_msgs/open_manipulator_msgs/srv/detail/set_drawing_trajectory__struct.h
[6.233s] -- Installing: /home/alecr/HRI/install/open_manipulator_msgs/include/open_manipulator_msgs/open_manipulator_msgs/srv/detail/set_kinematics_pose__functions.c
[6.233s] -- Installing: /home/alecr/HRI/install/open_manipulator_msgs/include/open_manipulator_msgs/open_manipulator_msgs/srv/detail/set_joint_position__functions.c
[6.233s] -- Installing: /home/alecr/HRI/install/open_manipulator_msgs/include/open_manipulator_msgs/open_manipulator_msgs/srv/detail/get_joint_position__functions.h
[6.233s] -- Installing: /home/alecr/HRI/install/open_manipulator_msgs/include/open_manipulator_msgs/open_manipulator_msgs/srv/detail/set_actuator_state__functions.c
[6.234s] -- Installing: /home/alecr/HRI/install/open_manipulator_msgs/include/open_manipulator_msgs/open_manipulator_msgs/srv/detail/set_kinematics_pose__functions.h
[6.234s] -- Installing: /home/alecr/HRI/install/open_manipulator_msgs/include/open_manipulator_msgs/open_manipulator_msgs/srv/detail/get_kinematics_pose__functions.c
[6.234s] -- Installing: /home/alecr/HRI/install/open_manipulator_msgs/include/open_manipulator_msgs/open_manipulator_msgs/srv/detail/set_actuator_state__functions.h
[6.234s] -- Installing: /home/alecr/HRI/install/open_manipulator_msgs/include/open_manipulator_msgs/open_manipulator_msgs/srv/detail/get_joint_position__functions.c
[6.234s] -- Installing: /home/alecr/HRI/install/open_manipulator_msgs/include/open_manipulator_msgs/open_manipulator_msgs/srv/detail/set_joint_position__functions.h
[6.234s] -- Installing: /home/alecr/HRI/install/open_manipulator_msgs/include/open_manipulator_msgs/open_manipulator_msgs/srv/detail/get_kinematics_pose__type_support.h
[6.234s] -- Installing: /home/alecr/HRI/install/open_manipulator_msgs/include/open_manipulator_msgs/open_manipulator_msgs/srv/detail/set_drawing_trajectory__functions.h
[6.234s] -- Installing: /home/alecr/HRI/install/open_manipulator_msgs/include/open_manipulator_msgs/open_manipulator_msgs/srv/detail/set_kinematics_pose__type_support.h
[6.234s] -- Installing: /home/alecr/HRI/install/open_manipulator_msgs/include/open_manipulator_msgs/open_manipulator_msgs/srv/detail/set_drawing_trajectory__functions.c
[6.234s] -- Installing: /home/alecr/HRI/install/open_manipulator_msgs/include/open_manipulator_msgs/open_manipulator_msgs/srv/detail/get_kinematics_pose__functions.h
[6.235s] -- Installing: /home/alecr/HRI/install/open_manipulator_msgs/include/open_manipulator_msgs/open_manipulator_msgs/srv/detail/get_joint_position__type_support.h
[6.235s] -- Installing: /home/alecr/HRI/install/open_manipulator_msgs/include/open_manipulator_msgs/open_manipulator_msgs/srv/detail/set_actuator_state__type_support.h
[6.235s] -- Installing: /home/alecr/HRI/install/open_manipulator_msgs/include/open_manipulator_msgs/open_manipulator_msgs/srv/set_joint_position.h
[6.235s] -- Up-to-date: /home/alecr/HRI/install/open_manipulator_msgs/include/open_manipulator_msgs/open_manipulator_msgs/msg
[6.235s] -- Up-to-date: /home/alecr/HRI/install/open_manipulator_msgs/include/open_manipulator_msgs/open_manipulator_msgs/msg/rosidl_generator_c__visibility_control.h
[6.235s] -- Installing: /home/alecr/HRI/install/open_manipulator_msgs/include/open_manipulator_msgs/open_manipulator_msgs/msg/open_manipulator_state.h
[6.235s] -- Installing: /home/alecr/HRI/install/open_manipulator_msgs/include/open_manipulator_msgs/open_manipulator_msgs/msg/kinematics_pose.h
[6.235s] -- Up-to-date: /home/alecr/HRI/install/open_manipulator_msgs/include/open_manipulator_msgs/open_manipulator_msgs/msg/detail
[6.235s] -- Installing: /home/alecr/HRI/install/open_manipulator_msgs/include/open_manipulator_msgs/open_manipulator_msgs/msg/detail/joint_position__functions.h
[6.235s] -- Installing: /home/alecr/HRI/install/open_manipulator_msgs/include/open_manipulator_msgs/open_manipulator_msgs/msg/detail/open_manipulator_state__type_support.h
[6.235s] -- Installing: /home/alecr/HRI/install/open_manipulator_msgs/include/open_manipulator_msgs/open_manipulator_msgs/msg/detail/joint_position__struct.h
[6.236s] -- Installing: /home/alecr/HRI/install/open_manipulator_msgs/include/open_manipulator_msgs/open_manipulator_msgs/msg/detail/kinematics_pose__type_support.h
[6.236s] -- Installing: /home/alecr/HRI/install/open_manipulator_msgs/include/open_manipulator_msgs/open_manipulator_msgs/msg/detail/kinematics_pose__functions.c
[6.236s] -- Installing: /home/alecr/HRI/install/open_manipulator_msgs/include/open_manipulator_msgs/open_manipulator_msgs/msg/detail/kinematics_pose__struct.h
[6.236s] -- Installing: /home/alecr/HRI/install/open_manipulator_msgs/include/open_manipulator_msgs/open_manipulator_msgs/msg/detail/joint_position__functions.c
[6.236s] -- Installing: /home/alecr/HRI/install/open_manipulator_msgs/include/open_manipulator_msgs/open_manipulator_msgs/msg/detail/open_manipulator_state__functions.h
[6.236s] -- Installing: /home/alecr/HRI/install/open_manipulator_msgs/include/open_manipulator_msgs/open_manipulator_msgs/msg/detail/kinematics_pose__functions.h
[6.236s] -- Installing: /home/alecr/HRI/install/open_manipulator_msgs/include/open_manipulator_msgs/open_manipulator_msgs/msg/detail/open_manipulator_state__functions.c
[6.236s] -- Installing: /home/alecr/HRI/install/open_manipulator_msgs/include/open_manipulator_msgs/open_manipulator_msgs/msg/detail/joint_position__type_support.h
[6.236s] -- Installing: /home/alecr/HRI/install/open_manipulator_msgs/include/open_manipulator_msgs/open_manipulator_msgs/msg/detail/open_manipulator_state__struct.h
[6.236s] -- Installing: /home/alecr/HRI/install/open_manipulator_msgs/include/open_manipulator_msgs/open_manipulator_msgs/msg/joint_position.h
[6.236s] -- Installing: /home/alecr/HRI/install/open_manipulator_msgs/share/open_manipulator_msgs/environment/library_path.sh
[6.237s] -- Installing: /home/alecr/HRI/install/open_manipulator_msgs/share/open_manipulator_msgs/environment/library_path.dsv
[6.237s] -- Installing: /home/alecr/HRI/install/open_manipulator_msgs/lib/libopen_manipulator_msgs__rosidl_generator_c.so
[6.237s] -- Set runtime path of "/home/alecr/HRI/install/open_manipulator_msgs/lib/libopen_manipulator_msgs__rosidl_generator_c.so" to ""
[6.237s] -- Up-to-date: /home/alecr/HRI/install/open_manipulator_msgs/include/open_manipulator_msgs/open_manipulator_msgs
[6.237s] -- Up-to-date: /home/alecr/HRI/install/open_manipulator_msgs/include/open_manipulator_msgs/open_manipulator_msgs/srv
[6.237s] -- Up-to-date: /home/alecr/HRI/install/open_manipulator_msgs/include/open_manipulator_msgs/open_manipulator_msgs/srv/detail
[6.237s] -- Installing: /home/alecr/HRI/install/open_manipulator_msgs/include/open_manipulator_msgs/open_manipulator_msgs/srv/detail/set_kinematics_pose__rosidl_typesupport_fastrtps_c.h
[6.237s] -- Installing: /home/alecr/HRI/install/open_manipulator_msgs/include/open_manipulator_msgs/open_manipulator_msgs/srv/detail/get_joint_position__rosidl_typesupport_fastrtps_c.h
[6.237s] -- Installing: /home/alecr/HRI/install/open_manipulator_msgs/include/open_manipulator_msgs/open_manipulator_msgs/srv/detail/set_joint_position__rosidl_typesupport_fastrtps_c.h
[6.237s] -- Installing: /home/alecr/HRI/install/open_manipulator_msgs/include/open_manipulator_msgs/open_manipulator_msgs/srv/detail/set_drawing_trajectory__rosidl_typesupport_fastrtps_c.h
[6.238s] -- Installing: /home/alecr/HRI/install/open_manipulator_msgs/include/open_manipulator_msgs/open_manipulator_msgs/srv/detail/get_kinematics_pose__rosidl_typesupport_fastrtps_c.h
[6.238s] -- Installing: /home/alecr/HRI/install/open_manipulator_msgs/include/open_manipulator_msgs/open_manipulator_msgs/srv/detail/set_actuator_state__rosidl_typesupport_fastrtps_c.h
[6.238s] -- Up-to-date: /home/alecr/HRI/install/open_manipulator_msgs/include/open_manipulator_msgs/open_manipulator_msgs/msg
[6.238s] -- Up-to-date: /home/alecr/HRI/install/open_manipulator_msgs/include/open_manipulator_msgs/open_manipulator_msgs/msg/rosidl_typesupport_fastrtps_c__visibility_control.h
[6.238s] -- Up-to-date: /home/alecr/HRI/install/open_manipulator_msgs/include/open_manipulator_msgs/open_manipulator_msgs/msg/detail
[6.238s] -- Installing: /home/alecr/HRI/install/open_manipulator_msgs/include/open_manipulator_msgs/open_manipulator_msgs/msg/detail/open_manipulator_state__rosidl_typesupport_fastrtps_c.h
[6.238s] -- Installing: /home/alecr/HRI/install/open_manipulator_msgs/include/open_manipulator_msgs/open_manipulator_msgs/msg/detail/kinematics_pose__rosidl_typesupport_fastrtps_c.h
[6.238s] -- Installing: /home/alecr/HRI/install/open_manipulator_msgs/include/open_manipulator_msgs/open_manipulator_msgs/msg/detail/joint_position__rosidl_typesupport_fastrtps_c.h
[6.238s] -- Installing: /home/alecr/HRI/install/open_manipulator_msgs/lib/libopen_manipulator_msgs__rosidl_typesupport_fastrtps_c.so
[6.238s] -- Set runtime path of "/home/alecr/HRI/install/open_manipulator_msgs/lib/libopen_manipulator_msgs__rosidl_typesupport_fastrtps_c.so" to ""
[6.238s] -- Up-to-date: /home/alecr/HRI/install/open_manipulator_msgs/include/open_manipulator_msgs/open_manipulator_msgs
[6.239s] -- Up-to-date: /home/alecr/HRI/install/open_manipulator_msgs/include/open_manipulator_msgs/open_manipulator_msgs/srv
[6.239s] -- Installing: /home/alecr/HRI/install/open_manipulator_msgs/include/open_manipulator_msgs/open_manipulator_msgs/srv/get_joint_position.hpp
[6.239s] -- Installing: /home/alecr/HRI/install/open_manipulator_msgs/include/open_manipulator_msgs/open_manipulator_msgs/srv/set_actuator_state.hpp
[6.239s] -- Installing: /home/alecr/HRI/install/open_manipulator_msgs/include/open_manipulator_msgs/open_manipulator_msgs/srv/set_drawing_trajectory.hpp
[6.239s] -- Installing: /home/alecr/HRI/install/open_manipulator_msgs/include/open_manipulator_msgs/open_manipulator_msgs/srv/get_kinematics_pose.hpp
[6.239s] -- Installing: /home/alecr/HRI/install/open_manipulator_msgs/include/open_manipulator_msgs/open_manipulator_msgs/srv/set_kinematics_pose.hpp
[6.239s] -- Installing: /home/alecr/HRI/install/open_manipulator_msgs/include/open_manipulator_msgs/open_manipulator_msgs/srv/set_joint_position.hpp
[6.239s] -- Up-to-date: /home/alecr/HRI/install/open_manipulator_msgs/include/open_manipulator_msgs/open_manipulator_msgs/srv/detail
[6.239s] -- Installing: /home/alecr/HRI/install/open_manipulator_msgs/include/open_manipulator_msgs/open_manipulator_msgs/srv/detail/set_drawing_trajectory__struct.hpp
[6.239s] -- Installing: /home/alecr/HRI/install/open_manipulator_msgs/include/open_manipulator_msgs/open_manipulator_msgs/srv/detail/set_kinematics_pose__type_support.hpp
[6.239s] -- Installing: /home/alecr/HRI/install/open_manipulator_msgs/include/open_manipulator_msgs/open_manipulator_msgs/srv/detail/set_actuator_state__struct.hpp
[6.240s] -- Installing: /home/alecr/HRI/install/open_manipulator_msgs/include/open_manipulator_msgs/open_manipulator_msgs/srv/detail/get_joint_position__traits.hpp
[6.240s] -- Installing: /home/alecr/HRI/install/open_manipulator_msgs/include/open_manipulator_msgs/open_manipulator_msgs/srv/detail/get_joint_position__builder.hpp
[6.240s] -- Installing: /home/alecr/HRI/install/open_manipulator_msgs/include/open_manipulator_msgs/open_manipulator_msgs/srv/detail/set_drawing_trajectory__traits.hpp
[6.240s] -- Installing: /home/alecr/HRI/install/open_manipulator_msgs/include/open_manipulator_msgs/open_manipulator_msgs/srv/detail/get_kinematics_pose__type_support.hpp
[6.240s] -- Installing: /home/alecr/HRI/install/open_manipulator_msgs/include/open_manipulator_msgs/open_manipulator_msgs/srv/detail/set_joint_position__type_support.hpp
[6.240s] -- Installing: /home/alecr/HRI/install/open_manipulator_msgs/include/open_manipulator_msgs/open_manipulator_msgs/srv/detail/get_kinematics_pose__builder.hpp
[6.240s] -- Installing: /home/alecr/HRI/install/open_manipulator_msgs/include/open_manipulator_msgs/open_manipulator_msgs/srv/detail/set_drawing_trajectory__builder.hpp
[6.240s] -- Installing: /home/alecr/HRI/install/open_manipulator_msgs/include/open_manipulator_msgs/open_manipulator_msgs/srv/detail/get_joint_position__type_support.hpp
[6.240s] -- Installing: /home/alecr/HRI/install/open_manipulator_msgs/include/open_manipulator_msgs/open_manipulator_msgs/srv/detail/set_joint_position__struct.hpp
[6.240s] -- Installing: /home/alecr/HRI/install/open_manipulator_msgs/include/open_manipulator_msgs/open_manipulator_msgs/srv/detail/get_kinematics_pose__struct.hpp
[6.240s] -- Installing: /home/alecr/HRI/install/open_manipulator_msgs/include/open_manipulator_msgs/open_manipulator_msgs/srv/detail/set_actuator_state__traits.hpp
[6.240s] -- Installing: /home/alecr/HRI/install/open_manipulator_msgs/include/open_manipulator_msgs/open_manipulator_msgs/srv/detail/set_actuator_state__type_support.hpp
[6.240s] -- Installing: /home/alecr/HRI/install/open_manipulator_msgs/include/open_manipulator_msgs/open_manipulator_msgs/srv/detail/set_drawing_trajectory__type_support.hpp
[6.240s] -- Installing: /home/alecr/HRI/install/open_manipulator_msgs/include/open_manipulator_msgs/open_manipulator_msgs/srv/detail/get_kinematics_pose__traits.hpp
[6.240s] -- Installing: /home/alecr/HRI/install/open_manipulator_msgs/include/open_manipulator_msgs/open_manipulator_msgs/srv/detail/set_kinematics_pose__traits.hpp
[6.241s] -- Installing: /home/alecr/HRI/install/open_manipulator_msgs/include/open_manipulator_msgs/open_manipulator_msgs/srv/detail/set_kinematics_pose__struct.hpp
[6.241s] -- Installing: /home/alecr/HRI/install/open_manipulator_msgs/include/open_manipulator_msgs/open_manipulator_msgs/srv/detail/set_joint_position__traits.hpp
[6.241s] -- Installing: /home/alecr/HRI/install/open_manipulator_msgs/include/open_manipulator_msgs/open_manipulator_msgs/srv/detail/set_kinematics_pose__builder.hpp
[6.241s] -- Installing: /home/alecr/HRI/install/open_manipulator_msgs/include/open_manipulator_msgs/open_manipulator_msgs/srv/detail/set_joint_position__builder.hpp
[6.241s] -- Installing: /home/alecr/HRI/install/open_manipulator_msgs/include/open_manipulator_msgs/open_manipulator_msgs/srv/detail/get_joint_position__struct.hpp
[6.241s] -- Installing: /home/alecr/HRI/install/open_manipulator_msgs/include/open_manipulator_msgs/open_manipulator_msgs/srv/detail/set_actuator_state__builder.hpp
[6.241s] -- Up-to-date: /home/alecr/HRI/install/open_manipulator_msgs/include/open_manipulator_msgs/open_manipulator_msgs/msg
[6.241s] -- Up-to-date: /home/alecr/HRI/install/open_manipulator_msgs/include/open_manipulator_msgs/open_manipulator_msgs/msg/rosidl_generator_cpp__visibility_control.hpp
[6.241s] -- Installing: /home/alecr/HRI/install/open_manipulator_msgs/include/open_manipulator_msgs/open_manipulator_msgs/msg/open_manipulator_state.hpp
[6.241s] -- Up-to-date: /home/alecr/HRI/install/open_manipulator_msgs/include/open_manipulator_msgs/open_manipulator_msgs/msg/detail
[6.241s] -- Installing: /home/alecr/HRI/install/open_manipulator_msgs/include/open_manipulator_msgs/open_manipulator_msgs/msg/detail/kinematics_pose__struct.hpp
[6.241s] -- Installing: /home/alecr/HRI/install/open_manipulator_msgs/include/open_manipulator_msgs/open_manipulator_msgs/msg/detail/open_manipulator_state__struct.hpp
[6.241s] -- Installing: /home/alecr/HRI/install/open_manipulator_msgs/include/open_manipulator_msgs/open_manipulator_msgs/msg/detail/joint_position__type_support.hpp
[6.241s] -- Installing: /home/alecr/HRI/install/open_manipulator_msgs/include/open_manipulator_msgs/open_manipulator_msgs/msg/detail/joint_position__builder.hpp
[6.241s] -- Installing: /home/alecr/HRI/install/open_manipulator_msgs/include/open_manipulator_msgs/open_manipulator_msgs/msg/detail/joint_position__struct.hpp
[6.241s] -- Installing: /home/alecr/HRI/install/open_manipulator_msgs/include/open_manipulator_msgs/open_manipulator_msgs/msg/detail/open_manipulator_state__builder.hpp
[6.241s] -- Installing: /home/alecr/HRI/install/open_manipulator_msgs/include/open_manipulator_msgs/open_manipulator_msgs/msg/detail/open_manipulator_state__type_support.hpp
[6.241s] -- Installing: /home/alecr/HRI/install/open_manipulator_msgs/include/open_manipulator_msgs/open_manipulator_msgs/msg/detail/joint_position__traits.hpp
[6.241s] -- Installing: /home/alecr/HRI/install/open_manipulator_msgs/include/open_manipulator_msgs/open_manipulator_msgs/msg/detail/open_manipulator_state__traits.hpp
[6.241s] -- Installing: /home/alecr/HRI/install/open_manipulator_msgs/include/open_manipulator_msgs/open_manipulator_msgs/msg/detail/kinematics_pose__type_support.hpp
[6.241s] -- Installing: /home/alecr/HRI/install/open_manipulator_msgs/include/open_manipulator_msgs/open_manipulator_msgs/msg/detail/kinematics_pose__traits.hpp
[6.241s] -- Installing: /home/alecr/HRI/install/open_manipulator_msgs/include/open_manipulator_msgs/open_manipulator_msgs/msg/detail/kinematics_pose__builder.hpp
[6.241s] -- Installing: /home/alecr/HRI/install/open_manipulator_msgs/include/open_manipulator_msgs/open_manipulator_msgs/msg/joint_position.hpp
[6.241s] -- Installing: /home/alecr/HRI/install/open_manipulator_msgs/include/open_manipulator_msgs/open_manipulator_msgs/msg/kinematics_pose.hpp
[6.241s] -- Up-to-date: /home/alecr/HRI/install/open_manipulator_msgs/include/open_manipulator_msgs/open_manipulator_msgs
[6.241s] -- Up-to-date: /home/alecr/HRI/install/open_manipulator_msgs/include/open_manipulator_msgs/open_manipulator_msgs/srv
[6.242s] -- Up-to-date: /home/alecr/HRI/install/open_manipulator_msgs/include/open_manipulator_msgs/open_manipulator_msgs/srv/detail
[6.242s] -- Installing: /home/alecr/HRI/install/open_manipulator_msgs/include/open_manipulator_msgs/open_manipulator_msgs/srv/detail/get_joint_position__rosidl_typesupport_fastrtps_cpp.hpp
[6.242s] -- Installing: /home/alecr/HRI/install/open_manipulator_msgs/include/open_manipulator_msgs/open_manipulator_msgs/srv/detail/get_kinematics_pose__rosidl_typesupport_fastrtps_cpp.hpp
[6.242s] -- Installing: /home/alecr/HRI/install/open_manipulator_msgs/include/open_manipulator_msgs/open_manipulator_msgs/srv/detail/set_actuator_state__rosidl_typesupport_fastrtps_cpp.hpp
[6.242s] -- Installing: /home/alecr/HRI/install/open_manipulator_msgs/include/open_manipulator_msgs/open_manipulator_msgs/srv/detail/set_kinematics_pose__rosidl_typesupport_fastrtps_cpp.hpp
[6.242s] -- Installing: /home/alecr/HRI/install/open_manipulator_msgs/include/open_manipulator_msgs/open_manipulator_msgs/srv/detail/set_joint_position__rosidl_typesupport_fastrtps_cpp.hpp
[6.242s] -- Installing: /home/alecr/HRI/install/open_manipulator_msgs/include/open_manipulator_msgs/open_manipulator_msgs/srv/detail/set_drawing_trajectory__rosidl_typesupport_fastrtps_cpp.hpp
[6.242s] -- Up-to-date: /home/alecr/HRI/install/open_manipulator_msgs/include/open_manipulator_msgs/open_manipulator_msgs/srv/detail/dds_fastrtps
[6.242s] -- Up-to-date: /home/alecr/HRI/install/open_manipulator_msgs/include/open_manipulator_msgs/open_manipulator_msgs/msg
[6.242s] -- Up-to-date: /home/alecr/HRI/install/open_manipulator_msgs/include/open_manipulator_msgs/open_manipulator_msgs/msg/rosidl_typesupport_fastrtps_cpp__visibility_control.h
[6.242s] -- Up-to-date: /home/alecr/HRI/install/open_manipulator_msgs/include/open_manipulator_msgs/open_manipulator_msgs/msg/detail
[6.242s] -- Installing: /home/alecr/HRI/install/open_manipulator_msgs/include/open_manipulator_msgs/open_manipulator_msgs/msg/detail/open_manipulator_state__rosidl_typesupport_fastrtps_cpp.hpp
[6.242s] -- Up-to-date: /home/alecr/HRI/install/open_manipulator_msgs/include/open_manipulator_msgs/open_manipulator_msgs/msg/detail/dds_fastrtps
[6.242s] -- Installing: /home/alecr/HRI/install/open_manipulator_msgs/include/open_manipulator_msgs/open_manipulator_msgs/msg/detail/joint_position__rosidl_typesupport_fastrtps_cpp.hpp
[6.242s] -- Installing: /home/alecr/HRI/install/open_manipulator_msgs/include/open_manipulator_msgs/open_manipulator_msgs/msg/detail/kinematics_pose__rosidl_typesupport_fastrtps_cpp.hpp
[6.242s] -- Installing: /home/alecr/HRI/install/open_manipulator_msgs/lib/libopen_manipulator_msgs__rosidl_typesupport_fastrtps_cpp.so
[6.242s] -- Set runtime path of "/home/alecr/HRI/install/open_manipulator_msgs/lib/libopen_manipulator_msgs__rosidl_typesupport_fastrtps_cpp.so" to ""
[6.242s] -- Up-to-date: /home/alecr/HRI/install/open_manipulator_msgs/include/open_manipulator_msgs/open_manipulator_msgs
[6.242s] -- Up-to-date: /home/alecr/HRI/install/open_manipulator_msgs/include/open_manipulator_msgs/open_manipulator_msgs/srv
[6.242s] -- Up-to-date: /home/alecr/HRI/install/open_manipulator_msgs/include/open_manipulator_msgs/open_manipulator_msgs/srv/detail
[6.242s] -- Installing: /home/alecr/HRI/install/open_manipulator_msgs/include/open_manipulator_msgs/open_manipulator_msgs/srv/detail/get_kinematics_pose__rosidl_typesupport_introspection_c.h
[6.242s] -- Installing: /home/alecr/HRI/install/open_manipulator_msgs/include/open_manipulator_msgs/open_manipulator_msgs/srv/detail/get_kinematics_pose__type_support.c
[6.242s] -- Installing: /home/alecr/HRI/install/open_manipulator_msgs/include/open_manipulator_msgs/open_manipulator_msgs/srv/detail/set_actuator_state__rosidl_typesupport_introspection_c.h
[6.242s] -- Installing: /home/alecr/HRI/install/open_manipulator_msgs/include/open_manipulator_msgs/open_manipulator_msgs/srv/detail/set_kinematics_pose__type_support.c
[6.242s] -- Installing: /home/alecr/HRI/install/open_manipulator_msgs/include/open_manipulator_msgs/open_manipulator_msgs/srv/detail/set_drawing_trajectory__rosidl_typesupport_introspection_c.h
[6.242s] -- Installing: /home/alecr/HRI/install/open_manipulator_msgs/include/open_manipulator_msgs/open_manipulator_msgs/srv/detail/set_kinematics_pose__rosidl_typesupport_introspection_c.h
[6.242s] -- Installing: /home/alecr/HRI/install/open_manipulator_msgs/include/open_manipulator_msgs/open_manipulator_msgs/srv/detail/get_joint_position__type_support.c
[6.243s] -- Installing: /home/alecr/HRI/install/open_manipulator_msgs/include/open_manipulator_msgs/open_manipulator_msgs/srv/detail/set_drawing_trajectory__type_support.c
[6.243s] -- Installing: /home/alecr/HRI/install/open_manipulator_msgs/include/open_manipulator_msgs/open_manipulator_msgs/srv/detail/set_joint_position__rosidl_typesupport_introspection_c.h
[6.243s] -- Installing: /home/alecr/HRI/install/open_manipulator_msgs/include/open_manipulator_msgs/open_manipulator_msgs/srv/detail/set_joint_position__type_support.c
[6.243s] -- Installing: /home/alecr/HRI/install/open_manipulator_msgs/include/open_manipulator_msgs/open_manipulator_msgs/srv/detail/get_joint_position__rosidl_typesupport_introspection_c.h
[6.243s] -- Installing: /home/alecr/HRI/install/open_manipulator_msgs/include/open_manipulator_msgs/open_manipulator_msgs/srv/detail/set_actuator_state__type_support.c
[6.243s] -- Up-to-date: /home/alecr/HRI/install/open_manipulator_msgs/include/open_manipulator_msgs/open_manipulator_msgs/msg
[6.243s] -- Up-to-date: /home/alecr/HRI/install/open_manipulator_msgs/include/open_manipulator_msgs/open_manipulator_msgs/msg/rosidl_typesupport_introspection_c__visibility_control.h
[6.243s] -- Up-to-date: /home/alecr/HRI/install/open_manipulator_msgs/include/open_manipulator_msgs/open_manipulator_msgs/msg/detail
[6.243s] -- Installing: /home/alecr/HRI/install/open_manipulator_msgs/include/open_manipulator_msgs/open_manipulator_msgs/msg/detail/joint_position__rosidl_typesupport_introspection_c.h
[6.243s] -- Installing: /home/alecr/HRI/install/open_manipulator_msgs/include/open_manipulator_msgs/open_manipulator_msgs/msg/detail/kinematics_pose__type_support.c
[6.243s] -- Installing: /home/alecr/HRI/install/open_manipulator_msgs/include/open_manipulator_msgs/open_manipulator_msgs/msg/detail/joint_position__type_support.c
[6.243s] -- Installing: /home/alecr/HRI/install/open_manipulator_msgs/include/open_manipulator_msgs/open_manipulator_msgs/msg/detail/open_manipulator_state__type_support.c
[6.243s] -- Installing: /home/alecr/HRI/install/open_manipulator_msgs/include/open_manipulator_msgs/open_manipulator_msgs/msg/detail/kinematics_pose__rosidl_typesupport_introspection_c.h
[6.243s] -- Installing: /home/alecr/HRI/install/open_manipulator_msgs/include/open_manipulator_msgs/open_manipulator_msgs/msg/detail/open_manipulator_state__rosidl_typesupport_introspection_c.h
[6.243s] -- Installing: /home/alecr/HRI/install/open_manipulator_msgs/lib/libopen_manipulator_msgs__rosidl_typesupport_introspection_c.so
[6.243s] -- Set runtime path of "/home/alecr/HRI/install/open_manipulator_msgs/lib/libopen_manipulator_msgs__rosidl_typesupport_introspection_c.so" to ""
[6.243s] -- Installing: /home/alecr/HRI/install/open_manipulator_msgs/lib/libopen_manipulator_msgs__rosidl_typesupport_c.so
[6.243s] -- Set runtime path of "/home/alecr/HRI/install/open_manipulator_msgs/lib/libopen_manipulator_msgs__rosidl_typesupport_c.so" to ""
[6.243s] -- Up-to-date: /home/alecr/HRI/install/open_manipulator_msgs/include/open_manipulator_msgs/open_manipulator_msgs
[6.243s] -- Up-to-date: /home/alecr/HRI/install/open_manipulator_msgs/include/open_manipulator_msgs/open_manipulator_msgs/srv
[6.243s] -- Up-to-date: /home/alecr/HRI/install/open_manipulator_msgs/include/open_manipulator_msgs/open_manipulator_msgs/srv/detail
[6.243s] -- Installing: /home/alecr/HRI/install/open_manipulator_msgs/include/open_manipulator_msgs/open_manipulator_msgs/srv/detail/get_joint_position__rosidl_typesupport_introspection_cpp.hpp
[6.243s] -- Installing: /home/alecr/HRI/install/open_manipulator_msgs/include/open_manipulator_msgs/open_manipulator_msgs/srv/detail/get_joint_position__type_support.cpp
[6.243s] -- Installing: /home/alecr/HRI/install/open_manipulator_msgs/include/open_manipulator_msgs/open_manipulator_msgs/srv/detail/set_joint_position__rosidl_typesupport_introspection_cpp.hpp
[6.243s] -- Installing: /home/alecr/HRI/install/open_manipulator_msgs/include/open_manipulator_msgs/open_manipulator_msgs/srv/detail/get_kinematics_pose__type_support.cpp
[6.243s] -- Installing: /home/alecr/HRI/install/open_manipulator_msgs/include/open_manipulator_msgs/open_manipulator_msgs/srv/detail/set_actuator_state__rosidl_typesupport_introspection_cpp.hpp
[6.243s] -- Installing: /home/alecr/HRI/install/open_manipulator_msgs/include/open_manipulator_msgs/open_manipulator_msgs/srv/detail/set_kinematics_pose__type_support.cpp
[6.243s] -- Installing: /home/alecr/HRI/install/open_manipulator_msgs/include/open_manipulator_msgs/open_manipulator_msgs/srv/detail/set_joint_position__type_support.cpp
[6.243s] -- Installing: /home/alecr/HRI/install/open_manipulator_msgs/include/open_manipulator_msgs/open_manipulator_msgs/srv/detail/get_kinematics_pose__rosidl_typesupport_introspection_cpp.hpp
[6.244s] -- Installing: /home/alecr/HRI/install/open_manipulator_msgs/include/open_manipulator_msgs/open_manipulator_msgs/srv/detail/set_drawing_trajectory__type_support.cpp
[6.244s] -- Installing: /home/alecr/HRI/install/open_manipulator_msgs/include/open_manipulator_msgs/open_manipulator_msgs/srv/detail/set_drawing_trajectory__rosidl_typesupport_introspection_cpp.hpp
[6.244s] -- Installing: /home/alecr/HRI/install/open_manipulator_msgs/include/open_manipulator_msgs/open_manipulator_msgs/srv/detail/set_kinematics_pose__rosidl_typesupport_introspection_cpp.hpp
[6.244s] -- Installing: /home/alecr/HRI/install/open_manipulator_msgs/include/open_manipulator_msgs/open_manipulator_msgs/srv/detail/set_actuator_state__type_support.cpp
[6.244s] -- Up-to-date: /home/alecr/HRI/install/open_manipulator_msgs/include/open_manipulator_msgs/open_manipulator_msgs/msg
[6.244s] -- Up-to-date: /home/alecr/HRI/install/open_manipulator_msgs/include/open_manipulator_msgs/open_manipulator_msgs/msg/detail
[6.244s] -- Installing: /home/alecr/HRI/install/open_manipulator_msgs/include/open_manipulator_msgs/open_manipulator_msgs/msg/detail/kinematics_pose__rosidl_typesupport_introspection_cpp.hpp
[6.244s] -- Installing: /home/alecr/HRI/install/open_manipulator_msgs/include/open_manipulator_msgs/open_manipulator_msgs/msg/detail/open_manipulator_state__rosidl_typesupport_introspection_cpp.hpp
[6.244s] -- Installing: /home/alecr/HRI/install/open_manipulator_msgs/include/open_manipulator_msgs/open_manipulator_msgs/msg/detail/joint_position__type_support.cpp
[6.244s] -- Installing: /home/alecr/HRI/install/open_manipulator_msgs/include/open_manipulator_msgs/open_manipulator_msgs/msg/detail/open_manipulator_state__type_support.cpp
[6.244s] -- Installing: /home/alecr/HRI/install/open_manipulator_msgs/include/open_manipulator_msgs/open_manipulator_msgs/msg/detail/kinematics_pose__type_support.cpp
[6.244s] -- Installing: /home/alecr/HRI/install/open_manipulator_msgs/include/open_manipulator_msgs/open_manipulator_msgs/msg/detail/joint_position__rosidl_typesupport_introspection_cpp.hpp
[6.244s] -- Installing: /home/alecr/HRI/install/open_manipulator_msgs/lib/libopen_manipulator_msgs__rosidl_typesupport_introspection_cpp.so
[6.244s] -- Set runtime path of "/home/alecr/HRI/install/open_manipulator_msgs/lib/libopen_manipulator_msgs__rosidl_typesupport_introspection_cpp.so" to ""
[6.244s] -- Installing: /home/alecr/HRI/install/open_manipulator_msgs/lib/libopen_manipulator_msgs__rosidl_typesupport_cpp.so
[6.244s] -- Set runtime path of "/home/alecr/HRI/install/open_manipulator_msgs/lib/libopen_manipulator_msgs__rosidl_typesupport_cpp.so" to ""
[6.244s] -- Up-to-date: /home/alecr/HRI/install/open_manipulator_msgs/share/open_manipulator_msgs/environment/pythonpath.sh
[6.244s] -- Installing: /home/alecr/HRI/install/open_manipulator_msgs/share/open_manipulator_msgs/environment/pythonpath.dsv
[6.244s] -- Up-to-date: /home/alecr/HRI/install/open_manipulator_msgs/local/lib/python3.10/dist-packages/open_manipulator_msgs-2.2.0-py3.10.egg-info
[6.244s] -- Installing: /home/alecr/HRI/install/open_manipulator_msgs/local/lib/python3.10/dist-packages/open_manipulator_msgs-2.2.0-py3.10.egg-info/SOURCES.txt
[6.244s] -- Installing: /home/alecr/HRI/install/open_manipulator_msgs/local/lib/python3.10/dist-packages/open_manipulator_msgs-2.2.0-py3.10.egg-info/dependency_links.txt
[6.244s] -- Installing: /home/alecr/HRI/install/open_manipulator_msgs/local/lib/python3.10/dist-packages/open_manipulator_msgs-2.2.0-py3.10.egg-info/top_level.txt
[6.244s] -- Installing: /home/alecr/HRI/install/open_manipulator_msgs/local/lib/python3.10/dist-packages/open_manipulator_msgs-2.2.0-py3.10.egg-info/PKG-INFO
[6.244s] -- Up-to-date: /home/alecr/HRI/install/open_manipulator_msgs/local/lib/python3.10/dist-packages/open_manipulator_msgs
[6.244s] -- Installing: /home/alecr/HRI/install/open_manipulator_msgs/local/lib/python3.10/dist-packages/open_manipulator_msgs/open_manipulator_msgs_s__rosidl_typesupport_fastrtps_c.cpython-310-x86_64-linux-gnu.so
[6.244s] -- Installing: /home/alecr/HRI/install/open_manipulator_msgs/local/lib/python3.10/dist-packages/open_manipulator_msgs/open_manipulator_msgs_s__rosidl_typesupport_c.cpython-310-x86_64-linux-gnu.so
[6.244s] -- Up-to-date: /home/alecr/HRI/install/open_manipulator_msgs/local/lib/python3.10/dist-packages/open_manipulator_msgs/srv
[6.244s] -- Installing: /home/alecr/HRI/install/open_manipulator_msgs/local/lib/python3.10/dist-packages/open_manipulator_msgs/srv/_set_actuator_state_s.c
[6.245s] -- Installing: /home/alecr/HRI/install/open_manipulator_msgs/local/lib/python3.10/dist-packages/open_manipulator_msgs/srv/_set_joint_position.py
[6.245s] -- Installing: /home/alecr/HRI/install/open_manipulator_msgs/local/lib/python3.10/dist-packages/open_manipulator_msgs/srv/_set_joint_position_s.c
[6.245s] -- Installing: /home/alecr/HRI/install/open_manipulator_msgs/local/lib/python3.10/dist-packages/open_manipulator_msgs/srv/_set_kinematics_pose_s.c
[6.245s] -- Installing: /home/alecr/HRI/install/open_manipulator_msgs/local/lib/python3.10/dist-packages/open_manipulator_msgs/srv/_get_kinematics_pose.py
[6.245s] -- Installing: /home/alecr/HRI/install/open_manipulator_msgs/local/lib/python3.10/dist-packages/open_manipulator_msgs/srv/_get_joint_position_s.c
[6.245s] -- Installing: /home/alecr/HRI/install/open_manipulator_msgs/local/lib/python3.10/dist-packages/open_manipulator_msgs/srv/_set_actuator_state.py
[6.245s] -- Installing: /home/alecr/HRI/install/open_manipulator_msgs/local/lib/python3.10/dist-packages/open_manipulator_msgs/srv/_get_joint_position.py
[6.245s] -- Installing: /home/alecr/HRI/install/open_manipulator_msgs/local/lib/python3.10/dist-packages/open_manipulator_msgs/srv/_set_drawing_trajectory_s.c
[6.245s] -- Installing: /home/alecr/HRI/install/open_manipulator_msgs/local/lib/python3.10/dist-packages/open_manipulator_msgs/srv/_set_kinematics_pose.py
[6.245s] -- Installing: /home/alecr/HRI/install/open_manipulator_msgs/local/lib/python3.10/dist-packages/open_manipulator_msgs/srv/__init__.py
[6.245s] -- Installing: /home/alecr/HRI/install/open_manipulator_msgs/local/lib/python3.10/dist-packages/open_manipulator_msgs/srv/_set_drawing_trajectory.py
[6.245s] -- Installing: /home/alecr/HRI/install/open_manipulator_msgs/local/lib/python3.10/dist-packages/open_manipulator_msgs/srv/_get_kinematics_pose_s.c
[6.245s] -- Installing: /home/alecr/HRI/install/open_manipulator_msgs/local/lib/python3.10/dist-packages/open_manipulator_msgs/libopen_manipulator_msgs__rosidl_generator_py.so
[6.245s] -- Installing: /home/alecr/HRI/install/open_manipulator_msgs/local/lib/python3.10/dist-packages/open_manipulator_msgs/__init__.py
[6.245s] -- Installing: /home/alecr/HRI/install/open_manipulator_msgs/local/lib/python3.10/dist-packages/open_manipulator_msgs/open_manipulator_msgs_s__rosidl_typesupport_introspection_c.cpython-310-x86_64-linux-gnu.so
[6.245s] -- Installing: /home/alecr/HRI/install/open_manipulator_msgs/local/lib/python3.10/dist-packages/open_manipulator_msgs/_open_manipulator_msgs_s.ep.rosidl_typesupport_fastrtps_c.c
[6.245s] -- Installing: /home/alecr/HRI/install/open_manipulator_msgs/local/lib/python3.10/dist-packages/open_manipulator_msgs/_open_manipulator_msgs_s.ep.rosidl_typesupport_c.c
[6.245s] -- Installing: /home/alecr/HRI/install/open_manipulator_msgs/local/lib/python3.10/dist-packages/open_manipulator_msgs/_open_manipulator_msgs_s.ep.rosidl_typesupport_introspection_c.c
[6.245s] -- Up-to-date: /home/alecr/HRI/install/open_manipulator_msgs/local/lib/python3.10/dist-packages/open_manipulator_msgs/msg
[6.245s] -- Installing: /home/alecr/HRI/install/open_manipulator_msgs/local/lib/python3.10/dist-packages/open_manipulator_msgs/msg/_joint_position_s.c
[6.245s] -- Installing: /home/alecr/HRI/install/open_manipulator_msgs/local/lib/python3.10/dist-packages/open_manipulator_msgs/msg/_open_manipulator_state.py
[6.245s] -- Installing: /home/alecr/HRI/install/open_manipulator_msgs/local/lib/python3.10/dist-packages/open_manipulator_msgs/msg/_joint_position.py
[6.245s] -- Installing: /home/alecr/HRI/install/open_manipulator_msgs/local/lib/python3.10/dist-packages/open_manipulator_msgs/msg/_open_manipulator_state_s.c
[6.245s] -- Installing: /home/alecr/HRI/install/open_manipulator_msgs/local/lib/python3.10/dist-packages/open_manipulator_msgs/msg/__init__.py
[6.245s] -- Installing: /home/alecr/HRI/install/open_manipulator_msgs/local/lib/python3.10/dist-packages/open_manipulator_msgs/msg/_kinematics_pose_s.c
[6.245s] -- Installing: /home/alecr/HRI/install/open_manipulator_msgs/local/lib/python3.10/dist-packages/open_manipulator_msgs/msg/_kinematics_pose.py
[6.282s] Listing '/home/alecr/HRI/install/open_manipulator_msgs/local/lib/python3.10/dist-packages/open_manipulator_msgs'...
[6.282s] Compiling '/home/alecr/HRI/install/open_manipulator_msgs/local/lib/python3.10/dist-packages/open_manipulator_msgs/__init__.py'...
[6.282s] Listing '/home/alecr/HRI/install/open_manipulator_msgs/local/lib/python3.10/dist-packages/open_manipulator_msgs/msg'...
[6.282s] Compiling '/home/alecr/HRI/install/open_manipulator_msgs/local/lib/python3.10/dist-packages/open_manipulator_msgs/msg/__init__.py'...
[6.282s] Compiling '/home/alecr/HRI/install/open_manipulator_msgs/local/lib/python3.10/dist-packages/open_manipulator_msgs/msg/_joint_position.py'...
[6.282s] Compiling '/home/alecr/HRI/install/open_manipulator_msgs/local/lib/python3.10/dist-packages/open_manipulator_msgs/msg/_kinematics_pose.py'...
[6.282s] Compiling '/home/alecr/HRI/install/open_manipulator_msgs/local/lib/python3.10/dist-packages/open_manipulator_msgs/msg/_open_manipulator_state.py'...
[6.282s] Listing '/home/alecr/HRI/install/open_manipulator_msgs/local/lib/python3.10/dist-packages/open_manipulator_msgs/srv'...
[6.282s] Compiling '/home/alecr/HRI/install/open_manipulator_msgs/local/lib/python3.10/dist-packages/open_manipulator_msgs/srv/__init__.py'...
[6.282s] Compiling '/home/alecr/HRI/install/open_manipulator_msgs/local/lib/python3.10/dist-packages/open_manipulator_msgs/srv/_get_joint_position.py'...
[6.282s] Compiling '/home/alecr/HRI/install/open_manipulator_msgs/local/lib/python3.10/dist-packages/open_manipulator_msgs/srv/_get_kinematics_pose.py'...
[6.282s] Compiling '/home/alecr/HRI/install/open_manipulator_msgs/local/lib/python3.10/dist-packages/open_manipulator_msgs/srv/_set_actuator_state.py'...
[6.282s] Compiling '/home/alecr/HRI/install/open_manipulator_msgs/local/lib/python3.10/dist-packages/open_manipulator_msgs/srv/_set_drawing_trajectory.py'...
[6.282s] Compiling '/home/alecr/HRI/install/open_manipulator_msgs/local/lib/python3.10/dist-packages/open_manipulator_msgs/srv/_set_joint_position.py'...
[6.282s] Compiling '/home/alecr/HRI/install/open_manipulator_msgs/local/lib/python3.10/dist-packages/open_manipulator_msgs/srv/_set_kinematics_pose.py'...
[6.285s] -- Installing: /home/alecr/HRI/install/open_manipulator_msgs/local/lib/python3.10/dist-packages/open_manipulator_msgs/open_manipulator_msgs_s__rosidl_typesupport_fastrtps_c.cpython-310-x86_64-linux-gnu.so
[6.285s] -- Set runtime path of "/home/alecr/HRI/install/open_manipulator_msgs/local/lib/python3.10/dist-packages/open_manipulator_msgs/open_manipulator_msgs_s__rosidl_typesupport_fastrtps_c.cpython-310-x86_64-linux-gnu.so" to ""
[6.285s] -- Installing: /home/alecr/HRI/install/open_manipulator_msgs/local/lib/python3.10/dist-packages/open_manipulator_msgs/open_manipulator_msgs_s__rosidl_typesupport_introspection_c.cpython-310-x86_64-linux-gnu.so
[6.285s] -- Set runtime path of "/home/alecr/HRI/install/open_manipulator_msgs/local/lib/python3.10/dist-packages/open_manipulator_msgs/open_manipulator_msgs_s__rosidl_typesupport_introspection_c.cpython-310-x86_64-linux-gnu.so" to ""
[6.285s] -- Installing: /home/alecr/HRI/install/open_manipulator_msgs/local/lib/python3.10/dist-packages/open_manipulator_msgs/open_manipulator_msgs_s__rosidl_typesupport_c.cpython-310-x86_64-linux-gnu.so
[6.285s] -- Set runtime path of "/home/alecr/HRI/install/open_manipulator_msgs/local/lib/python3.10/dist-packages/open_manipulator_msgs/open_manipulator_msgs_s__rosidl_typesupport_c.cpython-310-x86_64-linux-gnu.so" to ""
[6.286s] -- Installing: /home/alecr/HRI/install/open_manipulator_msgs/lib/libopen_manipulator_msgs__rosidl_generator_py.so
[6.286s] -- Set runtime path of "/home/alecr/HRI/install/open_manipulator_msgs/lib/libopen_manipulator_msgs__rosidl_generator_py.so" to ""
[6.286s] -- Up-to-date: /home/alecr/HRI/install/open_manipulator_msgs/share/ament_index/resource_index/rust_packages/open_manipulator_msgs
[6.286s] -- Up-to-date: /home/alecr/HRI/install/open_manipulator_msgs/share/open_manipulator_msgs/rust
[6.286s] -- Installing: /home/alecr/HRI/install/open_manipulator_msgs/share/open_manipulator_msgs/rust/Cargo.toml
[6.286s] -- Installing: /home/alecr/HRI/install/open_manipulator_msgs/share/open_manipulator_msgs/rust/build.rs
[6.286s] -- Up-to-date: /home/alecr/HRI/install/open_manipulator_msgs/share/open_manipulator_msgs/rust/src
[6.286s] -- Up-to-date: /home/alecr/HRI/install/open_manipulator_msgs/share/open_manipulator_msgs/rust/src/srv
[6.286s] -- Installing: /home/alecr/HRI/install/open_manipulator_msgs/share/open_manipulator_msgs/rust/src/srv/rmw.rs
[6.286s] -- Installing: /home/alecr/HRI/install/open_manipulator_msgs/share/open_manipulator_msgs/rust/src/msg.rs
[6.286s] -- Installing: /home/alecr/HRI/install/open_manipulator_msgs/share/open_manipulator_msgs/rust/src/lib.rs
[6.286s] -- Installing: /home/alecr/HRI/install/open_manipulator_msgs/share/open_manipulator_msgs/rust/src/srv.rs
[6.286s] -- Up-to-date: /home/alecr/HRI/install/open_manipulator_msgs/share/open_manipulator_msgs/rust/src/msg
[6.286s] -- Installing: /home/alecr/HRI/install/open_manipulator_msgs/share/open_manipulator_msgs/rust/src/msg/rmw.rs
[6.286s] -- Up-to-date: /home/alecr/HRI/install/open_manipulator_msgs/share/open_manipulator_msgs/msg/JointPosition.idl
[6.286s] -- Up-to-date: /home/alecr/HRI/install/open_manipulator_msgs/share/open_manipulator_msgs/msg/KinematicsPose.idl
[6.286s] -- Up-to-date: /home/alecr/HRI/install/open_manipulator_msgs/share/open_manipulator_msgs/msg/OpenManipulatorState.idl
[6.286s] -- Up-to-date: /home/alecr/HRI/install/open_manipulator_msgs/share/open_manipulator_msgs/srv/GetJointPosition.idl
[6.286s] -- Up-to-date: /home/alecr/HRI/install/open_manipulator_msgs/share/open_manipulator_msgs/srv/GetKinematicsPose.idl
[6.287s] -- Up-to-date: /home/alecr/HRI/install/open_manipulator_msgs/share/open_manipulator_msgs/srv/SetJointPosition.idl
[6.287s] -- Up-to-date: /home/alecr/HRI/install/open_manipulator_msgs/share/open_manipulator_msgs/srv/SetKinematicsPose.idl
[6.287s] -- Up-to-date: /home/alecr/HRI/install/open_manipulator_msgs/share/open_manipulator_msgs/srv/SetDrawingTrajectory.idl
[6.287s] -- Up-to-date: /home/alecr/HRI/install/open_manipulator_msgs/share/open_manipulator_msgs/srv/SetActuatorState.idl
[6.287s] -- Up-to-date: /home/alecr/HRI/install/open_manipulator_msgs/share/open_manipulator_msgs/msg/JointPosition.msg
[6.287s] -- Up-to-date: /home/alecr/HRI/install/open_manipulator_msgs/share/open_manipulator_msgs/msg/KinematicsPose.msg
[6.287s] -- Up-to-date: /home/alecr/HRI/install/open_manipulator_msgs/share/open_manipulator_msgs/msg/OpenManipulatorState.msg
[6.287s] -- Up-to-date: /home/alecr/HRI/install/open_manipulator_msgs/share/open_manipulator_msgs/srv/GetJointPosition.srv
[6.287s] -- Up-to-date: /home/alecr/HRI/install/open_manipulator_msgs/share/open_manipulator_msgs/srv/GetJointPosition_Request.msg
[6.287s] -- Up-to-date: /home/alecr/HRI/install/open_manipulator_msgs/share/open_manipulator_msgs/srv/GetJointPosition_Response.msg
[6.287s] -- Up-to-date: /home/alecr/HRI/install/open_manipulator_msgs/share/open_manipulator_msgs/srv/GetKinematicsPose.srv
[6.287s] -- Up-to-date: /home/alecr/HRI/install/open_manipulator_msgs/share/open_manipulator_msgs/srv/GetKinematicsPose_Request.msg
[6.287s] -- Up-to-date: /home/alecr/HRI/install/open_manipulator_msgs/share/open_manipulator_msgs/srv/GetKinematicsPose_Response.msg
[6.287s] -- Up-to-date: /home/alecr/HRI/install/open_manipulator_msgs/share/open_manipulator_msgs/srv/SetJointPosition.srv
[6.287s] -- Up-to-date: /home/alecr/HRI/install/open_manipulator_msgs/share/open_manipulator_msgs/srv/SetJointPosition_Request.msg
[6.287s] -- Up-to-date: /home/alecr/HRI/install/open_manipulator_msgs/share/open_manipulator_msgs/srv/SetJointPosition_Response.msg
[6.287s] -- Up-to-date: /home/alecr/HRI/install/open_manipulator_msgs/share/open_manipulator_msgs/srv/SetKinematicsPose.srv
[6.287s] -- Up-to-date: /home/alecr/HRI/install/open_manipulator_msgs/share/open_manipulator_msgs/srv/SetKinematicsPose_Request.msg
[6.287s] -- Up-to-date: /home/alecr/HRI/install/open_manipulator_msgs/share/open_manipulator_msgs/srv/SetKinematicsPose_Response.msg
[6.287s] -- Up-to-date: /home/alecr/HRI/install/open_manipulator_msgs/share/open_manipulator_msgs/srv/SetDrawingTrajectory.srv
[6.287s] -- Up-to-date: /home/alecr/HRI/install/open_manipulator_msgs/share/open_manipulator_msgs/srv/SetDrawingTrajectory_Request.msg
[6.287s] -- Up-to-date: /home/alecr/HRI/install/open_manipulator_msgs/share/open_manipulator_msgs/srv/SetDrawingTrajectory_Response.msg
[6.287s] -- Up-to-date: /home/alecr/HRI/install/open_manipulator_msgs/share/open_manipulator_msgs/srv/SetActuatorState.srv
[6.287s] -- Up-to-date: /home/alecr/HRI/install/open_manipulator_msgs/share/open_manipulator_msgs/srv/SetActuatorState_Request.msg
[6.287s] -- Up-to-date: /home/alecr/HRI/install/open_manipulator_msgs/share/open_manipulator_msgs/srv/SetActuatorState_Response.msg
[6.287s] -- Up-to-date: /home/alecr/HRI/install/open_manipulator_msgs/share/ament_index/resource_index/package_run_dependencies/open_manipulator_msgs
[6.287s] -- Installing: /home/alecr/HRI/install/open_manipulator_msgs/share/ament_index/resource_index/parent_prefix_path/open_manipulator_msgs
[6.287s] -- Installing: /home/alecr/HRI/install/open_manipulator_msgs/share/open_manipulator_msgs/environment/ament_prefix_path.sh
[6.288s] -- Installing: /home/alecr/HRI/install/open_manipulator_msgs/share/open_manipulator_msgs/environment/ament_prefix_path.dsv
[6.288s] -- Installing: /home/alecr/HRI/install/open_manipulator_msgs/share/open_manipulator_msgs/environment/path.sh
[6.288s] -- Installing: /home/alecr/HRI/install/open_manipulator_msgs/share/open_manipulator_msgs/environment/path.dsv
[6.288s] -- Up-to-date: /home/alecr/HRI/install/open_manipulator_msgs/share/open_manipulator_msgs/local_setup.bash
[6.288s] -- Installing: /home/alecr/HRI/install/open_manipulator_msgs/share/open_manipulator_msgs/local_setup.sh
[6.288s] -- Up-to-date: /home/alecr/HRI/install/open_manipulator_msgs/share/open_manipulator_msgs/local_setup.zsh
[6.288s] -- Installing: /home/alecr/HRI/install/open_manipulator_msgs/share/open_manipulator_msgs/local_setup.dsv
[6.288s] -- Installing: /home/alecr/HRI/install/open_manipulator_msgs/share/open_manipulator_msgs/package.dsv
[6.288s] -- Up-to-date: /home/alecr/HRI/install/open_manipulator_msgs/share/ament_index/resource_index/packages/open_manipulator_msgs
[6.288s] -- Up-to-date: /home/alecr/HRI/install/open_manipulator_msgs/share/open_manipulator_msgs/cmake/export_open_manipulator_msgs__rosidl_generator_cExport.cmake
[6.288s] -- Up-to-date: /home/alecr/HRI/install/open_manipulator_msgs/share/open_manipulator_msgs/cmake/export_open_manipulator_msgs__rosidl_generator_cExport-noconfig.cmake
[6.288s] -- Up-to-date: /home/alecr/HRI/install/open_manipulator_msgs/share/open_manipulator_msgs/cmake/export_open_manipulator_msgs__rosidl_typesupport_fastrtps_cExport.cmake
[6.288s] -- Up-to-date: /home/alecr/HRI/install/open_manipulator_msgs/share/open_manipulator_msgs/cmake/export_open_manipulator_msgs__rosidl_typesupport_fastrtps_cExport-noconfig.cmake
[6.288s] -- Up-to-date: /home/alecr/HRI/install/open_manipulator_msgs/share/open_manipulator_msgs/cmake/export_open_manipulator_msgs__rosidl_generator_cppExport.cmake
[6.288s] -- Up-to-date: /home/alecr/HRI/install/open_manipulator_msgs/share/open_manipulator_msgs/cmake/export_open_manipulator_msgs__rosidl_typesupport_fastrtps_cppExport.cmake
[6.288s] -- Up-to-date: /home/alecr/HRI/install/open_manipulator_msgs/share/open_manipulator_msgs/cmake/export_open_manipulator_msgs__rosidl_typesupport_fastrtps_cppExport-noconfig.cmake
[6.288s] -- Up-to-date: /home/alecr/HRI/install/open_manipulator_msgs/share/open_manipulator_msgs/cmake/open_manipulator_msgs__rosidl_typesupport_introspection_cExport.cmake
[6.288s] -- Up-to-date: /home/alecr/HRI/install/open_manipulator_msgs/share/open_manipulator_msgs/cmake/open_manipulator_msgs__rosidl_typesupport_introspection_cExport-noconfig.cmake
[6.288s] -- Up-to-date: /home/alecr/HRI/install/open_manipulator_msgs/share/open_manipulator_msgs/cmake/open_manipulator_msgs__rosidl_typesupport_cExport.cmake
[6.288s] -- Up-to-date: /home/alecr/HRI/install/open_manipulator_msgs/share/open_manipulator_msgs/cmake/open_manipulator_msgs__rosidl_typesupport_cExport-noconfig.cmake
[6.288s] -- Up-to-date: /home/alecr/HRI/install/open_manipulator_msgs/share/open_manipulator_msgs/cmake/open_manipulator_msgs__rosidl_typesupport_introspection_cppExport.cmake
[6.288s] -- Up-to-date: /home/alecr/HRI/install/open_manipulator_msgs/share/open_manipulator_msgs/cmake/open_manipulator_msgs__rosidl_typesupport_introspection_cppExport-noconfig.cmake
[6.288s] -- Up-to-date: /home/alecr/HRI/install/open_manipulator_msgs/share/open_manipulator_msgs/cmake/open_manipulator_msgs__rosidl_typesupport_cppExport.cmake
[6.288s] -- Up-to-date: /home/alecr/HRI/install/open_manipulator_msgs/share/open_manipulator_msgs/cmake/open_manipulator_msgs__rosidl_typesupport_cppExport-noconfig.cmake
[6.288s] -- Up-to-date: /home/alecr/HRI/install/open_manipulator_msgs/share/open_manipulator_msgs/cmake/export_open_manipulator_msgs__rosidl_generator_pyExport.cmake
[6.288s] -- Up-to-date: /home/alecr/HRI/install/open_manipulator_msgs/share/open_manipulator_msgs/cmake/export_open_manipulator_msgs__rosidl_generator_pyExport-noconfig.cmake
[6.288s] -- Up-to-date: /home/alecr/HRI/install/open_manipulator_msgs/share/open_manipulator_msgs/cmake/rosidl_cmake-extras.cmake
[6.289s] -- Up-to-date: /home/alecr/HRI/install/open_manipulator_msgs/share/open_manipulator_msgs/cmake/ament_cmake_export_dependencies-extras.cmake
[6.289s] -- Up-to-date: /home/alecr/HRI/install/open_manipulator_msgs/share/open_manipulator_msgs/cmake/ament_cmake_export_include_directories-extras.cmake
[6.289s] -- Up-to-date: /home/alecr/HRI/install/open_manipulator_msgs/share/open_manipulator_msgs/cmake/ament_cmake_export_libraries-extras.cmake
[6.289s] -- Up-to-date: /home/alecr/HRI/install/open_manipulator_msgs/share/open_manipulator_msgs/cmake/ament_cmake_export_targets-extras.cmake
[6.289s] -- Up-to-date: /home/alecr/HRI/install/open_manipulator_msgs/share/open_manipulator_msgs/cmake/rosidl_cmake_export_typesupport_targets-extras.cmake
[6.289s] -- Up-to-date: /home/alecr/HRI/install/open_manipulator_msgs/share/open_manipulator_msgs/cmake/rosidl_cmake_export_typesupport_libraries-extras.cmake
[6.289s] -- Up-to-date: /home/alecr/HRI/install/open_manipulator_msgs/share/open_manipulator_msgs/cmake/open_manipulator_msgsConfig.cmake
[6.289s] -- Up-to-date: /home/alecr/HRI/install/open_manipulator_msgs/share/open_manipulator_msgs/cmake/open_manipulator_msgsConfig-version.cmake
[6.289s] -- Up-to-date: /home/alecr/HRI/install/open_manipulator_msgs/share/open_manipulator_msgs/package.xml
[6.290s] Invoked command in '/home/alecr/HRI/build/open_manipulator_msgs' returned '0': CMAKE_PREFIX_PATH=${CMAKE_PREFIX_PATH}:/home/alecr/HRI/install/rbe500_example_py:/home/alecr/ros2_ws/install/moveit_configs_utils:/home/alecr/ros2_ws/install/mqp_ros:/home/alecr/ros2_ws/install/mqp:/home/alecr/ros2_ws/install/launch_param_builder:/home/alecr/ros2_ws/install/MQP:/home/alecr/ros2_ws/install/HRI:/opt/ros/humble /usr/bin/cmake --install /home/alecr/HRI/build/open_manipulator_msgs
