[0.016s] Invoking command in '/home/alecr/HRI_ws/build/dynamixel_sdk': CMAKE_PREFIX_PATH=/opt/ros/humble /usr/bin/cmake /home/alecr/HRI_ws/src/DynamixelSDK/dynamixel_sdk -DCMAKE_INSTALL_PREFIX=/home/alecr/HRI_ws/install/dynamixel_sdk
[0.083s] -- The C compiler identification is GNU 11.4.0
[0.139s] -- The CXX compiler identification is GNU 11.4.0
[0.146s] -- Detecting C compiler ABI info
[0.188s] -- Detecting C compiler ABI info - done
[0.194s] -- Check for working C compiler: /usr/bin/cc - skipped
[0.194s] -- Detecting C compile features
[0.194s] -- Detecting C compile features - done
[0.196s] -- Detecting CXX compiler ABI info
[0.246s] -- Detecting CXX compiler ABI info - done
[0.255s] -- Check for working CXX compiler: /usr/bin/c++ - skipped
[0.255s] -- Detecting CXX compile features
[0.255s] -- Detecting CXX compile features - done
[0.257s] -- Found ament_cmake: 1.3.14 (/opt/ros/humble/share/ament_cmake/cmake)
[0.359s] -- Found Python3: /usr/bin/python3 (found version "3.10.12") found components: Interpreter 
[0.475s] -- Configuring done
[0.478s] -- Generating done
[0.479s] -- Build files have been written to: /home/alecr/HRI_ws/build/dynamixel_sdk
[0.482s] Invoked command in '/home/alecr/HRI_ws/build/dynamixel_sdk' returned '0': CMAKE_PREFIX_PATH=/opt/ros/humble /usr/bin/cmake /home/alecr/HRI_ws/src/DynamixelSDK/dynamixel_sdk -DCMAKE_INSTALL_PREFIX=/home/alecr/HRI_ws/install/dynamixel_sdk
[0.483s] Invoking command in '/home/alecr/HRI_ws/build/dynamixel_sdk': CMAKE_PREFIX_PATH=/opt/ros/humble /usr/bin/cmake --build /home/alecr/HRI_ws/build/dynamixel_sdk -- -j16 -l16
[0.525s] [ 10%] [32mBuilding CXX object CMakeFiles/dynamixel_sdk.dir/src/dynamixel_sdk/protocol2_packet_handler.cpp.o[0m
[0.525s] [ 20%] [32mBuilding CXX object CMakeFiles/dynamixel_sdk.dir/src/dynamixel_sdk/protocol1_packet_handler.cpp.o[0m
[0.526s] [ 30%] [32mBuilding CXX object CMakeFiles/dynamixel_sdk.dir/src/dynamixel_sdk/group_bulk_read.cpp.o[0m
[0.526s] [ 40%] [32mBuilding CXX object CMakeFiles/dynamixel_sdk.dir/src/dynamixel_sdk/group_sync_read.cpp.o[0m
[0.526s] [ 50%] [32mBuilding CXX object CMakeFiles/dynamixel_sdk.dir/src/dynamixel_sdk/group_sync_write.cpp.o[0m
[0.526s] [ 60%] [32mBuilding CXX object CMakeFiles/dynamixel_sdk.dir/src/dynamixel_sdk/port_handler.cpp.o[0m
[0.526s] [ 70%] [32mBuilding CXX object CMakeFiles/dynamixel_sdk.dir/src/dynamixel_sdk/packet_handler.cpp.o[0m
[0.530s] [ 80%] [32mBuilding CXX object CMakeFiles/dynamixel_sdk.dir/src/dynamixel_sdk/group_bulk_write.cpp.o[0m
[0.530s] [ 90%] [32mBuilding CXX object CMakeFiles/dynamixel_sdk.dir/src/dynamixel_sdk/port_handler_linux.cpp.o[0m
[0.856s] [100%] [32m[1mLinking CXX shared library libdynamixel_sdk.so[0m
[0.914s] [100%] Built target dynamixel_sdk
[0.924s] Invoked command in '/home/alecr/HRI_ws/build/dynamixel_sdk' returned '0': CMAKE_PREFIX_PATH=/opt/ros/humble /usr/bin/cmake --build /home/alecr/HRI_ws/build/dynamixel_sdk -- -j16 -l16
[0.925s] Invoking command in '/home/alecr/HRI_ws/build/dynamixel_sdk': CMAKE_PREFIX_PATH=/opt/ros/humble /usr/bin/cmake --install /home/alecr/HRI_ws/build/dynamixel_sdk
[0.930s] -- Install configuration: ""
[0.930s] -- Installing: /home/alecr/HRI_ws/install/dynamixel_sdk/include/
[0.930s] -- Installing: /home/alecr/HRI_ws/install/dynamixel_sdk/include//dynamixel_sdk
[0.930s] -- Installing: /home/alecr/HRI_ws/install/dynamixel_sdk/include//dynamixel_sdk/port_handler_mac.h
[0.930s] -- Installing: /home/alecr/HRI_ws/install/dynamixel_sdk/include//dynamixel_sdk/port_handler_arduino.h
[0.930s] -- Installing: /home/alecr/HRI_ws/install/dynamixel_sdk/include//dynamixel_sdk/port_handler.h
[0.930s] -- Installing: /home/alecr/HRI_ws/install/dynamixel_sdk/include//dynamixel_sdk/packet_handler.h
[0.930s] -- Installing: /home/alecr/HRI_ws/install/dynamixel_sdk/include//dynamixel_sdk/group_sync_read.h
[0.930s] -- Installing: /home/alecr/HRI_ws/install/dynamixel_sdk/include//dynamixel_sdk/protocol2_packet_handler.h
[0.930s] -- Installing: /home/alecr/HRI_ws/install/dynamixel_sdk/include//dynamixel_sdk/group_bulk_write.h
[0.930s] -- Installing: /home/alecr/HRI_ws/install/dynamixel_sdk/include//dynamixel_sdk/port_handler_linux.h
[0.930s] -- Installing: /home/alecr/HRI_ws/install/dynamixel_sdk/include//dynamixel_sdk/group_bulk_read.h
[0.930s] -- Installing: /home/alecr/HRI_ws/install/dynamixel_sdk/include//dynamixel_sdk/group_sync_write.h
[0.931s] -- Installing: /home/alecr/HRI_ws/install/dynamixel_sdk/include//dynamixel_sdk/port_handler_windows.h
[0.931s] -- Installing: /home/alecr/HRI_ws/install/dynamixel_sdk/include//dynamixel_sdk/dynamixel_sdk.h
[0.931s] -- Installing: /home/alecr/HRI_ws/install/dynamixel_sdk/include//dynamixel_sdk/protocol1_packet_handler.h
[0.931s] -- Installing: /home/alecr/HRI_ws/install/dynamixel_sdk/lib/libdynamixel_sdk.so
[0.931s] -- Installing: /home/alecr/HRI_ws/install/dynamixel_sdk/share/dynamixel_sdk/environment/library_path.sh
[0.931s] -- Installing: /home/alecr/HRI_ws/install/dynamixel_sdk/share/dynamixel_sdk/environment/library_path.dsv
[0.931s] -- Installing: /home/alecr/HRI_ws/install/dynamixel_sdk/share/ament_index/resource_index/package_run_dependencies/dynamixel_sdk
[0.931s] -- Installing: /home/alecr/HRI_ws/install/dynamixel_sdk/share/ament_index/resource_index/parent_prefix_path/dynamixel_sdk
[0.931s] -- Installing: /home/alecr/HRI_ws/install/dynamixel_sdk/share/dynamixel_sdk/environment/ament_prefix_path.sh
[0.931s] -- Installing: /home/alecr/HRI_ws/install/dynamixel_sdk/share/dynamixel_sdk/environment/ament_prefix_path.dsv
[0.931s] -- Installing: /home/alecr/HRI_ws/install/dynamixel_sdk/share/dynamixel_sdk/environment/path.sh
[0.931s] -- Installing: /home/alecr/HRI_ws/install/dynamixel_sdk/share/dynamixel_sdk/environment/path.dsv
[0.931s] -- Installing: /home/alecr/HRI_ws/install/dynamixel_sdk/share/dynamixel_sdk/local_setup.bash
[0.931s] -- Installing: /home/alecr/HRI_ws/install/dynamixel_sdk/share/dynamixel_sdk/local_setup.sh
[0.931s] -- Installing: /home/alecr/HRI_ws/install/dynamixel_sdk/share/dynamixel_sdk/local_setup.zsh
[0.931s] -- Installing: /home/alecr/HRI_ws/install/dynamixel_sdk/share/dynamixel_sdk/local_setup.dsv
[0.931s] -- Installing: /home/alecr/HRI_ws/install/dynamixel_sdk/share/dynamixel_sdk/package.dsv
[0.931s] -- Installing: /home/alecr/HRI_ws/install/dynamixel_sdk/share/ament_index/resource_index/packages/dynamixel_sdk
[0.931s] -- Installing: /home/alecr/HRI_ws/install/dynamixel_sdk/share/dynamixel_sdk/cmake/ament_cmake_export_include_directories-extras.cmake
[0.931s] -- Installing: /home/alecr/HRI_ws/install/dynamixel_sdk/share/dynamixel_sdk/cmake/ament_cmake_export_libraries-extras.cmake
[0.931s] -- Installing: /home/alecr/HRI_ws/install/dynamixel_sdk/share/dynamixel_sdk/cmake/dynamixel_sdkConfig.cmake
[0.931s] -- Installing: /home/alecr/HRI_ws/install/dynamixel_sdk/share/dynamixel_sdk/cmake/dynamixel_sdkConfig-version.cmake
[0.932s] -- Installing: /home/alecr/HRI_ws/install/dynamixel_sdk/share/dynamixel_sdk/package.xml
[0.933s] Invoked command in '/home/alecr/HRI_ws/build/dynamixel_sdk' returned '0': CMAKE_PREFIX_PATH=/opt/ros/humble /usr/bin/cmake --install /home/alecr/HRI_ws/build/dynamixel_sdk
