[0.026s] Invoking command in '/home/alecr/HRI/build/dynamixel_sdk': CMAKE_PREFIX_PATH=${CMAKE_PREFIX_PATH}:/home/alecr/HRI/install/rbe500_example_py:/home/alecr/ros2_ws/install/moveit_configs_utils:/home/alecr/ros2_ws/install/mqp_ros:/home/alecr/ros2_ws/install/mqp:/home/alecr/ros2_ws/install/launch_param_builder:/home/alecr/ros2_ws/install/MQP:/home/alecr/ros2_ws/install/HRI:/opt/ros/humble /usr/bin/cmake /home/alecr/HRI/src/DynamixelSDK/dynamixel_sdk -DCMAKE_INSTALL_PREFIX=/home/alecr/HRI/install/dynamixel_sdk
[0.103s] -- The C compiler identification is GNU 11.4.0
[0.145s] -- The CXX compiler identification is GNU 11.4.0
[0.150s] -- Detecting C compiler ABI info
[0.204s] -- Detecting C compiler ABI info - done
[0.209s] -- Check for working C compiler: /usr/bin/cc - skipped
[0.209s] -- Detecting C compile features
[0.209s] -- Detecting C compile features - done
[0.211s] -- Detecting CXX compiler ABI info
[0.273s] -- Detecting CXX compiler ABI info - done
[0.278s] -- Check for working CXX compiler: /usr/bin/c++ - skipped
[0.278s] -- Detecting CXX compile features
[0.278s] -- Detecting CXX compile features - done
[0.281s] -- Found ament_cmake: 1.3.14 (/opt/ros/humble/share/ament_cmake/cmake)
[0.419s] -- Found Python3: /usr/bin/python3 (found version "3.10.12") found components: Interpreter 
[0.557s] -- Configuring done
[0.559s] -- Generating done
[0.560s] -- Build files have been written to: /home/alecr/HRI/build/dynamixel_sdk
[0.563s] Invoked command in '/home/alecr/HRI/build/dynamixel_sdk' returned '0': CMAKE_PREFIX_PATH=${CMAKE_PREFIX_PATH}:/home/alecr/HRI/install/rbe500_example_py:/home/alecr/ros2_ws/install/moveit_configs_utils:/home/alecr/ros2_ws/install/mqp_ros:/home/alecr/ros2_ws/install/mqp:/home/alecr/ros2_ws/install/launch_param_builder:/home/alecr/ros2_ws/install/MQP:/home/alecr/ros2_ws/install/HRI:/opt/ros/humble /usr/bin/cmake /home/alecr/HRI/src/DynamixelSDK/dynamixel_sdk -DCMAKE_INSTALL_PREFIX=/home/alecr/HRI/install/dynamixel_sdk
[0.564s] Invoking command in '/home/alecr/HRI/build/dynamixel_sdk': CMAKE_PREFIX_PATH=${CMAKE_PREFIX_PATH}:/home/alecr/HRI/install/rbe500_example_py:/home/alecr/ros2_ws/install/moveit_configs_utils:/home/alecr/ros2_ws/install/mqp_ros:/home/alecr/ros2_ws/install/mqp:/home/alecr/ros2_ws/install/launch_param_builder:/home/alecr/ros2_ws/install/MQP:/home/alecr/ros2_ws/install/HRI:/opt/ros/humble /usr/bin/cmake --build /home/alecr/HRI/build/dynamixel_sdk -- -j16 -l16
[0.593s] [35m[1mConsolidate compiler generated dependencies of target dynamixel_sdk[0m
[0.605s] [ 10%] [32mBuilding CXX object CMakeFiles/dynamixel_sdk.dir/src/dynamixel_sdk/group_sync_read.cpp.o[0m
[0.606s] [ 20%] [32mBuilding CXX object CMakeFiles/dynamixel_sdk.dir/src/dynamixel_sdk/protocol2_packet_handler.cpp.o[0m
[0.606s] [ 30%] [32mBuilding CXX object CMakeFiles/dynamixel_sdk.dir/src/dynamixel_sdk/group_bulk_read.cpp.o[0m
[0.606s] [ 40%] [32mBuilding CXX object CMakeFiles/dynamixel_sdk.dir/src/dynamixel_sdk/group_sync_write.cpp.o[0m
[0.607s] [ 60%] [32mBuilding CXX object CMakeFiles/dynamixel_sdk.dir/src/dynamixel_sdk/packet_handler.cpp.o[0m
[0.607s] [ 60%] [32mBuilding CXX object CMakeFiles/dynamixel_sdk.dir/src/dynamixel_sdk/group_bulk_write.cpp.o[0m
[0.607s] [ 70%] [32mBuilding CXX object CMakeFiles/dynamixel_sdk.dir/src/dynamixel_sdk/port_handler.cpp.o[0m
[0.607s] [ 80%] [32mBuilding CXX object CMakeFiles/dynamixel_sdk.dir/src/dynamixel_sdk/port_handler_linux.cpp.o[0m
[0.608s] [ 90%] [32mBuilding CXX object CMakeFiles/dynamixel_sdk.dir/src/dynamixel_sdk/protocol1_packet_handler.cpp.o[0m
[1.002s] [100%] [32m[1mLinking CXX shared library libdynamixel_sdk.so[0m
[1.064s] [100%] Built target dynamixel_sdk
[1.072s] Invoked command in '/home/alecr/HRI/build/dynamixel_sdk' returned '0': CMAKE_PREFIX_PATH=${CMAKE_PREFIX_PATH}:/home/alecr/HRI/install/rbe500_example_py:/home/alecr/ros2_ws/install/moveit_configs_utils:/home/alecr/ros2_ws/install/mqp_ros:/home/alecr/ros2_ws/install/mqp:/home/alecr/ros2_ws/install/launch_param_builder:/home/alecr/ros2_ws/install/MQP:/home/alecr/ros2_ws/install/HRI:/opt/ros/humble /usr/bin/cmake --build /home/alecr/HRI/build/dynamixel_sdk -- -j16 -l16
[1.073s] Invoking command in '/home/alecr/HRI/build/dynamixel_sdk': CMAKE_PREFIX_PATH=${CMAKE_PREFIX_PATH}:/home/alecr/HRI/install/rbe500_example_py:/home/alecr/ros2_ws/install/moveit_configs_utils:/home/alecr/ros2_ws/install/mqp_ros:/home/alecr/ros2_ws/install/mqp:/home/alecr/ros2_ws/install/launch_param_builder:/home/alecr/ros2_ws/install/MQP:/home/alecr/ros2_ws/install/HRI:/opt/ros/humble /usr/bin/cmake --install /home/alecr/HRI/build/dynamixel_sdk
[1.078s] -- Install configuration: ""
[1.078s] -- Up-to-date: /home/alecr/HRI/install/dynamixel_sdk/include/
[1.078s] -- Up-to-date: /home/alecr/HRI/install/dynamixel_sdk/include//dynamixel_sdk
[1.078s] -- Up-to-date: /home/alecr/HRI/install/dynamixel_sdk/include//dynamixel_sdk/port_handler_mac.h
[1.079s] -- Up-to-date: /home/alecr/HRI/install/dynamixel_sdk/include//dynamixel_sdk/port_handler_arduino.h
[1.079s] -- Up-to-date: /home/alecr/HRI/install/dynamixel_sdk/include//dynamixel_sdk/port_handler.h
[1.079s] -- Up-to-date: /home/alecr/HRI/install/dynamixel_sdk/include//dynamixel_sdk/packet_handler.h
[1.079s] -- Up-to-date: /home/alecr/HRI/install/dynamixel_sdk/include//dynamixel_sdk/group_sync_read.h
[1.079s] -- Up-to-date: /home/alecr/HRI/install/dynamixel_sdk/include//dynamixel_sdk/protocol2_packet_handler.h
[1.079s] -- Up-to-date: /home/alecr/HRI/install/dynamixel_sdk/include//dynamixel_sdk/group_bulk_write.h
[1.079s] -- Up-to-date: /home/alecr/HRI/install/dynamixel_sdk/include//dynamixel_sdk/port_handler_linux.h
[1.079s] -- Up-to-date: /home/alecr/HRI/install/dynamixel_sdk/include//dynamixel_sdk/group_bulk_read.h
[1.079s] -- Up-to-date: /home/alecr/HRI/install/dynamixel_sdk/include//dynamixel_sdk/group_sync_write.h
[1.079s] -- Up-to-date: /home/alecr/HRI/install/dynamixel_sdk/include//dynamixel_sdk/port_handler_windows.h
[1.079s] -- Up-to-date: /home/alecr/HRI/install/dynamixel_sdk/include//dynamixel_sdk/dynamixel_sdk.h
[1.079s] -- Up-to-date: /home/alecr/HRI/install/dynamixel_sdk/include//dynamixel_sdk/protocol1_packet_handler.h
[1.079s] -- Installing: /home/alecr/HRI/install/dynamixel_sdk/lib/libdynamixel_sdk.so
[1.079s] -- Installing: /home/alecr/HRI/install/dynamixel_sdk/share/dynamixel_sdk/environment/library_path.sh
[1.080s] -- Installing: /home/alecr/HRI/install/dynamixel_sdk/share/dynamixel_sdk/environment/library_path.dsv
[1.080s] -- Up-to-date: /home/alecr/HRI/install/dynamixel_sdk/share/ament_index/resource_index/package_run_dependencies/dynamixel_sdk
[1.080s] -- Installing: /home/alecr/HRI/install/dynamixel_sdk/share/ament_index/resource_index/parent_prefix_path/dynamixel_sdk
[1.080s] -- Installing: /home/alecr/HRI/install/dynamixel_sdk/share/dynamixel_sdk/environment/ament_prefix_path.sh
[1.080s] -- Installing: /home/alecr/HRI/install/dynamixel_sdk/share/dynamixel_sdk/environment/ament_prefix_path.dsv
[1.080s] -- Installing: /home/alecr/HRI/install/dynamixel_sdk/share/dynamixel_sdk/environment/path.sh
[1.080s] -- Installing: /home/alecr/HRI/install/dynamixel_sdk/share/dynamixel_sdk/environment/path.dsv
[1.080s] -- Up-to-date: /home/alecr/HRI/install/dynamixel_sdk/share/dynamixel_sdk/local_setup.bash
[1.080s] -- Installing: /home/alecr/HRI/install/dynamixel_sdk/share/dynamixel_sdk/local_setup.sh
[1.080s] -- Up-to-date: /home/alecr/HRI/install/dynamixel_sdk/share/dynamixel_sdk/local_setup.zsh
[1.080s] -- Installing: /home/alecr/HRI/install/dynamixel_sdk/share/dynamixel_sdk/local_setup.dsv
[1.080s] -- Installing: /home/alecr/HRI/install/dynamixel_sdk/share/dynamixel_sdk/package.dsv
[1.080s] -- Up-to-date: /home/alecr/HRI/install/dynamixel_sdk/share/ament_index/resource_index/packages/dynamixel_sdk
[1.080s] -- Up-to-date: /home/alecr/HRI/install/dynamixel_sdk/share/dynamixel_sdk/cmake/ament_cmake_export_include_directories-extras.cmake
[1.080s] -- Up-to-date: /home/alecr/HRI/install/dynamixel_sdk/share/dynamixel_sdk/cmake/ament_cmake_export_libraries-extras.cmake
[1.080s] -- Up-to-date: /home/alecr/HRI/install/dynamixel_sdk/share/dynamixel_sdk/cmake/dynamixel_sdkConfig.cmake
[1.080s] -- Up-to-date: /home/alecr/HRI/install/dynamixel_sdk/share/dynamixel_sdk/cmake/dynamixel_sdkConfig-version.cmake
[1.080s] -- Up-to-date: /home/alecr/HRI/install/dynamixel_sdk/share/dynamixel_sdk/package.xml
[1.081s] Invoked command in '/home/alecr/HRI/build/dynamixel_sdk' returned '0': CMAKE_PREFIX_PATH=${CMAKE_PREFIX_PATH}:/home/alecr/HRI/install/rbe500_example_py:/home/alecr/ros2_ws/install/moveit_configs_utils:/home/alecr/ros2_ws/install/mqp_ros:/home/alecr/ros2_ws/install/mqp:/home/alecr/ros2_ws/install/launch_param_builder:/home/alecr/ros2_ws/install/MQP:/home/alecr/ros2_ws/install/HRI:/opt/ros/humble /usr/bin/cmake --install /home/alecr/HRI/build/dynamixel_sdk
