running egg_info
writing ../../build/arm_control/arm_control.egg-info/PKG-INFO
writing dependency_links to ../../build/arm_control/arm_control.egg-info/dependency_links.txt
writing entry points to ../../build/arm_control/arm_control.egg-info/entry_points.txt
writing requirements to ../../build/arm_control/arm_control.egg-info/requires.txt
writing top-level names to ../../build/arm_control/arm_control.egg-info/top_level.txt
reading manifest file '../../build/arm_control/arm_control.egg-info/SOURCES.txt'
writing manifest file '../../build/arm_control/arm_control.egg-info/SOURCES.txt'
running build
running build_py
copying arm_control/arm_control.py -> /home/alecr/HRI/build/arm_control/build/lib/arm_control
running install
running install_lib
copying /home/alecr/HRI/build/arm_control/build/lib/arm_control/arm_control.py -> /home/alecr/HRI/install/arm_control/lib/python3.10/site-packages/arm_control
byte-compiling /home/alecr/HRI/install/arm_control/lib/python3.10/site-packages/arm_control/arm_control.py to arm_control.cpython-310.pyc
running install_data
running install_egg_info
removing '/home/alecr/HRI/install/arm_control/lib/python3.10/site-packages/arm_control-0.0.0-py3.10.egg-info' (and everything under it)
Copying ../../build/arm_control/arm_control.egg-info to /home/alecr/HRI/install/arm_control/lib/python3.10/site-packages/arm_control-0.0.0-py3.10.egg-info
running install_scripts
Installing arm script to /home/alecr/HRI/install/arm_control/lib/arm_control
Installing input script to /home/alecr/HRI/install/arm_control/lib/arm_control
writing list of installed files to '/home/alecr/HRI/build/arm_control/install.log'
