[0.445s] Invoking command in '/home/alecr/HRI/src/arm_control': PYTHONPATH=/home/alecr/HRI/build/arm_control/prefix_override:/usr/lib/python3/dist-packages/colcon_core/task/python/colcon_distutils_commands:/home/alecr/HRI/install/arm_control/lib/python3.10/site-packages:${PYTHONPATH} /usr/bin/python3 -W ignore:setup.py install is deprecated -W ignore:easy_install command is deprecated setup.py egg_info --egg-base ../../build/arm_control build --build-base /home/alecr/HRI/build/arm_control/build install --record /home/alecr/HRI/build/arm_control/install.log --single-version-externally-managed install_data
[0.609s] running egg_info
[0.610s] creating ../../build/arm_control/arm_control.egg-info
[0.610s] writing ../../build/arm_control/arm_control.egg-info/PKG-INFO
[0.610s] writing dependency_links to ../../build/arm_control/arm_control.egg-info/dependency_links.txt
[0.610s] writing entry points to ../../build/arm_control/arm_control.egg-info/entry_points.txt
[0.610s] writing requirements to ../../build/arm_control/arm_control.egg-info/requires.txt
[0.610s] writing top-level names to ../../build/arm_control/arm_control.egg-info/top_level.txt
[0.610s] writing manifest file '../../build/arm_control/arm_control.egg-info/SOURCES.txt'
[0.611s] reading manifest file '../../build/arm_control/arm_control.egg-info/SOURCES.txt'
[0.611s] writing manifest file '../../build/arm_control/arm_control.egg-info/SOURCES.txt'
[0.611s] running build
[0.611s] running build_py
[0.611s] creating /home/alecr/HRI/build/arm_control/build
[0.612s] creating /home/alecr/HRI/build/arm_control/build/lib
[0.612s] creating /home/alecr/HRI/build/arm_control/build/lib/arm_control
[0.612s] copying arm_control/arm_control.py -> /home/alecr/HRI/build/arm_control/build/lib/arm_control
[0.612s] copying arm_control/__init__.py -> /home/alecr/HRI/build/arm_control/build/lib/arm_control
[0.612s] running install
[0.612s] running install_lib
[0.612s] creating /home/alecr/HRI/install/arm_control/lib/python3.10/site-packages/arm_control
[0.612s] copying /home/alecr/HRI/build/arm_control/build/lib/arm_control/arm_control.py -> /home/alecr/HRI/install/arm_control/lib/python3.10/site-packages/arm_control
[0.612s] copying /home/alecr/HRI/build/arm_control/build/lib/arm_control/__init__.py -> /home/alecr/HRI/install/arm_control/lib/python3.10/site-packages/arm_control
[0.613s] byte-compiling /home/alecr/HRI/install/arm_control/lib/python3.10/site-packages/arm_control/arm_control.py to arm_control.cpython-310.pyc
[0.613s] byte-compiling /home/alecr/HRI/install/arm_control/lib/python3.10/site-packages/arm_control/__init__.py to __init__.cpython-310.pyc
[0.613s] running install_data
[0.613s] creating /home/alecr/HRI/install/arm_control/share/ament_index
[0.613s] creating /home/alecr/HRI/install/arm_control/share/ament_index/resource_index
[0.613s] creating /home/alecr/HRI/install/arm_control/share/ament_index/resource_index/packages
[0.613s] copying resource/arm_control -> /home/alecr/HRI/install/arm_control/share/ament_index/resource_index/packages
[0.613s] copying package.xml -> /home/alecr/HRI/install/arm_control/share/arm_control
[0.613s] running install_egg_info
[0.614s] Copying ../../build/arm_control/arm_control.egg-info to /home/alecr/HRI/install/arm_control/lib/python3.10/site-packages/arm_control-0.0.0-py3.10.egg-info
[0.615s] running install_scripts
[0.630s] Installing arm script to /home/alecr/HRI/install/arm_control/lib/arm_control
[0.630s] writing list of installed files to '/home/alecr/HRI/build/arm_control/install.log'
[0.655s] Invoked command in '/home/alecr/HRI/src/arm_control' returned '0': PYTHONPATH=/home/alecr/HRI/build/arm_control/prefix_override:/usr/lib/python3/dist-packages/colcon_core/task/python/colcon_distutils_commands:/home/alecr/HRI/install/arm_control/lib/python3.10/site-packages:${PYTHONPATH} /usr/bin/python3 -W ignore:setup.py install is deprecated -W ignore:easy_install command is deprecated setup.py egg_info --egg-base ../../build/arm_control build --build-base /home/alecr/HRI/build/arm_control/build install --record /home/alecr/HRI/build/arm_control/install.log --single-version-externally-managed install_data
