[0.472s] Invoking command in '/home/alecr/HRI_ws/src/rbe500_example_py': PYTHONPATH=/home/alecr/HRI_ws/build/rbe500_example_py/prefix_override:/usr/lib/python3/dist-packages/colcon_core/task/python/colcon_distutils_commands:/home/alecr/HRI_ws/install/rbe500_example_py/lib/python3.10/site-packages:${PYTHONPATH} /usr/bin/python3 -W ignore:setup.py install is deprecated -W ignore:easy_install command is deprecated setup.py egg_info --egg-base ../../build/rbe500_example_py build --build-base /home/alecr/HRI_ws/build/rbe500_example_py/build install --record /home/alecr/HRI_ws/build/rbe500_example_py/install.log --single-version-externally-managed install_data
[0.632s] running egg_info
[0.632s] writing ../../build/rbe500_example_py/rbe500_example_py.egg-info/PKG-INFO
[0.632s] writing dependency_links to ../../build/rbe500_example_py/rbe500_example_py.egg-info/dependency_links.txt
[0.632s] writing entry points to ../../build/rbe500_example_py/rbe500_example_py.egg-info/entry_points.txt
[0.632s] writing requirements to ../../build/rbe500_example_py/rbe500_example_py.egg-info/requires.txt
[0.632s] writing top-level names to ../../build/rbe500_example_py/rbe500_example_py.egg-info/top_level.txt
[0.634s] reading manifest file '../../build/rbe500_example_py/rbe500_example_py.egg-info/SOURCES.txt'
[0.634s] writing manifest file '../../build/rbe500_example_py/rbe500_example_py.egg-info/SOURCES.txt'
[0.634s] running build
[0.634s] running build_py
[0.634s] running install
[0.634s] running install_lib
[0.635s] running install_data
[0.635s] running install_egg_info
[0.636s] removing '/home/alecr/HRI_ws/install/rbe500_example_py/lib/python3.10/site-packages/rbe500_example_py-0.0.0-py3.10.egg-info' (and everything under it)
[0.636s] Copying ../../build/rbe500_example_py/rbe500_example_py.egg-info to /home/alecr/HRI_ws/install/rbe500_example_py/lib/python3.10/site-packages/rbe500_example_py-0.0.0-py3.10.egg-info
[0.637s] running install_scripts
[0.650s] Installing basic_robot_control script to /home/alecr/HRI_ws/install/rbe500_example_py/lib/rbe500_example_py
[0.651s] writing list of installed files to '/home/alecr/HRI_ws/build/rbe500_example_py/install.log'
[0.665s] Invoked command in '/home/alecr/HRI_ws/src/rbe500_example_py' returned '0': PYTHONPATH=/home/alecr/HRI_ws/build/rbe500_example_py/prefix_override:/usr/lib/python3/dist-packages/colcon_core/task/python/colcon_distutils_commands:/home/alecr/HRI_ws/install/rbe500_example_py/lib/python3.10/site-packages:${PYTHONPATH} /usr/bin/python3 -W ignore:setup.py install is deprecated -W ignore:easy_install command is deprecated setup.py egg_info --egg-base ../../build/rbe500_example_py build --build-base /home/alecr/HRI_ws/build/rbe500_example_py/build install --record /home/alecr/HRI_ws/build/rbe500_example_py/install.log --single-version-externally-managed install_data
