[0.019s] Invoking command in '/home/alecr/HRI/build/robotis_manipulator': CMAKE_PREFIX_PATH=/home/alecr/HRI/install/cmake_modules:/home/alecr/HRI/install/open_manipulator:/home/alecr/HRI/install/open_manipulator_x_controller:/home/alecr/HRI/install/open_manipulator_x_libs:/home/alecr/HRI/install/robotis_manipulator:/home/alecr/HRI/install/rbe500-example:/home/alecr/HRI/install/open_manipulator_x_description:/home/alecr/HRI/install/open_manipulator_msgs:/home/alecr/HRI/install/dynamixel_workbench:/home/alecr/HRI/install/dynamixel_workbench_toolbox:/home/alecr/HRI/install/dynamixel_sdk_examples:/home/alecr/HRI/install/dynamixel_sdk_custom_interfaces:/home/alecr/HRI/install/dynamixel_sdk:/home/alecr/ros2_ws/install/open_manipulator:/home/alecr/ros2_ws/install/open_manipulator_x_teleop:/home/alecr/ros2_ws/install/open_manipulator_x_moveit_config:/home/alecr/ros2_ws/install/srdfdom:/home/alecr/ros2_ws/install/rviz_marker_tools:/home/alecr/ros2_ws/install/rosparam_shortcuts:/home/alecr/ros2_ws/install/open_manipulator_x_playground:/home/alecr/ros2_ws/install/open_manipulator_x_gui:/home/alecr/ros2_ws/install/open_manipulator_x_bringup:/home/alecr/ros2_ws/install/open_manipulator_x_description:/home/alecr/ros2_ws/install/moveit_task_constructor_msgs:/home/alecr/ros2_ws/install/moveit_resources_prbt_support:/home/alecr/ros2_ws/install/moveit_resources:/home/alecr/ros2_ws/install/moveit_resources_pr2_description:/home/alecr/ros2_ws/install/moveit_resources_panda_moveit_config:/home/alecr/ros2_ws/install/moveit_resources_panda_description:/home/alecr/ros2_ws/install/moveit_resources_fanuc_moveit_config:/home/alecr/ros2_ws/install/moveit_resources_fanuc_description:/home/alecr/ros2_ws/install/moveit_common:/home/alecr/ros2_ws/install/interfaces:/home/alecr/ros2_ws/install/dynamixel_sdk_examples:/home/alecr/ros2_ws/install/dynamixel_sdk_custom_interfaces:/home/alecr/ros2_ws/install/dynamixel_hardware_interface:/home/alecr/ros2_ws/install/dynamixel_sdk:/home/alecr/ros2_ws/install/dynamixel_interfaces:/home/alecr/HRI/install/rbe500_example_py:/home/alecr/ros2_ws/install/moveit_configs_utils:/home/alecr/ros2_ws/install/mqp_ros:/home/alecr/ros2_ws/install/mqp:/home/alecr/ros2_ws/install/launch_param_builder:/home/alecr/ros2_ws/install/MQP:/home/alecr/ros2_ws/install/HRI:/opt/ros/humble /usr/bin/cmake /home/alecr/HRI/src/robotis_manipulator -DCMAKE_INSTALL_PREFIX=/home/alecr/HRI/install/robotis_manipulator
[0.057s] -- The C compiler identification is GNU 11.4.0
[0.094s] -- The CXX compiler identification is GNU 11.4.0
[0.099s] -- Detecting C compiler ABI info
[0.146s] -- Detecting C compiler ABI info - done
[0.152s] -- Check for working C compiler: /usr/bin/cc - skipped
[0.152s] -- Detecting C compile features
[0.152s] -- Detecting C compile features - done
[0.154s] -- Detecting CXX compiler ABI info
[0.220s] -- Detecting CXX compiler ABI info - done
[0.228s] -- Check for working CXX compiler: /usr/bin/c++ - skipped
[0.228s] -- Detecting CXX compile features
[0.228s] -- Detecting CXX compile features - done
[0.238s] -- Found ament_cmake: 1.3.14 (/opt/ros/humble/share/ament_cmake/cmake)
[0.373s] -- Found Python3: /usr/bin/python3 (found version "3.10.12") found components: Interpreter 
[0.461s] -- Found cmake_modules: 0.4.1 (/home/alecr/HRI/install/cmake_modules/share/cmake_modules/cmake)
[0.465s] -- Found rclcpp: 16.0.19 (/opt/ros/humble/share/rclcpp/cmake)
[0.513s] -- Found rosidl_generator_c: 3.1.8 (/opt/ros/humble/share/rosidl_generator_c/cmake)
[0.521s] -- Found rosidl_adapter: 3.1.8 (/opt/ros/humble/share/rosidl_adapter/cmake)
[0.530s] -- Found rosidl_generator_cpp: 3.1.8 (/opt/ros/humble/share/rosidl_generator_cpp/cmake)
[0.543s] -- Using all available rosidl_typesupport_c: rosidl_typesupport_fastrtps_c;rosidl_typesupport_introspection_c
[0.559s] -- Using all available rosidl_typesupport_cpp: rosidl_typesupport_fastrtps_cpp;rosidl_typesupport_introspection_cpp
[0.607s] -- Found rmw_implementation_cmake: 6.1.2 (/opt/ros/humble/share/rmw_implementation_cmake/cmake)
[0.612s] -- Found rmw_fastrtps_cpp: 6.2.10 (/opt/ros/humble/share/rmw_fastrtps_cpp/cmake)
[0.688s] -- Found OpenSSL: /usr/lib/x86_64-linux-gnu/libcrypto.so (found version "3.0.2")  
[0.704s] -- Found FastRTPS: /opt/ros/humble/include  
[0.724s] -- Using RMW implementation 'rmw_fastrtps_cpp' as default
[0.735s] -- Looking for pthread.h
[0.798s] -- Looking for pthread.h - found
[0.798s] -- Performing Test CMAKE_HAVE_LIBC_PTHREAD
[0.859s] -- Performing Test CMAKE_HAVE_LIBC_PTHREAD - Success
[0.860s] -- Found Threads: TRUE  
[0.965s] -- Configuring done
[0.970s] -- Generating done
[0.973s] -- Build files have been written to: /home/alecr/HRI/build/robotis_manipulator
[0.979s] Invoked command in '/home/alecr/HRI/build/robotis_manipulator' returned '0': CMAKE_PREFIX_PATH=/home/alecr/HRI/install/cmake_modules:/home/alecr/HRI/install/open_manipulator:/home/alecr/HRI/install/open_manipulator_x_controller:/home/alecr/HRI/install/open_manipulator_x_libs:/home/alecr/HRI/install/robotis_manipulator:/home/alecr/HRI/install/rbe500-example:/home/alecr/HRI/install/open_manipulator_x_description:/home/alecr/HRI/install/open_manipulator_msgs:/home/alecr/HRI/install/dynamixel_workbench:/home/alecr/HRI/install/dynamixel_workbench_toolbox:/home/alecr/HRI/install/dynamixel_sdk_examples:/home/alecr/HRI/install/dynamixel_sdk_custom_interfaces:/home/alecr/HRI/install/dynamixel_sdk:/home/alecr/ros2_ws/install/open_manipulator:/home/alecr/ros2_ws/install/open_manipulator_x_teleop:/home/alecr/ros2_ws/install/open_manipulator_x_moveit_config:/home/alecr/ros2_ws/install/srdfdom:/home/alecr/ros2_ws/install/rviz_marker_tools:/home/alecr/ros2_ws/install/rosparam_shortcuts:/home/alecr/ros2_ws/install/open_manipulator_x_playground:/home/alecr/ros2_ws/install/open_manipulator_x_gui:/home/alecr/ros2_ws/install/open_manipulator_x_bringup:/home/alecr/ros2_ws/install/open_manipulator_x_description:/home/alecr/ros2_ws/install/moveit_task_constructor_msgs:/home/alecr/ros2_ws/install/moveit_resources_prbt_support:/home/alecr/ros2_ws/install/moveit_resources:/home/alecr/ros2_ws/install/moveit_resources_pr2_description:/home/alecr/ros2_ws/install/moveit_resources_panda_moveit_config:/home/alecr/ros2_ws/install/moveit_resources_panda_description:/home/alecr/ros2_ws/install/moveit_resources_fanuc_moveit_config:/home/alecr/ros2_ws/install/moveit_resources_fanuc_description:/home/alecr/ros2_ws/install/moveit_common:/home/alecr/ros2_ws/install/interfaces:/home/alecr/ros2_ws/install/dynamixel_sdk_examples:/home/alecr/ros2_ws/install/dynamixel_sdk_custom_interfaces:/home/alecr/ros2_ws/install/dynamixel_hardware_interface:/home/alecr/ros2_ws/install/dynamixel_sdk:/home/alecr/ros2_ws/install/dynamixel_interfaces:/home/alecr/HRI/install/rbe500_example_py:/home/alecr/ros2_ws/install/moveit_configs_utils:/home/alecr/ros2_ws/install/mqp_ros:/home/alecr/ros2_ws/install/mqp:/home/alecr/ros2_ws/install/launch_param_builder:/home/alecr/ros2_ws/install/MQP:/home/alecr/ros2_ws/install/HRI:/opt/ros/humble /usr/bin/cmake /home/alecr/HRI/src/robotis_manipulator -DCMAKE_INSTALL_PREFIX=/home/alecr/HRI/install/robotis_manipulator
[0.980s] Invoking command in '/home/alecr/HRI/build/robotis_manipulator': CMAKE_PREFIX_PATH=/home/alecr/HRI/install/cmake_modules:/home/alecr/HRI/install/open_manipulator:/home/alecr/HRI/install/open_manipulator_x_controller:/home/alecr/HRI/install/open_manipulator_x_libs:/home/alecr/HRI/install/robotis_manipulator:/home/alecr/HRI/install/rbe500-example:/home/alecr/HRI/install/open_manipulator_x_description:/home/alecr/HRI/install/open_manipulator_msgs:/home/alecr/HRI/install/dynamixel_workbench:/home/alecr/HRI/install/dynamixel_workbench_toolbox:/home/alecr/HRI/install/dynamixel_sdk_examples:/home/alecr/HRI/install/dynamixel_sdk_custom_interfaces:/home/alecr/HRI/install/dynamixel_sdk:/home/alecr/ros2_ws/install/open_manipulator:/home/alecr/ros2_ws/install/open_manipulator_x_teleop:/home/alecr/ros2_ws/install/open_manipulator_x_moveit_config:/home/alecr/ros2_ws/install/srdfdom:/home/alecr/ros2_ws/install/rviz_marker_tools:/home/alecr/ros2_ws/install/rosparam_shortcuts:/home/alecr/ros2_ws/install/open_manipulator_x_playground:/home/alecr/ros2_ws/install/open_manipulator_x_gui:/home/alecr/ros2_ws/install/open_manipulator_x_bringup:/home/alecr/ros2_ws/install/open_manipulator_x_description:/home/alecr/ros2_ws/install/moveit_task_constructor_msgs:/home/alecr/ros2_ws/install/moveit_resources_prbt_support:/home/alecr/ros2_ws/install/moveit_resources:/home/alecr/ros2_ws/install/moveit_resources_pr2_description:/home/alecr/ros2_ws/install/moveit_resources_panda_moveit_config:/home/alecr/ros2_ws/install/moveit_resources_panda_description:/home/alecr/ros2_ws/install/moveit_resources_fanuc_moveit_config:/home/alecr/ros2_ws/install/moveit_resources_fanuc_description:/home/alecr/ros2_ws/install/moveit_common:/home/alecr/ros2_ws/install/interfaces:/home/alecr/ros2_ws/install/dynamixel_sdk_examples:/home/alecr/ros2_ws/install/dynamixel_sdk_custom_interfaces:/home/alecr/ros2_ws/install/dynamixel_hardware_interface:/home/alecr/ros2_ws/install/dynamixel_sdk:/home/alecr/ros2_ws/install/dynamixel_interfaces:/home/alecr/HRI/install/rbe500_example_py:/home/alecr/ros2_ws/install/moveit_configs_utils:/home/alecr/ros2_ws/install/mqp_ros:/home/alecr/ros2_ws/install/mqp:/home/alecr/ros2_ws/install/launch_param_builder:/home/alecr/ros2_ws/install/MQP:/home/alecr/ros2_ws/install/HRI:/opt/ros/humble /usr/bin/cmake --build /home/alecr/HRI/build/robotis_manipulator -- -j16 -l16
[1.021s] [35m[1mConsolidate compiler generated dependencies of target robotis_manipulator[0m
[1.038s] [ 14%] [32mBuilding CXX object CMakeFiles/robotis_manipulator.dir/src/robotis_manipulator/robotis_manipulator.cpp.o[0m
[1.039s] [ 42%] [32mBuilding CXX object CMakeFiles/robotis_manipulator.dir/src/robotis_manipulator/robotis_manipulator_manager.cpp.o[0m
[1.039s] [ 42%] [32mBuilding CXX object CMakeFiles/robotis_manipulator.dir/src/robotis_manipulator/robotis_manipulator_common.cpp.o[0m
[1.039s] [ 57%] [32mBuilding CXX object CMakeFiles/robotis_manipulator.dir/src/robotis_manipulator/robotis_manipulator_log.cpp.o[0m
[1.041s] [ 71%] [32mBuilding CXX object CMakeFiles/robotis_manipulator.dir/src/robotis_manipulator/robotis_manipulator_trajectory_generator.cpp.o[0m
[1.042s] [ 85%] [32mBuilding CXX object CMakeFiles/robotis_manipulator.dir/src/robotis_manipulator/robotis_manipulator_math.cpp.o[0m
[6.715s] [100%] [32m[1mLinking CXX shared library librobotis_manipulator.so[0m
[6.941s] [100%] Built target robotis_manipulator
[6.951s] Invoked command in '/home/alecr/HRI/build/robotis_manipulator' returned '0': CMAKE_PREFIX_PATH=/home/alecr/HRI/install/cmake_modules:/home/alecr/HRI/install/open_manipulator:/home/alecr/HRI/install/open_manipulator_x_controller:/home/alecr/HRI/install/open_manipulator_x_libs:/home/alecr/HRI/install/robotis_manipulator:/home/alecr/HRI/install/rbe500-example:/home/alecr/HRI/install/open_manipulator_x_description:/home/alecr/HRI/install/open_manipulator_msgs:/home/alecr/HRI/install/dynamixel_workbench:/home/alecr/HRI/install/dynamixel_workbench_toolbox:/home/alecr/HRI/install/dynamixel_sdk_examples:/home/alecr/HRI/install/dynamixel_sdk_custom_interfaces:/home/alecr/HRI/install/dynamixel_sdk:/home/alecr/ros2_ws/install/open_manipulator:/home/alecr/ros2_ws/install/open_manipulator_x_teleop:/home/alecr/ros2_ws/install/open_manipulator_x_moveit_config:/home/alecr/ros2_ws/install/srdfdom:/home/alecr/ros2_ws/install/rviz_marker_tools:/home/alecr/ros2_ws/install/rosparam_shortcuts:/home/alecr/ros2_ws/install/open_manipulator_x_playground:/home/alecr/ros2_ws/install/open_manipulator_x_gui:/home/alecr/ros2_ws/install/open_manipulator_x_bringup:/home/alecr/ros2_ws/install/open_manipulator_x_description:/home/alecr/ros2_ws/install/moveit_task_constructor_msgs:/home/alecr/ros2_ws/install/moveit_resources_prbt_support:/home/alecr/ros2_ws/install/moveit_resources:/home/alecr/ros2_ws/install/moveit_resources_pr2_description:/home/alecr/ros2_ws/install/moveit_resources_panda_moveit_config:/home/alecr/ros2_ws/install/moveit_resources_panda_description:/home/alecr/ros2_ws/install/moveit_resources_fanuc_moveit_config:/home/alecr/ros2_ws/install/moveit_resources_fanuc_description:/home/alecr/ros2_ws/install/moveit_common:/home/alecr/ros2_ws/install/interfaces:/home/alecr/ros2_ws/install/dynamixel_sdk_examples:/home/alecr/ros2_ws/install/dynamixel_sdk_custom_interfaces:/home/alecr/ros2_ws/install/dynamixel_hardware_interface:/home/alecr/ros2_ws/install/dynamixel_sdk:/home/alecr/ros2_ws/install/dynamixel_interfaces:/home/alecr/HRI/install/rbe500_example_py:/home/alecr/ros2_ws/install/moveit_configs_utils:/home/alecr/ros2_ws/install/mqp_ros:/home/alecr/ros2_ws/install/mqp:/home/alecr/ros2_ws/install/launch_param_builder:/home/alecr/ros2_ws/install/MQP:/home/alecr/ros2_ws/install/HRI:/opt/ros/humble /usr/bin/cmake --build /home/alecr/HRI/build/robotis_manipulator -- -j16 -l16
[6.952s] Invoking command in '/home/alecr/HRI/build/robotis_manipulator': CMAKE_PREFIX_PATH=/home/alecr/HRI/install/cmake_modules:/home/alecr/HRI/install/open_manipulator:/home/alecr/HRI/install/open_manipulator_x_controller:/home/alecr/HRI/install/open_manipulator_x_libs:/home/alecr/HRI/install/robotis_manipulator:/home/alecr/HRI/install/rbe500-example:/home/alecr/HRI/install/open_manipulator_x_description:/home/alecr/HRI/install/open_manipulator_msgs:/home/alecr/HRI/install/dynamixel_workbench:/home/alecr/HRI/install/dynamixel_workbench_toolbox:/home/alecr/HRI/install/dynamixel_sdk_examples:/home/alecr/HRI/install/dynamixel_sdk_custom_interfaces:/home/alecr/HRI/install/dynamixel_sdk:/home/alecr/ros2_ws/install/open_manipulator:/home/alecr/ros2_ws/install/open_manipulator_x_teleop:/home/alecr/ros2_ws/install/open_manipulator_x_moveit_config:/home/alecr/ros2_ws/install/srdfdom:/home/alecr/ros2_ws/install/rviz_marker_tools:/home/alecr/ros2_ws/install/rosparam_shortcuts:/home/alecr/ros2_ws/install/open_manipulator_x_playground:/home/alecr/ros2_ws/install/open_manipulator_x_gui:/home/alecr/ros2_ws/install/open_manipulator_x_bringup:/home/alecr/ros2_ws/install/open_manipulator_x_description:/home/alecr/ros2_ws/install/moveit_task_constructor_msgs:/home/alecr/ros2_ws/install/moveit_resources_prbt_support:/home/alecr/ros2_ws/install/moveit_resources:/home/alecr/ros2_ws/install/moveit_resources_pr2_description:/home/alecr/ros2_ws/install/moveit_resources_panda_moveit_config:/home/alecr/ros2_ws/install/moveit_resources_panda_description:/home/alecr/ros2_ws/install/moveit_resources_fanuc_moveit_config:/home/alecr/ros2_ws/install/moveit_resources_fanuc_description:/home/alecr/ros2_ws/install/moveit_common:/home/alecr/ros2_ws/install/interfaces:/home/alecr/ros2_ws/install/dynamixel_sdk_examples:/home/alecr/ros2_ws/install/dynamixel_sdk_custom_interfaces:/home/alecr/ros2_ws/install/dynamixel_hardware_interface:/home/alecr/ros2_ws/install/dynamixel_sdk:/home/alecr/ros2_ws/install/dynamixel_interfaces:/home/alecr/HRI/install/rbe500_example_py:/home/alecr/ros2_ws/install/moveit_configs_utils:/home/alecr/ros2_ws/install/mqp_ros:/home/alecr/ros2_ws/install/mqp:/home/alecr/ros2_ws/install/launch_param_builder:/home/alecr/ros2_ws/install/MQP:/home/alecr/ros2_ws/install/HRI:/opt/ros/humble /usr/bin/cmake --install /home/alecr/HRI/build/robotis_manipulator
[6.961s] -- Install configuration: ""
[6.961s] -- Installing: /home/alecr/HRI/install/robotis_manipulator/lib/librobotis_manipulator.so
[6.966s] -- Set runtime path of "/home/alecr/HRI/install/robotis_manipulator/lib/librobotis_manipulator.so" to ""
[6.966s] -- Up-to-date: /home/alecr/HRI/install/robotis_manipulator/include/
[6.966s] -- Up-to-date: /home/alecr/HRI/install/robotis_manipulator/include//robotis_manipulator
[6.966s] -- Up-to-date: /home/alecr/HRI/install/robotis_manipulator/include//robotis_manipulator/robotis_manipulator_manager.h
[6.966s] -- Up-to-date: /home/alecr/HRI/install/robotis_manipulator/include//robotis_manipulator/robotis_manipulator_common.h
[6.966s] -- Up-to-date: /home/alecr/HRI/install/robotis_manipulator/include//robotis_manipulator/robotis_manipulator_math.h
[6.966s] -- Up-to-date: /home/alecr/HRI/install/robotis_manipulator/include//robotis_manipulator/robotis_manipulator_trajectory_generator.h
[6.967s] -- Up-to-date: /home/alecr/HRI/install/robotis_manipulator/include//robotis_manipulator/robotis_manipulator.h
[6.967s] -- Up-to-date: /home/alecr/HRI/install/robotis_manipulator/include//robotis_manipulator/robotis_manipulator_log.h
[6.967s] -- Installing: /home/alecr/HRI/install/robotis_manipulator/share/robotis_manipulator/environment/library_path.sh
[6.967s] -- Installing: /home/alecr/HRI/install/robotis_manipulator/share/robotis_manipulator/environment/library_path.dsv
[6.967s] -- Up-to-date: /home/alecr/HRI/install/robotis_manipulator/share/ament_index/resource_index/package_run_dependencies/robotis_manipulator
[6.967s] -- Installing: /home/alecr/HRI/install/robotis_manipulator/share/ament_index/resource_index/parent_prefix_path/robotis_manipulator
[6.967s] -- Installing: /home/alecr/HRI/install/robotis_manipulator/share/robotis_manipulator/environment/ament_prefix_path.sh
[6.967s] -- Installing: /home/alecr/HRI/install/robotis_manipulator/share/robotis_manipulator/environment/ament_prefix_path.dsv
[6.968s] -- Installing: /home/alecr/HRI/install/robotis_manipulator/share/robotis_manipulator/environment/path.sh
[6.968s] -- Installing: /home/alecr/HRI/install/robotis_manipulator/share/robotis_manipulator/environment/path.dsv
[6.968s] -- Up-to-date: /home/alecr/HRI/install/robotis_manipulator/share/robotis_manipulator/local_setup.bash
[6.969s] -- Installing: /home/alecr/HRI/install/robotis_manipulator/share/robotis_manipulator/local_setup.sh
[6.969s] -- Up-to-date: /home/alecr/HRI/install/robotis_manipulator/share/robotis_manipulator/local_setup.zsh
[6.969s] -- Installing: /home/alecr/HRI/install/robotis_manipulator/share/robotis_manipulator/local_setup.dsv
[6.969s] -- Installing: /home/alecr/HRI/install/robotis_manipulator/share/robotis_manipulator/package.dsv
[6.970s] -- Up-to-date: /home/alecr/HRI/install/robotis_manipulator/share/ament_index/resource_index/packages/robotis_manipulator
[6.970s] -- Up-to-date: /home/alecr/HRI/install/robotis_manipulator/share/robotis_manipulator/cmake/ament_cmake_export_include_directories-extras.cmake
[6.970s] -- Up-to-date: /home/alecr/HRI/install/robotis_manipulator/share/robotis_manipulator/cmake/ament_cmake_export_dependencies-extras.cmake
[6.970s] -- Up-to-date: /home/alecr/HRI/install/robotis_manipulator/share/robotis_manipulator/cmake/ament_cmake_export_libraries-extras.cmake
[6.970s] -- Up-to-date: /home/alecr/HRI/install/robotis_manipulator/share/robotis_manipulator/cmake/robotis_manipulatorConfig.cmake
[6.970s] -- Up-to-date: /home/alecr/HRI/install/robotis_manipulator/share/robotis_manipulator/cmake/robotis_manipulatorConfig-version.cmake
[6.970s] -- Up-to-date: /home/alecr/HRI/install/robotis_manipulator/share/robotis_manipulator/package.xml
[6.970s] Invoked command in '/home/alecr/HRI/build/robotis_manipulator' returned '0': CMAKE_PREFIX_PATH=/home/alecr/HRI/install/cmake_modules:/home/alecr/HRI/install/open_manipulator:/home/alecr/HRI/install/open_manipulator_x_controller:/home/alecr/HRI/install/open_manipulator_x_libs:/home/alecr/HRI/install/robotis_manipulator:/home/alecr/HRI/install/rbe500-example:/home/alecr/HRI/install/open_manipulator_x_description:/home/alecr/HRI/install/open_manipulator_msgs:/home/alecr/HRI/install/dynamixel_workbench:/home/alecr/HRI/install/dynamixel_workbench_toolbox:/home/alecr/HRI/install/dynamixel_sdk_examples:/home/alecr/HRI/install/dynamixel_sdk_custom_interfaces:/home/alecr/HRI/install/dynamixel_sdk:/home/alecr/ros2_ws/install/open_manipulator:/home/alecr/ros2_ws/install/open_manipulator_x_teleop:/home/alecr/ros2_ws/install/open_manipulator_x_moveit_config:/home/alecr/ros2_ws/install/srdfdom:/home/alecr/ros2_ws/install/rviz_marker_tools:/home/alecr/ros2_ws/install/rosparam_shortcuts:/home/alecr/ros2_ws/install/open_manipulator_x_playground:/home/alecr/ros2_ws/install/open_manipulator_x_gui:/home/alecr/ros2_ws/install/open_manipulator_x_bringup:/home/alecr/ros2_ws/install/open_manipulator_x_description:/home/alecr/ros2_ws/install/moveit_task_constructor_msgs:/home/alecr/ros2_ws/install/moveit_resources_prbt_support:/home/alecr/ros2_ws/install/moveit_resources:/home/alecr/ros2_ws/install/moveit_resources_pr2_description:/home/alecr/ros2_ws/install/moveit_resources_panda_moveit_config:/home/alecr/ros2_ws/install/moveit_resources_panda_description:/home/alecr/ros2_ws/install/moveit_resources_fanuc_moveit_config:/home/alecr/ros2_ws/install/moveit_resources_fanuc_description:/home/alecr/ros2_ws/install/moveit_common:/home/alecr/ros2_ws/install/interfaces:/home/alecr/ros2_ws/install/dynamixel_sdk_examples:/home/alecr/ros2_ws/install/dynamixel_sdk_custom_interfaces:/home/alecr/ros2_ws/install/dynamixel_hardware_interface:/home/alecr/ros2_ws/install/dynamixel_sdk:/home/alecr/ros2_ws/install/dynamixel_interfaces:/home/alecr/HRI/install/rbe500_example_py:/home/alecr/ros2_ws/install/moveit_configs_utils:/home/alecr/ros2_ws/install/mqp_ros:/home/alecr/ros2_ws/install/mqp:/home/alecr/ros2_ws/install/launch_param_builder:/home/alecr/ros2_ws/install/MQP:/home/alecr/ros2_ws/install/HRI:/opt/ros/humble /usr/bin/cmake --install /home/alecr/HRI/build/robotis_manipulator
