[0.419s] Invoking command in '/home/alecr/HRI_ws/src/rbe500_example_py': PYTHONPATH=/home/alecr/HRI_ws/build/rbe500_example_py/prefix_override:/usr/lib/python3/dist-packages/colcon_core/task/python/colcon_distutils_commands:/home/alecr/HRI_ws/install/rbe500_example_py/lib/python3.10/site-packages:${PYTHONPATH} /usr/bin/python3 -W ignore:setup.py install is deprecated -W ignore:easy_install command is deprecated setup.py egg_info --egg-base ../../build/rbe500_example_py build --build-base /home/alecr/HRI_ws/build/rbe500_example_py/build install --record /home/alecr/HRI_ws/build/rbe500_example_py/install.log --single-version-externally-managed install_data
[0.599s] running egg_info
[0.600s] creating ../../build/rbe500_example_py/rbe500_example_py.egg-info
[0.600s] writing ../../build/rbe500_example_py/rbe500_example_py.egg-info/PKG-INFO
[0.600s] writing dependency_links to ../../build/rbe500_example_py/rbe500_example_py.egg-info/dependency_links.txt
[0.600s] writing entry points to ../../build/rbe500_example_py/rbe500_example_py.egg-info/entry_points.txt
[0.600s] writing requirements to ../../build/rbe500_example_py/rbe500_example_py.egg-info/requires.txt
[0.600s] writing top-level names to ../../build/rbe500_example_py/rbe500_example_py.egg-info/top_level.txt
[0.600s] writing manifest file '../../build/rbe500_example_py/rbe500_example_py.egg-info/SOURCES.txt'
[0.602s] reading manifest file '../../build/rbe500_example_py/rbe500_example_py.egg-info/SOURCES.txt'
[0.602s] writing manifest file '../../build/rbe500_example_py/rbe500_example_py.egg-info/SOURCES.txt'
[0.602s] running build
[0.602s] running build_py
[0.602s] creating /home/alecr/HRI_ws/build/rbe500_example_py/build
[0.602s] creating /home/alecr/HRI_ws/build/rbe500_example_py/build/lib
[0.602s] creating /home/alecr/HRI_ws/build/rbe500_example_py/build/lib/rbe500_example_py
[0.603s] copying rbe500_example_py/basic_robot_control.py -> /home/alecr/HRI_ws/build/rbe500_example_py/build/lib/rbe500_example_py
[0.603s] copying rbe500_example_py/__init__.py -> /home/alecr/HRI_ws/build/rbe500_example_py/build/lib/rbe500_example_py
[0.603s] running install
[0.603s] running install_lib
[0.604s] creating /home/alecr/HRI_ws/install/rbe500_example_py/lib/python3.10/site-packages/rbe500_example_py
[0.604s] copying /home/alecr/HRI_ws/build/rbe500_example_py/build/lib/rbe500_example_py/basic_robot_control.py -> /home/alecr/HRI_ws/install/rbe500_example_py/lib/python3.10/site-packages/rbe500_example_py
[0.604s] copying /home/alecr/HRI_ws/build/rbe500_example_py/build/lib/rbe500_example_py/__init__.py -> /home/alecr/HRI_ws/install/rbe500_example_py/lib/python3.10/site-packages/rbe500_example_py
[0.605s] byte-compiling /home/alecr/HRI_ws/install/rbe500_example_py/lib/python3.10/site-packages/rbe500_example_py/basic_robot_control.py to basic_robot_control.cpython-310.pyc
[0.605s] byte-compiling /home/alecr/HRI_ws/install/rbe500_example_py/lib/python3.10/site-packages/rbe500_example_py/__init__.py to __init__.cpython-310.pyc
[0.605s] running install_data
[0.605s] creating /home/alecr/HRI_ws/install/rbe500_example_py/share/ament_index
[0.605s] creating /home/alecr/HRI_ws/install/rbe500_example_py/share/ament_index/resource_index
[0.605s] creating /home/alecr/HRI_ws/install/rbe500_example_py/share/ament_index/resource_index/packages
[0.605s] copying resource/rbe500_example_py -> /home/alecr/HRI_ws/install/rbe500_example_py/share/ament_index/resource_index/packages
[0.605s] copying package.xml -> /home/alecr/HRI_ws/install/rbe500_example_py/share/rbe500_example_py
[0.605s] running install_egg_info
[0.607s] Copying ../../build/rbe500_example_py/rbe500_example_py.egg-info to /home/alecr/HRI_ws/install/rbe500_example_py/lib/python3.10/site-packages/rbe500_example_py-0.0.0-py3.10.egg-info
[0.607s] running install_scripts
[0.623s] Installing basic_robot_control script to /home/alecr/HRI_ws/install/rbe500_example_py/lib/rbe500_example_py
[0.623s] writing list of installed files to '/home/alecr/HRI_ws/build/rbe500_example_py/install.log'
[0.653s] Invoked command in '/home/alecr/HRI_ws/src/rbe500_example_py' returned '0': PYTHONPATH=/home/alecr/HRI_ws/build/rbe500_example_py/prefix_override:/usr/lib/python3/dist-packages/colcon_core/task/python/colcon_distutils_commands:/home/alecr/HRI_ws/install/rbe500_example_py/lib/python3.10/site-packages:${PYTHONPATH} /usr/bin/python3 -W ignore:setup.py install is deprecated -W ignore:easy_install command is deprecated setup.py egg_info --egg-base ../../build/rbe500_example_py build --build-base /home/alecr/HRI_ws/build/rbe500_example_py/build install --record /home/alecr/HRI_ws/build/rbe500_example_py/install.log --single-version-externally-managed install_data
