[0.015s] Invoking command in '/home/alecr/HRI_ws/build/open_manipulator_x_description': CMAKE_PREFIX_PATH=/opt/ros/humble /usr/bin/cmake /home/alecr/HRI_ws/src/open_manipulator/open_manipulator_x_description -DCMAKE_INSTALL_PREFIX=/home/alecr/HRI_ws/install/open_manipulator_x_description
[0.072s] -- The C compiler identification is GNU 11.4.0
[0.133s] -- The CXX compiler identification is GNU 11.4.0
[0.140s] -- Detecting C compiler ABI info
[0.201s] -- Detecting C compiler ABI info - done
[0.210s] -- Check for working C compiler: /usr/bin/cc - skipped
[0.210s] -- Detecting C compile features
[0.210s] -- Detecting C compile features - done
[0.214s] -- Detecting CXX compiler ABI info
[0.265s] -- Detecting CXX compiler ABI info - done
[0.272s] -- Check for working CXX compiler: /usr/bin/c++ - skipped
[0.272s] -- Detecting CXX compile features
[0.272s] -- Detecting CXX compile features - done
[0.274s] -- Found ament_cmake: 1.3.14 (/opt/ros/humble/share/ament_cmake/cmake)
[0.395s] -- Found Python3: /usr/bin/python3 (found version "3.10.12") found components: Interpreter 
[0.502s] -- Configuring done
[0.503s] -- Generating done
[0.505s] -- Build files have been written to: /home/alecr/HRI_ws/build/open_manipulator_x_description
[0.507s] Invoked command in '/home/alecr/HRI_ws/build/open_manipulator_x_description' returned '0': CMAKE_PREFIX_PATH=/opt/ros/humble /usr/bin/cmake /home/alecr/HRI_ws/src/open_manipulator/open_manipulator_x_description -DCMAKE_INSTALL_PREFIX=/home/alecr/HRI_ws/install/open_manipulator_x_description
[0.509s] Invoking command in '/home/alecr/HRI_ws/build/open_manipulator_x_description': CMAKE_PREFIX_PATH=/opt/ros/humble /usr/bin/cmake --build /home/alecr/HRI_ws/build/open_manipulator_x_description -- -j16 -l16
[0.535s] Invoked command in '/home/alecr/HRI_ws/build/open_manipulator_x_description' returned '0': CMAKE_PREFIX_PATH=/opt/ros/humble /usr/bin/cmake --build /home/alecr/HRI_ws/build/open_manipulator_x_description -- -j16 -l16
[0.536s] Invoking command in '/home/alecr/HRI_ws/build/open_manipulator_x_description': CMAKE_PREFIX_PATH=/opt/ros/humble /usr/bin/cmake --install /home/alecr/HRI_ws/build/open_manipulator_x_description
[0.541s] -- Install configuration: ""
[0.541s] -- Installing: /home/alecr/HRI_ws/install/open_manipulator_x_description/share/open_manipulator_x_description/launch
[0.541s] -- Installing: /home/alecr/HRI_ws/install/open_manipulator_x_description/share/open_manipulator_x_description/launch/open_manipulator_x_rviz.launch.py
[0.541s] -- Installing: /home/alecr/HRI_ws/install/open_manipulator_x_description/share/open_manipulator_x_description/launch/.DS_Store
[0.541s] -- Installing: /home/alecr/HRI_ws/install/open_manipulator_x_description/share/open_manipulator_x_description/meshes
[0.541s] -- Installing: /home/alecr/HRI_ws/install/open_manipulator_x_description/share/open_manipulator_x_description/meshes/chain_link3.stl
[0.542s] -- Installing: /home/alecr/HRI_ws/install/open_manipulator_x_description/share/open_manipulator_x_description/meshes/chain_link4.stl
[0.542s] -- Installing: /home/alecr/HRI_ws/install/open_manipulator_x_description/share/open_manipulator_x_description/meshes/chain_link1.stl
[0.543s] -- Installing: /home/alecr/HRI_ws/install/open_manipulator_x_description/share/open_manipulator_x_description/meshes/chain_link_grip_l.stl
[0.543s] -- Installing: /home/alecr/HRI_ws/install/open_manipulator_x_description/share/open_manipulator_x_description/meshes/chain_link5.stl
[0.543s] -- Installing: /home/alecr/HRI_ws/install/open_manipulator_x_description/share/open_manipulator_x_description/meshes/chain_link_grip_r.stl
[0.543s] -- Installing: /home/alecr/HRI_ws/install/open_manipulator_x_description/share/open_manipulator_x_description/meshes/chain_link2.stl
[0.544s] -- Installing: /home/alecr/HRI_ws/install/open_manipulator_x_description/share/open_manipulator_x_description/rviz
[0.544s] -- Installing: /home/alecr/HRI_ws/install/open_manipulator_x_description/share/open_manipulator_x_description/rviz/open_manipulator_x.rviz
[0.544s] -- Installing: /home/alecr/HRI_ws/install/open_manipulator_x_description/share/open_manipulator_x_description/urdf
[0.544s] -- Installing: /home/alecr/HRI_ws/install/open_manipulator_x_description/share/open_manipulator_x_description/urdf/open_manipulator_x_robot.urdf.xacro
[0.544s] -- Installing: /home/alecr/HRI_ws/install/open_manipulator_x_description/share/open_manipulator_x_description/urdf/open_manipulator_x.urdf.xacro
[0.544s] -- Installing: /home/alecr/HRI_ws/install/open_manipulator_x_description/share/open_manipulator_x_description/urdf/open_manipulator_x.gazebo.xacro
[0.544s] -- Installing: /home/alecr/HRI_ws/install/open_manipulator_x_description/share/open_manipulator_x_description/urdf/materials.xacro
[0.544s] -- Installing: /home/alecr/HRI_ws/install/open_manipulator_x_description/share/open_manipulator_x_description/urdf/open_manipulator_x.transmission.xacro
[0.544s] -- Installing: /home/alecr/HRI_ws/install/open_manipulator_x_description/share/ament_index/resource_index/package_run_dependencies/open_manipulator_x_description
[0.544s] -- Installing: /home/alecr/HRI_ws/install/open_manipulator_x_description/share/ament_index/resource_index/parent_prefix_path/open_manipulator_x_description
[0.544s] -- Installing: /home/alecr/HRI_ws/install/open_manipulator_x_description/share/open_manipulator_x_description/environment/ament_prefix_path.sh
[0.544s] -- Installing: /home/alecr/HRI_ws/install/open_manipulator_x_description/share/open_manipulator_x_description/environment/ament_prefix_path.dsv
[0.544s] -- Installing: /home/alecr/HRI_ws/install/open_manipulator_x_description/share/open_manipulator_x_description/environment/path.sh
[0.545s] -- Installing: /home/alecr/HRI_ws/install/open_manipulator_x_description/share/open_manipulator_x_description/environment/path.dsv
[0.545s] -- Installing: /home/alecr/HRI_ws/install/open_manipulator_x_description/share/open_manipulator_x_description/local_setup.bash
[0.545s] -- Installing: /home/alecr/HRI_ws/install/open_manipulator_x_description/share/open_manipulator_x_description/local_setup.sh
[0.545s] -- Installing: /home/alecr/HRI_ws/install/open_manipulator_x_description/share/open_manipulator_x_description/local_setup.zsh
[0.545s] -- Installing: /home/alecr/HRI_ws/install/open_manipulator_x_description/share/open_manipulator_x_description/local_setup.dsv
[0.545s] -- Installing: /home/alecr/HRI_ws/install/open_manipulator_x_description/share/open_manipulator_x_description/package.dsv
[0.545s] -- Installing: /home/alecr/HRI_ws/install/open_manipulator_x_description/share/ament_index/resource_index/packages/open_manipulator_x_description
[0.545s] -- Installing: /home/alecr/HRI_ws/install/open_manipulator_x_description/share/open_manipulator_x_description/cmake/open_manipulator_x_descriptionConfig.cmake
[0.545s] -- Installing: /home/alecr/HRI_ws/install/open_manipulator_x_description/share/open_manipulator_x_description/cmake/open_manipulator_x_descriptionConfig-version.cmake
[0.545s] -- Installing: /home/alecr/HRI_ws/install/open_manipulator_x_description/share/open_manipulator_x_description/package.xml
[0.547s] Invoked command in '/home/alecr/HRI_ws/build/open_manipulator_x_description' returned '0': CMAKE_PREFIX_PATH=/opt/ros/humble /usr/bin/cmake --install /home/alecr/HRI_ws/build/open_manipulator_x_description
