[0.009s] Invoking command in '/home/alecr/HRI/build/robotis_manipulator': AMENT_PREFIX_PATH=/home/alecr/HRI_ws/install/cmake_modules:${AMENT_PREFIX_PATH} CMAKE_PREFIX_PATH=/home/alecr/HRI/install/cmake_modules:/home/alecr/HRI/install/open_manipulator:/home/alecr/HRI/install/open_manipulator_x_controller:/home/alecr/HRI/install/open_manipulator_x_libs:/home/alecr/HRI/install/robotis_manipulator:/home/alecr/HRI/install/rbe500-example:/home/alecr/HRI/install/open_manipulator_x_description:/home/alecr/HRI/install/open_manipulator_msgs:/home/alecr/HRI/install/dynamixel_workbench:/home/alecr/HRI/install/dynamixel_workbench_toolbox:/home/alecr/HRI/install/dynamixel_sdk_examples:/home/alecr/HRI/install/dynamixel_sdk_custom_interfaces:/home/alecr/HRI/install/dynamixel_sdk:/home/alecr/ros2_ws/install/open_manipulator:/home/alecr/ros2_ws/install/open_manipulator_x_teleop:/home/alecr/ros2_ws/install/open_manipulator_x_moveit_config:/home/alecr/ros2_ws/install/srdfdom:/home/alecr/ros2_ws/install/rviz_marker_tools:/home/alecr/ros2_ws/install/rosparam_shortcuts:/home/alecr/ros2_ws/install/open_manipulator_x_playground:/home/alecr/ros2_ws/install/open_manipulator_x_gui:/home/alecr/ros2_ws/install/open_manipulator_x_bringup:/home/alecr/ros2_ws/install/open_manipulator_x_description:/home/alecr/ros2_ws/install/moveit_task_constructor_msgs:/home/alecr/ros2_ws/install/moveit_resources_prbt_support:/home/alecr/ros2_ws/install/moveit_resources:/home/alecr/ros2_ws/install/moveit_resources_pr2_description:/home/alecr/ros2_ws/install/moveit_resources_panda_moveit_config:/home/alecr/ros2_ws/install/moveit_resources_panda_description:/home/alecr/ros2_ws/install/moveit_resources_fanuc_moveit_config:/home/alecr/ros2_ws/install/moveit_resources_fanuc_description:/home/alecr/ros2_ws/install/moveit_common:/home/alecr/ros2_ws/install/interfaces:/home/alecr/ros2_ws/install/dynamixel_sdk_examples:/home/alecr/ros2_ws/install/dynamixel_sdk_custom_interfaces:/home/alecr/ros2_ws/install/dynamixel_hardware_interface:/home/alecr/ros2_ws/install/dynamixel_sdk:/home/alecr/ros2_ws/install/dynamixel_interfaces:/home/alecr/HRI/install/rbe500_example_py:/home/alecr/ros2_ws/install/moveit_configs_utils:/home/alecr/ros2_ws/install/mqp_ros:/home/alecr/ros2_ws/install/mqp:/home/alecr/ros2_ws/install/launch_param_builder:/home/alecr/ros2_ws/install/MQP:/home/alecr/ros2_ws/install/HRI:/opt/ros/humble /usr/bin/cmake --build /home/alecr/HRI/build/robotis_manipulator -- -j16 -l16
[0.014s] [0mCMake Error: The current CMakeCache.txt directory /home/alecr/HRI/build/robotis_manipulator/CMakeCache.txt is different than the directory /home/alecr/HRI_ws/build/robotis_manipulator where CMakeCache.txt was created. This may result in binaries being created in the wrong place. If you are not sure, reedit the CMakeCache.txt[0m
[0.030s] -- Found ament_cmake: 1.3.14 (/opt/ros/humble/share/ament_cmake/cmake)
[0.137s] -- Found cmake_modules: 0.4.1 (/home/alecr/HRI_ws/install/cmake_modules/share/cmake_modules/cmake)
[0.138s] -- Found rclcpp: 16.0.19 (/opt/ros/humble/share/rclcpp/cmake)
[0.157s] -- Found rosidl_generator_c: 3.1.8 (/opt/ros/humble/share/rosidl_generator_c/cmake)
[0.158s] -- Found rosidl_adapter: 3.1.8 (/opt/ros/humble/share/rosidl_adapter/cmake)
[0.162s] -- Found rosidl_generator_cpp: 3.1.8 (/opt/ros/humble/share/rosidl_generator_cpp/cmake)
[0.169s] -- Using all available rosidl_typesupport_c: rosidl_typesupport_fastrtps_c;rosidl_typesupport_introspection_c
[0.178s] -- Using all available rosidl_typesupport_cpp: rosidl_typesupport_fastrtps_cpp;rosidl_typesupport_introspection_cpp
[0.201s] -- Found rmw_implementation_cmake: 6.1.2 (/opt/ros/humble/share/rmw_implementation_cmake/cmake)
[0.203s] -- Found rmw_fastrtps_cpp: 6.2.10 (/opt/ros/humble/share/rmw_fastrtps_cpp/cmake)
[0.260s] -- Using RMW implementation 'rmw_fastrtps_cpp' as default
[0.343s] -- Configuring done
[0.348s] -- Generating done
[0.350s] -- Build files have been written to: /home/alecr/HRI_ws/build/robotis_manipulator
[0.377s] [35m[1mConsolidate compiler generated dependencies of target robotis_manipulator[0m
[0.396s] [100%] Built target robotis_manipulator
[0.404s] Invoked command in '/home/alecr/HRI/build/robotis_manipulator' returned '0': AMENT_PREFIX_PATH=/home/alecr/HRI_ws/install/cmake_modules:${AMENT_PREFIX_PATH} CMAKE_PREFIX_PATH=/home/alecr/HRI/install/cmake_modules:/home/alecr/HRI/install/open_manipulator:/home/alecr/HRI/install/open_manipulator_x_controller:/home/alecr/HRI/install/open_manipulator_x_libs:/home/alecr/HRI/install/robotis_manipulator:/home/alecr/HRI/install/rbe500-example:/home/alecr/HRI/install/open_manipulator_x_description:/home/alecr/HRI/install/open_manipulator_msgs:/home/alecr/HRI/install/dynamixel_workbench:/home/alecr/HRI/install/dynamixel_workbench_toolbox:/home/alecr/HRI/install/dynamixel_sdk_examples:/home/alecr/HRI/install/dynamixel_sdk_custom_interfaces:/home/alecr/HRI/install/dynamixel_sdk:/home/alecr/ros2_ws/install/open_manipulator:/home/alecr/ros2_ws/install/open_manipulator_x_teleop:/home/alecr/ros2_ws/install/open_manipulator_x_moveit_config:/home/alecr/ros2_ws/install/srdfdom:/home/alecr/ros2_ws/install/rviz_marker_tools:/home/alecr/ros2_ws/install/rosparam_shortcuts:/home/alecr/ros2_ws/install/open_manipulator_x_playground:/home/alecr/ros2_ws/install/open_manipulator_x_gui:/home/alecr/ros2_ws/install/open_manipulator_x_bringup:/home/alecr/ros2_ws/install/open_manipulator_x_description:/home/alecr/ros2_ws/install/moveit_task_constructor_msgs:/home/alecr/ros2_ws/install/moveit_resources_prbt_support:/home/alecr/ros2_ws/install/moveit_resources:/home/alecr/ros2_ws/install/moveit_resources_pr2_description:/home/alecr/ros2_ws/install/moveit_resources_panda_moveit_config:/home/alecr/ros2_ws/install/moveit_resources_panda_description:/home/alecr/ros2_ws/install/moveit_resources_fanuc_moveit_config:/home/alecr/ros2_ws/install/moveit_resources_fanuc_description:/home/alecr/ros2_ws/install/moveit_common:/home/alecr/ros2_ws/install/interfaces:/home/alecr/ros2_ws/install/dynamixel_sdk_examples:/home/alecr/ros2_ws/install/dynamixel_sdk_custom_interfaces:/home/alecr/ros2_ws/install/dynamixel_hardware_interface:/home/alecr/ros2_ws/install/dynamixel_sdk:/home/alecr/ros2_ws/install/dynamixel_interfaces:/home/alecr/HRI/install/rbe500_example_py:/home/alecr/ros2_ws/install/moveit_configs_utils:/home/alecr/ros2_ws/install/mqp_ros:/home/alecr/ros2_ws/install/mqp:/home/alecr/ros2_ws/install/launch_param_builder:/home/alecr/ros2_ws/install/MQP:/home/alecr/ros2_ws/install/HRI:/opt/ros/humble /usr/bin/cmake --build /home/alecr/HRI/build/robotis_manipulator -- -j16 -l16
[0.405s] Invoking command in '/home/alecr/HRI/build/robotis_manipulator': AMENT_PREFIX_PATH=/home/alecr/HRI_ws/install/cmake_modules:${AMENT_PREFIX_PATH} CMAKE_PREFIX_PATH=/home/alecr/HRI/install/cmake_modules:/home/alecr/HRI/install/open_manipulator:/home/alecr/HRI/install/open_manipulator_x_controller:/home/alecr/HRI/install/open_manipulator_x_libs:/home/alecr/HRI/install/robotis_manipulator:/home/alecr/HRI/install/rbe500-example:/home/alecr/HRI/install/open_manipulator_x_description:/home/alecr/HRI/install/open_manipulator_msgs:/home/alecr/HRI/install/dynamixel_workbench:/home/alecr/HRI/install/dynamixel_workbench_toolbox:/home/alecr/HRI/install/dynamixel_sdk_examples:/home/alecr/HRI/install/dynamixel_sdk_custom_interfaces:/home/alecr/HRI/install/dynamixel_sdk:/home/alecr/ros2_ws/install/open_manipulator:/home/alecr/ros2_ws/install/open_manipulator_x_teleop:/home/alecr/ros2_ws/install/open_manipulator_x_moveit_config:/home/alecr/ros2_ws/install/srdfdom:/home/alecr/ros2_ws/install/rviz_marker_tools:/home/alecr/ros2_ws/install/rosparam_shortcuts:/home/alecr/ros2_ws/install/open_manipulator_x_playground:/home/alecr/ros2_ws/install/open_manipulator_x_gui:/home/alecr/ros2_ws/install/open_manipulator_x_bringup:/home/alecr/ros2_ws/install/open_manipulator_x_description:/home/alecr/ros2_ws/install/moveit_task_constructor_msgs:/home/alecr/ros2_ws/install/moveit_resources_prbt_support:/home/alecr/ros2_ws/install/moveit_resources:/home/alecr/ros2_ws/install/moveit_resources_pr2_description:/home/alecr/ros2_ws/install/moveit_resources_panda_moveit_config:/home/alecr/ros2_ws/install/moveit_resources_panda_description:/home/alecr/ros2_ws/install/moveit_resources_fanuc_moveit_config:/home/alecr/ros2_ws/install/moveit_resources_fanuc_description:/home/alecr/ros2_ws/install/moveit_common:/home/alecr/ros2_ws/install/interfaces:/home/alecr/ros2_ws/install/dynamixel_sdk_examples:/home/alecr/ros2_ws/install/dynamixel_sdk_custom_interfaces:/home/alecr/ros2_ws/install/dynamixel_hardware_interface:/home/alecr/ros2_ws/install/dynamixel_sdk:/home/alecr/ros2_ws/install/dynamixel_interfaces:/home/alecr/HRI/install/rbe500_example_py:/home/alecr/ros2_ws/install/moveit_configs_utils:/home/alecr/ros2_ws/install/mqp_ros:/home/alecr/ros2_ws/install/mqp:/home/alecr/ros2_ws/install/launch_param_builder:/home/alecr/ros2_ws/install/MQP:/home/alecr/ros2_ws/install/HRI:/opt/ros/humble /usr/bin/cmake --install /home/alecr/HRI/build/robotis_manipulator
[0.413s] -- Install configuration: ""
[0.413s] -- Up-to-date: /home/alecr/HRI_ws/install/robotis_manipulator/lib/librobotis_manipulator.so
[0.413s] -- Up-to-date: /home/alecr/HRI_ws/install/robotis_manipulator/include/
[0.413s] -- Up-to-date: /home/alecr/HRI_ws/install/robotis_manipulator/include//robotis_manipulator
[0.414s] -- Up-to-date: /home/alecr/HRI_ws/install/robotis_manipulator/include//robotis_manipulator/robotis_manipulator_manager.h
[0.414s] -- Up-to-date: /home/alecr/HRI_ws/install/robotis_manipulator/include//robotis_manipulator/robotis_manipulator_common.h
[0.414s] -- Up-to-date: /home/alecr/HRI_ws/install/robotis_manipulator/include//robotis_manipulator/robotis_manipulator_math.h
[0.414s] -- Up-to-date: /home/alecr/HRI_ws/install/robotis_manipulator/include//robotis_manipulator/robotis_manipulator_trajectory_generator.h
[0.414s] -- Up-to-date: /home/alecr/HRI_ws/install/robotis_manipulator/include//robotis_manipulator/robotis_manipulator.h
[0.414s] -- Up-to-date: /home/alecr/HRI_ws/install/robotis_manipulator/include//robotis_manipulator/robotis_manipulator_log.h
[0.414s] -- Up-to-date: /home/alecr/HRI_ws/install/robotis_manipulator/share/robotis_manipulator/environment/library_path.sh
[0.414s] -- Installing: /home/alecr/HRI_ws/install/robotis_manipulator/share/robotis_manipulator/environment/library_path.dsv
[0.414s] -- Up-to-date: /home/alecr/HRI_ws/install/robotis_manipulator/share/ament_index/resource_index/package_run_dependencies/robotis_manipulator
[0.414s] -- Installing: /home/alecr/HRI_ws/install/robotis_manipulator/share/ament_index/resource_index/parent_prefix_path/robotis_manipulator
[0.414s] -- Up-to-date: /home/alecr/HRI_ws/install/robotis_manipulator/share/robotis_manipulator/environment/ament_prefix_path.sh
[0.414s] -- Installing: /home/alecr/HRI_ws/install/robotis_manipulator/share/robotis_manipulator/environment/ament_prefix_path.dsv
[0.415s] -- Up-to-date: /home/alecr/HRI_ws/install/robotis_manipulator/share/robotis_manipulator/environment/path.sh
[0.415s] -- Installing: /home/alecr/HRI_ws/install/robotis_manipulator/share/robotis_manipulator/environment/path.dsv
[0.415s] -- Up-to-date: /home/alecr/HRI_ws/install/robotis_manipulator/share/robotis_manipulator/local_setup.bash
[0.415s] -- Up-to-date: /home/alecr/HRI_ws/install/robotis_manipulator/share/robotis_manipulator/local_setup.sh
[0.415s] -- Up-to-date: /home/alecr/HRI_ws/install/robotis_manipulator/share/robotis_manipulator/local_setup.zsh
[0.415s] -- Installing: /home/alecr/HRI_ws/install/robotis_manipulator/share/robotis_manipulator/local_setup.dsv
[0.415s] -- Installing: /home/alecr/HRI_ws/install/robotis_manipulator/share/robotis_manipulator/package.dsv
[0.415s] -- Up-to-date: /home/alecr/HRI_ws/install/robotis_manipulator/share/ament_index/resource_index/packages/robotis_manipulator
[0.416s] -- Up-to-date: /home/alecr/HRI_ws/install/robotis_manipulator/share/robotis_manipulator/cmake/ament_cmake_export_include_directories-extras.cmake
[0.416s] -- Up-to-date: /home/alecr/HRI_ws/install/robotis_manipulator/share/robotis_manipulator/cmake/ament_cmake_export_dependencies-extras.cmake
[0.416s] -- Up-to-date: /home/alecr/HRI_ws/install/robotis_manipulator/share/robotis_manipulator/cmake/ament_cmake_export_libraries-extras.cmake
[0.416s] -- Up-to-date: /home/alecr/HRI_ws/install/robotis_manipulator/share/robotis_manipulator/cmake/robotis_manipulatorConfig.cmake
[0.416s] -- Up-to-date: /home/alecr/HRI_ws/install/robotis_manipulator/share/robotis_manipulator/cmake/robotis_manipulatorConfig-version.cmake
[0.416s] -- Up-to-date: /home/alecr/HRI_ws/install/robotis_manipulator/share/robotis_manipulator/package.xml
[0.417s] Invoked command in '/home/alecr/HRI/build/robotis_manipulator' returned '0': AMENT_PREFIX_PATH=/home/alecr/HRI_ws/install/cmake_modules:${AMENT_PREFIX_PATH} CMAKE_PREFIX_PATH=/home/alecr/HRI/install/cmake_modules:/home/alecr/HRI/install/open_manipulator:/home/alecr/HRI/install/open_manipulator_x_controller:/home/alecr/HRI/install/open_manipulator_x_libs:/home/alecr/HRI/install/robotis_manipulator:/home/alecr/HRI/install/rbe500-example:/home/alecr/HRI/install/open_manipulator_x_description:/home/alecr/HRI/install/open_manipulator_msgs:/home/alecr/HRI/install/dynamixel_workbench:/home/alecr/HRI/install/dynamixel_workbench_toolbox:/home/alecr/HRI/install/dynamixel_sdk_examples:/home/alecr/HRI/install/dynamixel_sdk_custom_interfaces:/home/alecr/HRI/install/dynamixel_sdk:/home/alecr/ros2_ws/install/open_manipulator:/home/alecr/ros2_ws/install/open_manipulator_x_teleop:/home/alecr/ros2_ws/install/open_manipulator_x_moveit_config:/home/alecr/ros2_ws/install/srdfdom:/home/alecr/ros2_ws/install/rviz_marker_tools:/home/alecr/ros2_ws/install/rosparam_shortcuts:/home/alecr/ros2_ws/install/open_manipulator_x_playground:/home/alecr/ros2_ws/install/open_manipulator_x_gui:/home/alecr/ros2_ws/install/open_manipulator_x_bringup:/home/alecr/ros2_ws/install/open_manipulator_x_description:/home/alecr/ros2_ws/install/moveit_task_constructor_msgs:/home/alecr/ros2_ws/install/moveit_resources_prbt_support:/home/alecr/ros2_ws/install/moveit_resources:/home/alecr/ros2_ws/install/moveit_resources_pr2_description:/home/alecr/ros2_ws/install/moveit_resources_panda_moveit_config:/home/alecr/ros2_ws/install/moveit_resources_panda_description:/home/alecr/ros2_ws/install/moveit_resources_fanuc_moveit_config:/home/alecr/ros2_ws/install/moveit_resources_fanuc_description:/home/alecr/ros2_ws/install/moveit_common:/home/alecr/ros2_ws/install/interfaces:/home/alecr/ros2_ws/install/dynamixel_sdk_examples:/home/alecr/ros2_ws/install/dynamixel_sdk_custom_interfaces:/home/alecr/ros2_ws/install/dynamixel_hardware_interface:/home/alecr/ros2_ws/install/dynamixel_sdk:/home/alecr/ros2_ws/install/dynamixel_interfaces:/home/alecr/HRI/install/rbe500_example_py:/home/alecr/ros2_ws/install/moveit_configs_utils:/home/alecr/ros2_ws/install/mqp_ros:/home/alecr/ros2_ws/install/mqp:/home/alecr/ros2_ws/install/launch_param_builder:/home/alecr/ros2_ws/install/MQP:/home/alecr/ros2_ws/install/HRI:/opt/ros/humble /usr/bin/cmake --install /home/alecr/HRI/build/robotis_manipulator
