[0.006s] Invoking command in '/home/alecr/HRI/build/robotis_manipulator': AMENT_PREFIX_PATH=/home/alecr/HRI/install/cmake_modules CMAKE_PREFIX_PATH=/home/alecr/HRI/install/cmake_modules /usr/bin/cmake --build /home/alecr/HRI/build/robotis_manipulator -- -j16 -l16
[0.060s] [100%] Built target robotis_manipulator
[0.089s] Invoked command in '/home/alecr/HRI/build/robotis_manipulator' returned '0': AMENT_PREFIX_PATH=/home/alecr/HRI/install/cmake_modules CMAKE_PREFIX_PATH=/home/alecr/HRI/install/cmake_modules /usr/bin/cmake --build /home/alecr/HRI/build/robotis_manipulator -- -j16 -l16
[0.089s] Invoking command in '/home/alecr/HRI/build/robotis_manipulator': AMENT_PREFIX_PATH=/home/alecr/HRI/install/cmake_modules CMAKE_PREFIX_PATH=/home/alecr/HRI/install/cmake_modules /usr/bin/cmake --install /home/alecr/HRI/build/robotis_manipulator
[0.097s] -- Install configuration: ""
[0.099s] -- Up-to-date: /home/alecr/HRI/install/robotis_manipulator/lib/librobotis_manipulator.so
[0.099s] -- Up-to-date: /home/alecr/HRI/install/robotis_manipulator/include/
[0.099s] -- Up-to-date: /home/alecr/HRI/install/robotis_manipulator/include//robotis_manipulator
[0.099s] -- Up-to-date: /home/alecr/HRI/install/robotis_manipulator/include//robotis_manipulator/robotis_manipulator_manager.h
[0.099s] -- Up-to-date: /home/alecr/HRI/install/robotis_manipulator/include//robotis_manipulator/robotis_manipulator_common.h
[0.099s] -- Up-to-date: /home/alecr/HRI/install/robotis_manipulator/include//robotis_manipulator/robotis_manipulator_math.h
[0.100s] -- Up-to-date: /home/alecr/HRI/install/robotis_manipulator/include//robotis_manipulator/robotis_manipulator_trajectory_generator.h
[0.100s] -- Up-to-date: /home/alecr/HRI/install/robotis_manipulator/include//robotis_manipulator/robotis_manipulator.h
[0.100s] -- Up-to-date: /home/alecr/HRI/install/robotis_manipulator/include//robotis_manipulator/robotis_manipulator_log.h
[0.100s] -- Up-to-date: /home/alecr/HRI/install/robotis_manipulator/share/robotis_manipulator/environment/library_path.sh
[0.100s] -- Up-to-date: /home/alecr/HRI/install/robotis_manipulator/share/robotis_manipulator/environment/library_path.dsv
[0.100s] -- Up-to-date: /home/alecr/HRI/install/robotis_manipulator/share/ament_index/resource_index/package_run_dependencies/robotis_manipulator
[0.100s] -- Up-to-date: /home/alecr/HRI/install/robotis_manipulator/share/ament_index/resource_index/parent_prefix_path/robotis_manipulator
[0.100s] -- Up-to-date: /home/alecr/HRI/install/robotis_manipulator/share/robotis_manipulator/environment/ament_prefix_path.sh
[0.100s] -- Up-to-date: /home/alecr/HRI/install/robotis_manipulator/share/robotis_manipulator/environment/ament_prefix_path.dsv
[0.101s] -- Up-to-date: /home/alecr/HRI/install/robotis_manipulator/share/robotis_manipulator/environment/path.sh
[0.101s] -- Up-to-date: /home/alecr/HRI/install/robotis_manipulator/share/robotis_manipulator/environment/path.dsv
[0.101s] -- Up-to-date: /home/alecr/HRI/install/robotis_manipulator/share/robotis_manipulator/local_setup.bash
[0.102s] -- Up-to-date: /home/alecr/HRI/install/robotis_manipulator/share/robotis_manipulator/local_setup.sh
[0.102s] -- Up-to-date: /home/alecr/HRI/install/robotis_manipulator/share/robotis_manipulator/local_setup.zsh
[0.102s] -- Up-to-date: /home/alecr/HRI/install/robotis_manipulator/share/robotis_manipulator/local_setup.dsv
[0.102s] -- Installing: /home/alecr/HRI/install/robotis_manipulator/share/robotis_manipulator/package.dsv
[0.102s] -- Up-to-date: /home/alecr/HRI/install/robotis_manipulator/share/ament_index/resource_index/packages/robotis_manipulator
[0.102s] -- Up-to-date: /home/alecr/HRI/install/robotis_manipulator/share/robotis_manipulator/cmake/ament_cmake_export_include_directories-extras.cmake
[0.102s] -- Up-to-date: /home/alecr/HRI/install/robotis_manipulator/share/robotis_manipulator/cmake/ament_cmake_export_dependencies-extras.cmake
[0.102s] -- Up-to-date: /home/alecr/HRI/install/robotis_manipulator/share/robotis_manipulator/cmake/ament_cmake_export_libraries-extras.cmake
[0.102s] -- Up-to-date: /home/alecr/HRI/install/robotis_manipulator/share/robotis_manipulator/cmake/robotis_manipulatorConfig.cmake
[0.102s] -- Up-to-date: /home/alecr/HRI/install/robotis_manipulator/share/robotis_manipulator/cmake/robotis_manipulatorConfig-version.cmake
[0.103s] -- Up-to-date: /home/alecr/HRI/install/robotis_manipulator/share/robotis_manipulator/package.xml
[0.103s] Invoked command in '/home/alecr/HRI/build/robotis_manipulator' returned '0': AMENT_PREFIX_PATH=/home/alecr/HRI/install/cmake_modules CMAKE_PREFIX_PATH=/home/alecr/HRI/install/cmake_modules /usr/bin/cmake --install /home/alecr/HRI/build/robotis_manipulator
