[0.517s] Invoking command in '/home/alecr/HRI/src/arm_control': PYTHONPATH=/home/alecr/HRI/build/arm_control/prefix_override:/usr/lib/python3/dist-packages/colcon_core/task/python/colcon_distutils_commands:/home/alecr/HRI/install/arm_control/lib/python3.10/site-packages:${PYTHONPATH} /usr/bin/python3 -W ignore:setup.py install is deprecated -W ignore:easy_install command is deprecated setup.py egg_info --egg-base ../../build/arm_control build --build-base /home/alecr/HRI/build/arm_control/build install --record /home/alecr/HRI/build/arm_control/install.log --single-version-externally-managed install_data
[0.693s] running egg_info
[0.694s] writing ../../build/arm_control/arm_control.egg-info/PKG-INFO
[0.694s] writing dependency_links to ../../build/arm_control/arm_control.egg-info/dependency_links.txt
[0.694s] writing entry points to ../../build/arm_control/arm_control.egg-info/entry_points.txt
[0.694s] writing requirements to ../../build/arm_control/arm_control.egg-info/requires.txt
[0.694s] writing top-level names to ../../build/arm_control/arm_control.egg-info/top_level.txt
[0.695s] reading manifest file '../../build/arm_control/arm_control.egg-info/SOURCES.txt'
[0.695s] writing manifest file '../../build/arm_control/arm_control.egg-info/SOURCES.txt'
[0.695s] running build
[0.695s] running build_py
[0.696s] copying arm_control/chess_interface.py -> /home/alecr/HRI/build/arm_control/build/lib/arm_control
[0.696s] running install
[0.696s] running install_lib
[0.697s] copying /home/alecr/HRI/build/arm_control/build/lib/arm_control/chess_interface.py -> /home/alecr/HRI/install/arm_control/lib/python3.10/site-packages/arm_control
[0.697s] byte-compiling /home/alecr/HRI/install/arm_control/lib/python3.10/site-packages/arm_control/chess_interface.py to chess_interface.cpython-310.pyc
[0.697s] running install_data
[0.697s] running install_egg_info
[0.699s] removing '/home/alecr/HRI/install/arm_control/lib/python3.10/site-packages/arm_control-0.0.0-py3.10.egg-info' (and everything under it)
[0.699s] Copying ../../build/arm_control/arm_control.egg-info to /home/alecr/HRI/install/arm_control/lib/python3.10/site-packages/arm_control-0.0.0-py3.10.egg-info
[0.699s] running install_scripts
[0.713s] Installing arm script to /home/alecr/HRI/install/arm_control/lib/arm_control
[0.714s] Installing arm_t script to /home/alecr/HRI/install/arm_control/lib/arm_control
[0.714s] Installing input script to /home/alecr/HRI/install/arm_control/lib/arm_control
[0.714s] writing list of installed files to '/home/alecr/HRI/build/arm_control/install.log'
[0.728s] Invoked command in '/home/alecr/HRI/src/arm_control' returned '0': PYTHONPATH=/home/alecr/HRI/build/arm_control/prefix_override:/usr/lib/python3/dist-packages/colcon_core/task/python/colcon_distutils_commands:/home/alecr/HRI/install/arm_control/lib/python3.10/site-packages:${PYTHONPATH} /usr/bin/python3 -W ignore:setup.py install is deprecated -W ignore:easy_install command is deprecated setup.py egg_info --egg-base ../../build/arm_control build --build-base /home/alecr/HRI/build/arm_control/build install --record /home/alecr/HRI/build/arm_control/install.log --single-version-externally-managed install_data
