[0.532s] Invoking command in '/home/alecr/HRI/src/arm_control': PYTHONPATH=/home/alecr/HRI/build/arm_control/prefix_override:/usr/lib/python3/dist-packages/colcon_core/task/python/colcon_distutils_commands:/home/alecr/HRI/install/arm_control/lib/python3.10/site-packages:${PYTHONPATH} /usr/bin/python3 -W ignore:setup.py install is deprecated -W ignore:easy_install command is deprecated setup.py egg_info --egg-base ../../build/arm_control build --build-base /home/alecr/HRI/build/arm_control/build install --record /home/alecr/HRI/build/arm_control/install.log --single-version-externally-managed install_data
[0.696s] running egg_info
[0.696s] writing ../../build/arm_control/arm_control.egg-info/PKG-INFO
[0.696s] writing dependency_links to ../../build/arm_control/arm_control.egg-info/dependency_links.txt
[0.696s] writing entry points to ../../build/arm_control/arm_control.egg-info/entry_points.txt
[0.696s] writing requirements to ../../build/arm_control/arm_control.egg-info/requires.txt
[0.696s] writing top-level names to ../../build/arm_control/arm_control.egg-info/top_level.txt
[0.697s] reading manifest file '../../build/arm_control/arm_control.egg-info/SOURCES.txt'
[0.698s] writing manifest file '../../build/arm_control/arm_control.egg-info/SOURCES.txt'
[0.698s] running build
[0.698s] running build_py
[0.698s] copying arm_control/chess_interface.py -> /home/alecr/HRI/build/arm_control/build/lib/arm_control
[0.698s] running install
[0.698s] running install_lib
[0.700s] copying /home/alecr/HRI/build/arm_control/build/lib/arm_control/chess_interface.py -> /home/alecr/HRI/install/arm_control/lib/python3.10/site-packages/arm_control
[0.700s] byte-compiling /home/alecr/HRI/install/arm_control/lib/python3.10/site-packages/arm_control/chess_interface.py to chess_interface.cpython-310.pyc
[0.700s] running install_data
[0.700s] running install_egg_info
[0.701s] removing '/home/alecr/HRI/install/arm_control/lib/python3.10/site-packages/arm_control-0.0.0-py3.10.egg-info' (and everything under it)
[0.702s] Copying ../../build/arm_control/arm_control.egg-info to /home/alecr/HRI/install/arm_control/lib/python3.10/site-packages/arm_control-0.0.0-py3.10.egg-info
[0.702s] running install_scripts
[0.716s] Installing arm script to /home/alecr/HRI/install/arm_control/lib/arm_control
[0.716s] Installing arm_t script to /home/alecr/HRI/install/arm_control/lib/arm_control
[0.716s] Installing input script to /home/alecr/HRI/install/arm_control/lib/arm_control
[0.716s] writing list of installed files to '/home/alecr/HRI/build/arm_control/install.log'
[0.730s] Invoked command in '/home/alecr/HRI/src/arm_control' returned '0': PYTHONPATH=/home/alecr/HRI/build/arm_control/prefix_override:/usr/lib/python3/dist-packages/colcon_core/task/python/colcon_distutils_commands:/home/alecr/HRI/install/arm_control/lib/python3.10/site-packages:${PYTHONPATH} /usr/bin/python3 -W ignore:setup.py install is deprecated -W ignore:easy_install command is deprecated setup.py egg_info --egg-base ../../build/arm_control build --build-base /home/alecr/HRI/build/arm_control/build install --record /home/alecr/HRI/build/arm_control/install.log --single-version-externally-managed install_data
