[0.027s] Invoking command in '/home/alecr/HRI/build/dynamixel_sdk': CMAKE_PREFIX_PATH=${CMAKE_PREFIX_PATH}:/home/alecr/HRI/install/rbe500_example_py:/home/alecr/ros2_ws/install/moveit_configs_utils:/home/alecr/ros2_ws/install/mqp_ros:/home/alecr/ros2_ws/install/mqp:/home/alecr/ros2_ws/install/launch_param_builder:/home/alecr/ros2_ws/install/MQP:/home/alecr/ros2_ws/install/HRI:/opt/ros/humble /usr/bin/cmake --build /home/alecr/HRI/build/dynamixel_sdk -- -j16 -l16
[0.035s] [0mCMake Error: The current CMakeCache.txt directory /home/alecr/HRI/build/dynamixel_sdk/CMakeCache.txt is different than the directory /home/alecr/HRI_ws/build/dynamixel_sdk where CMakeCache.txt was created. This may result in binaries being created in the wrong place. If you are not sure, reedit the CMakeCache.txt[0m
[0.051s] -- Found ament_cmake: 1.3.14 (/opt/ros/humble/share/ament_cmake/cmake)
[0.204s] -- Configuring done
[0.206s] -- Generating done
[0.207s] -- Build files have been written to: /home/alecr/HRI_ws/build/dynamixel_sdk
[0.229s] [35m[1mConsolidate compiler generated dependencies of target dynamixel_sdk[0m
[0.242s] [100%] Built target dynamixel_sdk
[0.253s] Invoked command in '/home/alecr/HRI/build/dynamixel_sdk' returned '0': CMAKE_PREFIX_PATH=${CMAKE_PREFIX_PATH}:/home/alecr/HRI/install/rbe500_example_py:/home/alecr/ros2_ws/install/moveit_configs_utils:/home/alecr/ros2_ws/install/mqp_ros:/home/alecr/ros2_ws/install/mqp:/home/alecr/ros2_ws/install/launch_param_builder:/home/alecr/ros2_ws/install/MQP:/home/alecr/ros2_ws/install/HRI:/opt/ros/humble /usr/bin/cmake --build /home/alecr/HRI/build/dynamixel_sdk -- -j16 -l16
[0.254s] Invoking command in '/home/alecr/HRI/build/dynamixel_sdk': CMAKE_PREFIX_PATH=${CMAKE_PREFIX_PATH}:/home/alecr/HRI/install/rbe500_example_py:/home/alecr/ros2_ws/install/moveit_configs_utils:/home/alecr/ros2_ws/install/mqp_ros:/home/alecr/ros2_ws/install/mqp:/home/alecr/ros2_ws/install/launch_param_builder:/home/alecr/ros2_ws/install/MQP:/home/alecr/ros2_ws/install/HRI:/opt/ros/humble /usr/bin/cmake --install /home/alecr/HRI/build/dynamixel_sdk
[0.259s] -- Install configuration: ""
[0.259s] -- Up-to-date: /home/alecr/HRI_ws/install/dynamixel_sdk/include/
[0.259s] -- Up-to-date: /home/alecr/HRI_ws/install/dynamixel_sdk/include//dynamixel_sdk
[0.259s] -- Up-to-date: /home/alecr/HRI_ws/install/dynamixel_sdk/include//dynamixel_sdk/port_handler_mac.h
[0.259s] -- Up-to-date: /home/alecr/HRI_ws/install/dynamixel_sdk/include//dynamixel_sdk/port_handler_arduino.h
[0.259s] -- Up-to-date: /home/alecr/HRI_ws/install/dynamixel_sdk/include//dynamixel_sdk/port_handler.h
[0.259s] -- Up-to-date: /home/alecr/HRI_ws/install/dynamixel_sdk/include//dynamixel_sdk/packet_handler.h
[0.259s] -- Up-to-date: /home/alecr/HRI_ws/install/dynamixel_sdk/include//dynamixel_sdk/group_sync_read.h
[0.259s] -- Up-to-date: /home/alecr/HRI_ws/install/dynamixel_sdk/include//dynamixel_sdk/protocol2_packet_handler.h
[0.260s] -- Up-to-date: /home/alecr/HRI_ws/install/dynamixel_sdk/include//dynamixel_sdk/group_bulk_write.h
[0.260s] -- Up-to-date: /home/alecr/HRI_ws/install/dynamixel_sdk/include//dynamixel_sdk/port_handler_linux.h
[0.260s] -- Up-to-date: /home/alecr/HRI_ws/install/dynamixel_sdk/include//dynamixel_sdk/group_bulk_read.h
[0.260s] -- Up-to-date: /home/alecr/HRI_ws/install/dynamixel_sdk/include//dynamixel_sdk/group_sync_write.h
[0.260s] -- Up-to-date: /home/alecr/HRI_ws/install/dynamixel_sdk/include//dynamixel_sdk/port_handler_windows.h
[0.260s] -- Up-to-date: /home/alecr/HRI_ws/install/dynamixel_sdk/include//dynamixel_sdk/dynamixel_sdk.h
[0.260s] -- Up-to-date: /home/alecr/HRI_ws/install/dynamixel_sdk/include//dynamixel_sdk/protocol1_packet_handler.h
[0.260s] -- Up-to-date: /home/alecr/HRI_ws/install/dynamixel_sdk/lib/libdynamixel_sdk.so
[0.260s] -- Up-to-date: /home/alecr/HRI_ws/install/dynamixel_sdk/share/dynamixel_sdk/environment/library_path.sh
[0.260s] -- Installing: /home/alecr/HRI_ws/install/dynamixel_sdk/share/dynamixel_sdk/environment/library_path.dsv
[0.260s] -- Up-to-date: /home/alecr/HRI_ws/install/dynamixel_sdk/share/ament_index/resource_index/package_run_dependencies/dynamixel_sdk
[0.260s] -- Installing: /home/alecr/HRI_ws/install/dynamixel_sdk/share/ament_index/resource_index/parent_prefix_path/dynamixel_sdk
[0.260s] -- Up-to-date: /home/alecr/HRI_ws/install/dynamixel_sdk/share/dynamixel_sdk/environment/ament_prefix_path.sh
[0.260s] -- Installing: /home/alecr/HRI_ws/install/dynamixel_sdk/share/dynamixel_sdk/environment/ament_prefix_path.dsv
[0.260s] -- Up-to-date: /home/alecr/HRI_ws/install/dynamixel_sdk/share/dynamixel_sdk/environment/path.sh
[0.260s] -- Installing: /home/alecr/HRI_ws/install/dynamixel_sdk/share/dynamixel_sdk/environment/path.dsv
[0.260s] -- Up-to-date: /home/alecr/HRI_ws/install/dynamixel_sdk/share/dynamixel_sdk/local_setup.bash
[0.260s] -- Up-to-date: /home/alecr/HRI_ws/install/dynamixel_sdk/share/dynamixel_sdk/local_setup.sh
[0.260s] -- Up-to-date: /home/alecr/HRI_ws/install/dynamixel_sdk/share/dynamixel_sdk/local_setup.zsh
[0.260s] -- Installing: /home/alecr/HRI_ws/install/dynamixel_sdk/share/dynamixel_sdk/local_setup.dsv
[0.260s] -- Installing: /home/alecr/HRI_ws/install/dynamixel_sdk/share/dynamixel_sdk/package.dsv
[0.260s] -- Up-to-date: /home/alecr/HRI_ws/install/dynamixel_sdk/share/ament_index/resource_index/packages/dynamixel_sdk
[0.260s] -- Up-to-date: /home/alecr/HRI_ws/install/dynamixel_sdk/share/dynamixel_sdk/cmake/ament_cmake_export_include_directories-extras.cmake
[0.261s] -- Up-to-date: /home/alecr/HRI_ws/install/dynamixel_sdk/share/dynamixel_sdk/cmake/ament_cmake_export_libraries-extras.cmake
[0.261s] -- Up-to-date: /home/alecr/HRI_ws/install/dynamixel_sdk/share/dynamixel_sdk/cmake/dynamixel_sdkConfig.cmake
[0.261s] -- Up-to-date: /home/alecr/HRI_ws/install/dynamixel_sdk/share/dynamixel_sdk/cmake/dynamixel_sdkConfig-version.cmake
[0.261s] -- Up-to-date: /home/alecr/HRI_ws/install/dynamixel_sdk/share/dynamixel_sdk/package.xml
[0.261s] Invoked command in '/home/alecr/HRI/build/dynamixel_sdk' returned '0': CMAKE_PREFIX_PATH=${CMAKE_PREFIX_PATH}:/home/alecr/HRI/install/rbe500_example_py:/home/alecr/ros2_ws/install/moveit_configs_utils:/home/alecr/ros2_ws/install/mqp_ros:/home/alecr/ros2_ws/install/mqp:/home/alecr/ros2_ws/install/launch_param_builder:/home/alecr/ros2_ws/install/MQP:/home/alecr/ros2_ws/install/HRI:/opt/ros/humble /usr/bin/cmake --install /home/alecr/HRI/build/dynamixel_sdk
