[0mCMake Error: The current CMakeCache.txt directory /home/alecr/HRI/build/open_manipulator_x_controller/CMakeCache.txt is different than the directory /home/alecr/HRI_ws/build/open_manipulator_x_controller where CMakeCache.txt was created. This may result in binaries being created in the wrong place. If you are not sure, reedit the CMakeCache.txt[0m
-- Found ament_cmake: 1.3.14 (/opt/ros/humble/share/ament_cmake/cmake)
-- Found geometry_msgs: 4.9.1 (/opt/ros/humble/share/geometry_msgs/cmake)
-- Found rosidl_generator_c: 3.1.8 (/opt/ros/humble/share/rosidl_generator_c/cmake)
-- Found rosidl_adapter: 3.1.8 (/opt/ros/humble/share/rosidl_adapter/cmake)
-- Found rosidl_generator_cpp: 3.1.8 (/opt/ros/humble/share/rosidl_generator_cpp/cmake)
-- Using all available rosidl_typesupport_c: rosidl_typesupport_fastrtps_c;rosidl_typesupport_introspection_c
-- Using all available rosidl_typesupport_cpp: rosidl_typesupport_fastrtps_cpp;rosidl_typesupport_introspection_cpp
-- Found open_manipulator_msgs: 2.2.0 (/home/alecr/HRI_ws/install/open_manipulator_msgs/share/open_manipulator_msgs/cmake)
-- Found open_manipulator_x_libs: 2.3.0 (/home/alecr/HRI_ws/install/open_manipulator_x_libs/share/open_manipulator_x_libs/cmake)
-- Found rmw_implementation_cmake: 6.1.2 (/opt/ros/humble/share/rmw_implementation_cmake/cmake)
-- Found rmw_fastrtps_cpp: 6.2.10 (/opt/ros/humble/share/rmw_fastrtps_cpp/cmake)
-- Using RMW implementation 'rmw_fastrtps_cpp' as default
-- Found sensor_msgs: 4.9.1 (/opt/ros/humble/share/sensor_msgs/cmake)
-- Found trajectory_msgs: 4.9.1 (/opt/ros/humble/share/trajectory_msgs/cmake)
-- Configuring done
-- Generating done
-- Build files have been written to: /home/alecr/HRI_ws/build/open_manipulator_x_controller
[35m[1mConsolidate compiler generated dependencies of target open_manipulator_x_controller[0m
[100%] Built target open_manipulator_x_controller
-- Install configuration: ""
-- Up-to-date: /home/alecr/HRI_ws/install/open_manipulator_x_controller/lib/open_manipulator_x_controller/open_manipulator_x_controller
-- Up-to-date: /home/alecr/HRI_ws/install/open_manipulator_x_controller/share/open_manipulator_x_controller/99-open-manipulator-cdc.rules
-- Up-to-date: /home/alecr/HRI_ws/install/open_manipulator_x_controller/share/open_manipulator_x_controller/launch
-- Up-to-date: /home/alecr/HRI_ws/install/open_manipulator_x_controller/share/open_manipulator_x_controller/launch/open_manipulator_x_controller.launch.py
-- Up-to-date: /home/alecr/HRI_ws/install/open_manipulator_x_controller/share/open_manipulator_x_controller/param
-- Up-to-date: /home/alecr/HRI_ws/install/open_manipulator_x_controller/share/open_manipulator_x_controller/param/open_manipulator_x_controller_params.yaml
-- Up-to-date: /home/alecr/HRI_ws/install/open_manipulator_x_controller/lib/open_manipulator_x_controller/create_udev_rules
-- Up-to-date: /home/alecr/HRI_ws/install/open_manipulator_x_controller/share/ament_index/resource_index/package_run_dependencies/open_manipulator_x_controller
-- Installing: /home/alecr/HRI_ws/install/open_manipulator_x_controller/share/ament_index/resource_index/parent_prefix_path/open_manipulator_x_controller
-- Up-to-date: /home/alecr/HRI_ws/install/open_manipulator_x_controller/share/open_manipulator_x_controller/environment/ament_prefix_path.sh
-- Installing: /home/alecr/HRI_ws/install/open_manipulator_x_controller/share/open_manipulator_x_controller/environment/ament_prefix_path.dsv
-- Up-to-date: /home/alecr/HRI_ws/install/open_manipulator_x_controller/share/open_manipulator_x_controller/environment/path.sh
-- Installing: /home/alecr/HRI_ws/install/open_manipulator_x_controller/share/open_manipulator_x_controller/environment/path.dsv
-- Up-to-date: /home/alecr/HRI_ws/install/open_manipulator_x_controller/share/open_manipulator_x_controller/local_setup.bash
-- Up-to-date: /home/alecr/HRI_ws/install/open_manipulator_x_controller/share/open_manipulator_x_controller/local_setup.sh
-- Up-to-date: /home/alecr/HRI_ws/install/open_manipulator_x_controller/share/open_manipulator_x_controller/local_setup.zsh
-- Installing: /home/alecr/HRI_ws/install/open_manipulator_x_controller/share/open_manipulator_x_controller/local_setup.dsv
-- Installing: /home/alecr/HRI_ws/install/open_manipulator_x_controller/share/open_manipulator_x_controller/package.dsv
-- Up-to-date: /home/alecr/HRI_ws/install/open_manipulator_x_controller/share/ament_index/resource_index/packages/open_manipulator_x_controller
-- Up-to-date: /home/alecr/HRI_ws/install/open_manipulator_x_controller/share/open_manipulator_x_controller/cmake/ament_cmake_export_include_directories-extras.cmake
-- Up-to-date: /home/alecr/HRI_ws/install/open_manipulator_x_controller/share/open_manipulator_x_controller/cmake/ament_cmake_export_dependencies-extras.cmake
-- Up-to-date: /home/alecr/HRI_ws/install/open_manipulator_x_controller/share/open_manipulator_x_controller/cmake/open_manipulator_x_controllerConfig.cmake
-- Up-to-date: /home/alecr/HRI_ws/install/open_manipulator_x_controller/share/open_manipulator_x_controller/cmake/open_manipulator_x_controllerConfig-version.cmake
-- Up-to-date: /home/alecr/HRI_ws/install/open_manipulator_x_controller/share/open_manipulator_x_controller/package.xml
