[0.007s] Invoking command in '/home/alecr/HRI_ws/build/robotis_manipulator': AMENT_PREFIX_PATH=/home/alecr/HRI_ws/install/cmake_modules:${AMENT_PREFIX_PATH} CMAKE_PREFIX_PATH=/home/alecr/HRI_ws/install/cmake_modules:/opt/ros/humble /usr/bin/cmake /home/alecr/HRI_ws/src/robotis_manipulator -DCMAKE_INSTALL_PREFIX=/home/alecr/HRI_ws/install/robotis_manipulator
[0.044s] -- The C compiler identification is GNU 11.4.0
[0.091s] -- The CXX compiler identification is GNU 11.4.0
[0.096s] -- Detecting C compiler ABI info
[0.150s] -- Detecting C compiler ABI info - done
[0.159s] -- Check for working C compiler: /usr/bin/cc - skipped
[0.159s] -- Detecting C compile features
[0.160s] -- Detecting C compile features - done
[0.162s] -- Detecting CXX compiler ABI info
[0.225s] -- Detecting CXX compiler ABI info - done
[0.234s] -- Check for working CXX compiler: /usr/bin/c++ - skipped
[0.234s] -- Detecting CXX compile features
[0.235s] -- Detecting CXX compile features - done
[0.247s] -- Found ament_cmake: 1.3.14 (/opt/ros/humble/share/ament_cmake/cmake)
[0.359s] -- Found Python3: /usr/bin/python3 (found version "3.10.12") found components: Interpreter 
[0.418s] -- Found cmake_modules: 0.4.1 (/home/alecr/HRI_ws/install/cmake_modules/share/cmake_modules/cmake)
[0.420s] -- Found rclcpp: 16.0.19 (/opt/ros/humble/share/rclcpp/cmake)
[0.450s] -- Found rosidl_generator_c: 3.1.8 (/opt/ros/humble/share/rosidl_generator_c/cmake)
[0.453s] -- Found rosidl_adapter: 3.1.8 (/opt/ros/humble/share/rosidl_adapter/cmake)
[0.458s] -- Found rosidl_generator_cpp: 3.1.8 (/opt/ros/humble/share/rosidl_generator_cpp/cmake)
[0.466s] -- Using all available rosidl_typesupport_c: rosidl_typesupport_fastrtps_c;rosidl_typesupport_introspection_c
[0.477s] -- Using all available rosidl_typesupport_cpp: rosidl_typesupport_fastrtps_cpp;rosidl_typesupport_introspection_cpp
[0.512s] -- Found rmw_implementation_cmake: 6.1.2 (/opt/ros/humble/share/rmw_implementation_cmake/cmake)
[0.515s] -- Found rmw_fastrtps_cpp: 6.2.10 (/opt/ros/humble/share/rmw_fastrtps_cpp/cmake)
[0.578s] -- Found OpenSSL: /usr/lib/x86_64-linux-gnu/libcrypto.so (found version "3.0.2")  
[0.592s] -- Found FastRTPS: /opt/ros/humble/include  
[0.612s] -- Using RMW implementation 'rmw_fastrtps_cpp' as default
[0.620s] -- Looking for pthread.h
[0.681s] -- Looking for pthread.h - found
[0.681s] -- Performing Test CMAKE_HAVE_LIBC_PTHREAD
[0.738s] -- Performing Test CMAKE_HAVE_LIBC_PTHREAD - Success
[0.740s] -- Found Threads: TRUE  
[0.836s] -- Configuring done
[0.845s] -- Generating done
[0.847s] -- Build files have been written to: /home/alecr/HRI_ws/build/robotis_manipulator
[0.853s] Invoked command in '/home/alecr/HRI_ws/build/robotis_manipulator' returned '0': AMENT_PREFIX_PATH=/home/alecr/HRI_ws/install/cmake_modules:${AMENT_PREFIX_PATH} CMAKE_PREFIX_PATH=/home/alecr/HRI_ws/install/cmake_modules:/opt/ros/humble /usr/bin/cmake /home/alecr/HRI_ws/src/robotis_manipulator -DCMAKE_INSTALL_PREFIX=/home/alecr/HRI_ws/install/robotis_manipulator
[0.855s] Invoking command in '/home/alecr/HRI_ws/build/robotis_manipulator': AMENT_PREFIX_PATH=/home/alecr/HRI_ws/install/cmake_modules:${AMENT_PREFIX_PATH} CMAKE_PREFIX_PATH=/home/alecr/HRI_ws/install/cmake_modules:/opt/ros/humble /usr/bin/cmake --build /home/alecr/HRI_ws/build/robotis_manipulator -- -j16 -l16
[0.891s] [ 14%] [32mBuilding CXX object CMakeFiles/robotis_manipulator.dir/src/robotis_manipulator/robotis_manipulator_math.cpp.o[0m
[0.891s] [ 28%] [32mBuilding CXX object CMakeFiles/robotis_manipulator.dir/src/robotis_manipulator/robotis_manipulator.cpp.o[0m
[0.891s] [ 42%] [32mBuilding CXX object CMakeFiles/robotis_manipulator.dir/src/robotis_manipulator/robotis_manipulator_trajectory_generator.cpp.o[0m
[0.891s] [ 57%] [32mBuilding CXX object CMakeFiles/robotis_manipulator.dir/src/robotis_manipulator/robotis_manipulator_manager.cpp.o[0m
[0.891s] [ 71%] [32mBuilding CXX object CMakeFiles/robotis_manipulator.dir/src/robotis_manipulator/robotis_manipulator_log.cpp.o[0m
[0.898s] [ 85%] [32mBuilding CXX object CMakeFiles/robotis_manipulator.dir/src/robotis_manipulator/robotis_manipulator_common.cpp.o[0m
[6.630s] [100%] [32m[1mLinking CXX shared library librobotis_manipulator.so[0m
[6.850s] [100%] Built target robotis_manipulator
[6.858s] Invoked command in '/home/alecr/HRI_ws/build/robotis_manipulator' returned '0': AMENT_PREFIX_PATH=/home/alecr/HRI_ws/install/cmake_modules:${AMENT_PREFIX_PATH} CMAKE_PREFIX_PATH=/home/alecr/HRI_ws/install/cmake_modules:/opt/ros/humble /usr/bin/cmake --build /home/alecr/HRI_ws/build/robotis_manipulator -- -j16 -l16
[6.859s] Invoking command in '/home/alecr/HRI_ws/build/robotis_manipulator': AMENT_PREFIX_PATH=/home/alecr/HRI_ws/install/cmake_modules:${AMENT_PREFIX_PATH} CMAKE_PREFIX_PATH=/home/alecr/HRI_ws/install/cmake_modules:/opt/ros/humble /usr/bin/cmake --install /home/alecr/HRI_ws/build/robotis_manipulator
[6.866s] -- Install configuration: ""
[6.866s] -- Installing: /home/alecr/HRI_ws/install/robotis_manipulator/lib/librobotis_manipulator.so
[6.868s] -- Set runtime path of "/home/alecr/HRI_ws/install/robotis_manipulator/lib/librobotis_manipulator.so" to ""
[6.869s] -- Installing: /home/alecr/HRI_ws/install/robotis_manipulator/include/
[6.869s] -- Installing: /home/alecr/HRI_ws/install/robotis_manipulator/include//robotis_manipulator
[6.869s] -- Installing: /home/alecr/HRI_ws/install/robotis_manipulator/include//robotis_manipulator/robotis_manipulator_manager.h
[6.869s] -- Installing: /home/alecr/HRI_ws/install/robotis_manipulator/include//robotis_manipulator/robotis_manipulator_common.h
[6.869s] -- Installing: /home/alecr/HRI_ws/install/robotis_manipulator/include//robotis_manipulator/robotis_manipulator_math.h
[6.869s] -- Installing: /home/alecr/HRI_ws/install/robotis_manipulator/include//robotis_manipulator/robotis_manipulator_trajectory_generator.h
[6.869s] -- Installing: /home/alecr/HRI_ws/install/robotis_manipulator/include//robotis_manipulator/robotis_manipulator.h
[6.869s] -- Installing: /home/alecr/HRI_ws/install/robotis_manipulator/include//robotis_manipulator/robotis_manipulator_log.h
[6.869s] -- Installing: /home/alecr/HRI_ws/install/robotis_manipulator/share/robotis_manipulator/environment/library_path.sh
[6.869s] -- Installing: /home/alecr/HRI_ws/install/robotis_manipulator/share/robotis_manipulator/environment/library_path.dsv
[6.869s] -- Installing: /home/alecr/HRI_ws/install/robotis_manipulator/share/ament_index/resource_index/package_run_dependencies/robotis_manipulator
[6.869s] -- Installing: /home/alecr/HRI_ws/install/robotis_manipulator/share/ament_index/resource_index/parent_prefix_path/robotis_manipulator
[6.869s] -- Installing: /home/alecr/HRI_ws/install/robotis_manipulator/share/robotis_manipulator/environment/ament_prefix_path.sh
[6.869s] -- Installing: /home/alecr/HRI_ws/install/robotis_manipulator/share/robotis_manipulator/environment/ament_prefix_path.dsv
[6.869s] -- Installing: /home/alecr/HRI_ws/install/robotis_manipulator/share/robotis_manipulator/environment/path.sh
[6.869s] -- Installing: /home/alecr/HRI_ws/install/robotis_manipulator/share/robotis_manipulator/environment/path.dsv
[6.869s] -- Installing: /home/alecr/HRI_ws/install/robotis_manipulator/share/robotis_manipulator/local_setup.bash
[6.869s] -- Installing: /home/alecr/HRI_ws/install/robotis_manipulator/share/robotis_manipulator/local_setup.sh
[6.869s] -- Installing: /home/alecr/HRI_ws/install/robotis_manipulator/share/robotis_manipulator/local_setup.zsh
[6.869s] -- Installing: /home/alecr/HRI_ws/install/robotis_manipulator/share/robotis_manipulator/local_setup.dsv
[6.870s] -- Installing: /home/alecr/HRI_ws/install/robotis_manipulator/share/robotis_manipulator/package.dsv
[6.870s] -- Installing: /home/alecr/HRI_ws/install/robotis_manipulator/share/ament_index/resource_index/packages/robotis_manipulator
[6.870s] -- Installing: /home/alecr/HRI_ws/install/robotis_manipulator/share/robotis_manipulator/cmake/ament_cmake_export_include_directories-extras.cmake
[6.870s] -- Installing: /home/alecr/HRI_ws/install/robotis_manipulator/share/robotis_manipulator/cmake/ament_cmake_export_dependencies-extras.cmake
[6.870s] -- Installing: /home/alecr/HRI_ws/install/robotis_manipulator/share/robotis_manipulator/cmake/ament_cmake_export_libraries-extras.cmake
[6.870s] -- Installing: /home/alecr/HRI_ws/install/robotis_manipulator/share/robotis_manipulator/cmake/robotis_manipulatorConfig.cmake
[6.870s] -- Installing: /home/alecr/HRI_ws/install/robotis_manipulator/share/robotis_manipulator/cmake/robotis_manipulatorConfig-version.cmake
[6.870s] -- Installing: /home/alecr/HRI_ws/install/robotis_manipulator/share/robotis_manipulator/package.xml
[6.871s] Invoked command in '/home/alecr/HRI_ws/build/robotis_manipulator' returned '0': AMENT_PREFIX_PATH=/home/alecr/HRI_ws/install/cmake_modules:${AMENT_PREFIX_PATH} CMAKE_PREFIX_PATH=/home/alecr/HRI_ws/install/cmake_modules:/opt/ros/humble /usr/bin/cmake --install /home/alecr/HRI_ws/build/robotis_manipulator
