[0.007s] Invoking command in '/home/alecr/HRI_ws/build/rbe500-example': AMENT_PREFIX_PATH=/home/alecr/HRI_ws/install/open_manipulator_msgs:${AMENT_PREFIX_PATH} CMAKE_PREFIX_PATH=/home/alecr/HRI_ws/install/open_manipulator_msgs:/opt/ros/humble LD_LIBRARY_PATH=/home/alecr/HRI_ws/install/open_manipulator_msgs/lib:${LD_LIBRARY_PATH} PYTHONPATH=/home/alecr/HRI_ws/install/open_manipulator_msgs/local/lib/python3.10/dist-packages:${PYTHONPATH} /usr/bin/cmake /home/alecr/HRI_ws/src/rbe500-example -DCMAKE_INSTALL_PREFIX=/home/alecr/HRI_ws/install/rbe500-example
[0.050s] -- The C compiler identification is GNU 11.4.0
[0.091s] -- The CXX compiler identification is GNU 11.4.0
[0.096s] -- Detecting C compiler ABI info
[0.150s] -- Detecting C compiler ABI info - done
[0.156s] -- Check for working C compiler: /usr/bin/cc - skipped
[0.156s] -- Detecting C compile features
[0.156s] -- Detecting C compile features - done
[0.158s] -- Detecting CXX compiler ABI info
[0.215s] -- Detecting CXX compiler ABI info - done
[0.220s] -- Check for working CXX compiler: /usr/bin/c++ - skipped
[0.221s] -- Detecting CXX compile features
[0.221s] -- Detecting CXX compile features - done
[0.222s] -- Found ament_cmake: 1.3.14 (/opt/ros/humble/share/ament_cmake/cmake)
[0.333s] -- Found Python3: /usr/bin/python3 (found version "3.10.12") found components: Interpreter 
[0.392s] -- Found rclcpp: 16.0.19 (/opt/ros/humble/share/rclcpp/cmake)
[0.419s] -- Found rosidl_generator_c: 3.1.8 (/opt/ros/humble/share/rosidl_generator_c/cmake)
[0.422s] -- Found rosidl_adapter: 3.1.8 (/opt/ros/humble/share/rosidl_adapter/cmake)
[0.428s] -- Found rosidl_generator_cpp: 3.1.8 (/opt/ros/humble/share/rosidl_generator_cpp/cmake)
[0.436s] -- Using all available rosidl_typesupport_c: rosidl_typesupport_fastrtps_c;rosidl_typesupport_introspection_c
[0.446s] -- Using all available rosidl_typesupport_cpp: rosidl_typesupport_fastrtps_cpp;rosidl_typesupport_introspection_cpp
[0.475s] -- Found rmw_implementation_cmake: 6.1.2 (/opt/ros/humble/share/rmw_implementation_cmake/cmake)
[0.476s] -- Found rmw_fastrtps_cpp: 6.2.10 (/opt/ros/humble/share/rmw_fastrtps_cpp/cmake)
[0.541s] -- Found OpenSSL: /usr/lib/x86_64-linux-gnu/libcrypto.so (found version "3.0.2")  
[0.560s] -- Found FastRTPS: /opt/ros/humble/include  
[0.587s] -- Using RMW implementation 'rmw_fastrtps_cpp' as default
[0.593s] -- Looking for pthread.h
[0.650s] -- Looking for pthread.h - found
[0.650s] -- Performing Test CMAKE_HAVE_LIBC_PTHREAD
[0.706s] -- Performing Test CMAKE_HAVE_LIBC_PTHREAD - Success
[0.707s] -- Found Threads: TRUE  
[0.743s] -- Found example_interfaces: 0.9.3 (/opt/ros/humble/share/example_interfaces/cmake)
[0.777s] -- Found open_manipulator_msgs: 2.2.0 (/home/alecr/HRI_ws/install/open_manipulator_msgs/share/open_manipulator_msgs/cmake)
[0.799s] -- Found ament_lint_auto: 0.12.15 (/opt/ros/humble/share/ament_lint_auto/cmake)
[0.850s] -- Added test 'cppcheck' to perform static code analysis on C / C++ code
[0.850s] -- Configured cppcheck include dirs: $<BUILD_INTERFACE:/home/alecr/HRI_ws/src/rbe500-example/include>;/home/alecr/HRI_ws/src/rbe500-example/open_manipulator_msgs/srv
[0.850s] -- Configured cppcheck exclude dirs and/or files: 
[0.850s] -- Added test 'lint_cmake' to check CMake code style
[0.851s] -- Added test 'uncrustify' to check C / C++ code style
[0.851s] -- Configured uncrustify additional arguments: 
[0.851s] -- Added test 'xmllint' to check XML markup files
[0.852s] -- Configuring done
[0.857s] -- Generating done
[0.860s] -- Build files have been written to: /home/alecr/HRI_ws/build/rbe500-example
[0.866s] Invoked command in '/home/alecr/HRI_ws/build/rbe500-example' returned '0': AMENT_PREFIX_PATH=/home/alecr/HRI_ws/install/open_manipulator_msgs:${AMENT_PREFIX_PATH} CMAKE_PREFIX_PATH=/home/alecr/HRI_ws/install/open_manipulator_msgs:/opt/ros/humble LD_LIBRARY_PATH=/home/alecr/HRI_ws/install/open_manipulator_msgs/lib:${LD_LIBRARY_PATH} PYTHONPATH=/home/alecr/HRI_ws/install/open_manipulator_msgs/local/lib/python3.10/dist-packages:${PYTHONPATH} /usr/bin/cmake /home/alecr/HRI_ws/src/rbe500-example -DCMAKE_INSTALL_PREFIX=/home/alecr/HRI_ws/install/rbe500-example
[0.867s] Invoking command in '/home/alecr/HRI_ws/build/rbe500-example': AMENT_PREFIX_PATH=/home/alecr/HRI_ws/install/open_manipulator_msgs:${AMENT_PREFIX_PATH} CMAKE_PREFIX_PATH=/home/alecr/HRI_ws/install/open_manipulator_msgs:/opt/ros/humble LD_LIBRARY_PATH=/home/alecr/HRI_ws/install/open_manipulator_msgs/lib:${LD_LIBRARY_PATH} PYTHONPATH=/home/alecr/HRI_ws/install/open_manipulator_msgs/local/lib/python3.10/dist-packages:${PYTHONPATH} /usr/bin/cmake --build /home/alecr/HRI_ws/build/rbe500-example -- -j16 -l16
[0.911s] [ 50%] [32mBuilding CXX object CMakeFiles/basic_robot_control.dir/src/basic_robot_control.cpp.o[0m
[3.120s] [100%] [32m[1mLinking CXX executable basic_robot_control[0m
[3.236s] [100%] Built target basic_robot_control
[3.247s] Invoked command in '/home/alecr/HRI_ws/build/rbe500-example' returned '0': AMENT_PREFIX_PATH=/home/alecr/HRI_ws/install/open_manipulator_msgs:${AMENT_PREFIX_PATH} CMAKE_PREFIX_PATH=/home/alecr/HRI_ws/install/open_manipulator_msgs:/opt/ros/humble LD_LIBRARY_PATH=/home/alecr/HRI_ws/install/open_manipulator_msgs/lib:${LD_LIBRARY_PATH} PYTHONPATH=/home/alecr/HRI_ws/install/open_manipulator_msgs/local/lib/python3.10/dist-packages:${PYTHONPATH} /usr/bin/cmake --build /home/alecr/HRI_ws/build/rbe500-example -- -j16 -l16
[3.249s] Invoking command in '/home/alecr/HRI_ws/build/rbe500-example': AMENT_PREFIX_PATH=/home/alecr/HRI_ws/install/open_manipulator_msgs:${AMENT_PREFIX_PATH} CMAKE_PREFIX_PATH=/home/alecr/HRI_ws/install/open_manipulator_msgs:/opt/ros/humble LD_LIBRARY_PATH=/home/alecr/HRI_ws/install/open_manipulator_msgs/lib:${LD_LIBRARY_PATH} PYTHONPATH=/home/alecr/HRI_ws/install/open_manipulator_msgs/local/lib/python3.10/dist-packages:${PYTHONPATH} /usr/bin/cmake --install /home/alecr/HRI_ws/build/rbe500-example
[3.256s] -- Install configuration: ""
[3.256s] -- Installing: /home/alecr/HRI_ws/install/rbe500-example/lib/rbe500-example/basic_robot_control
[3.257s] -- Set runtime path of "/home/alecr/HRI_ws/install/rbe500-example/lib/rbe500-example/basic_robot_control" to ""
[3.258s] -- Installing: /home/alecr/HRI_ws/install/rbe500-example/share/ament_index/resource_index/package_run_dependencies/rbe500-example
[3.258s] -- Installing: /home/alecr/HRI_ws/install/rbe500-example/share/ament_index/resource_index/parent_prefix_path/rbe500-example
[3.258s] -- Installing: /home/alecr/HRI_ws/install/rbe500-example/share/rbe500-example/environment/ament_prefix_path.sh
[3.258s] -- Installing: /home/alecr/HRI_ws/install/rbe500-example/share/rbe500-example/environment/ament_prefix_path.dsv
[3.258s] -- Installing: /home/alecr/HRI_ws/install/rbe500-example/share/rbe500-example/environment/path.sh
[3.258s] -- Installing: /home/alecr/HRI_ws/install/rbe500-example/share/rbe500-example/environment/path.dsv
[3.258s] -- Installing: /home/alecr/HRI_ws/install/rbe500-example/share/rbe500-example/local_setup.bash
[3.259s] -- Installing: /home/alecr/HRI_ws/install/rbe500-example/share/rbe500-example/local_setup.sh
[3.259s] -- Installing: /home/alecr/HRI_ws/install/rbe500-example/share/rbe500-example/local_setup.zsh
[3.259s] -- Installing: /home/alecr/HRI_ws/install/rbe500-example/share/rbe500-example/local_setup.dsv
[3.259s] -- Installing: /home/alecr/HRI_ws/install/rbe500-example/share/rbe500-example/package.dsv
[3.259s] -- Installing: /home/alecr/HRI_ws/install/rbe500-example/share/ament_index/resource_index/packages/rbe500-example
[3.259s] -- Installing: /home/alecr/HRI_ws/install/rbe500-example/share/rbe500-example/cmake/rbe500-exampleConfig.cmake
[3.259s] -- Installing: /home/alecr/HRI_ws/install/rbe500-example/share/rbe500-example/cmake/rbe500-exampleConfig-version.cmake
[3.259s] -- Installing: /home/alecr/HRI_ws/install/rbe500-example/share/rbe500-example/package.xml
[3.261s] Invoked command in '/home/alecr/HRI_ws/build/rbe500-example' returned '0': AMENT_PREFIX_PATH=/home/alecr/HRI_ws/install/open_manipulator_msgs:${AMENT_PREFIX_PATH} CMAKE_PREFIX_PATH=/home/alecr/HRI_ws/install/open_manipulator_msgs:/opt/ros/humble LD_LIBRARY_PATH=/home/alecr/HRI_ws/install/open_manipulator_msgs/lib:${LD_LIBRARY_PATH} PYTHONPATH=/home/alecr/HRI_ws/install/open_manipulator_msgs/local/lib/python3.10/dist-packages:${PYTHONPATH} /usr/bin/cmake --install /home/alecr/HRI_ws/build/rbe500-example
