[0.022s] Invoking command in '/home/alecr/HRI_ws/build/open_manipulator': AMENT_PREFIX_PATH=/home/alecr/HRI_ws/install/open_manipulator_x_controller:/home/alecr/HRI_ws/install/open_manipulator_x_libs:/home/alecr/HRI_ws/install/robotis_manipulator:/home/alecr/HRI_ws/install/dynamixel_workbench_toolbox:/home/alecr/HRI_ws/install/open_manipulator_x_description:/home/alecr/HRI_ws/install/open_manipulator_msgs:/home/alecr/HRI_ws/install/dynamixel_sdk:/home/alecr/HRI_ws/install/cmake_modules:${AMENT_PREFIX_PATH} CMAKE_PREFIX_PATH=/home/alecr/HRI_ws/install/open_manipulator_x_controller:/home/alecr/HRI_ws/install/open_manipulator_x_libs:/home/alecr/HRI_ws/install/robotis_manipulator:/home/alecr/HRI_ws/install/dynamixel_workbench_toolbox:/home/alecr/HRI_ws/install/open_manipulator_x_description:/home/alecr/HRI_ws/install/open_manipulator_msgs:/home/alecr/HRI_ws/install/dynamixel_sdk:/home/alecr/HRI_ws/install/cmake_modules:/opt/ros/humble LD_LIBRARY_PATH=/home/alecr/HRI_ws/install/open_manipulator_x_libs/lib:/home/alecr/HRI_ws/install/robotis_manipulator/lib:/home/alecr/HRI_ws/install/dynamixel_workbench_toolbox/lib:/home/alecr/HRI_ws/install/open_manipulator_msgs/lib:/home/alecr/HRI_ws/install/dynamixel_sdk/lib:${LD_LIBRARY_PATH} PYTHONPATH=/home/alecr/HRI_ws/install/open_manipulator_msgs/local/lib/python3.10/dist-packages:${PYTHONPATH} /usr/bin/cmake /home/alecr/HRI_ws/src/open_manipulator/open_manipulator -DCMAKE_INSTALL_PREFIX=/home/alecr/HRI_ws/install/open_manipulator
[0.151s] -- The C compiler identification is GNU 11.4.0
[0.210s] -- The CXX compiler identification is GNU 11.4.0
[0.215s] -- Detecting C compiler ABI info
[0.309s] -- Detecting C compiler ABI info - done
[0.314s] -- Check for working C compiler: /usr/bin/cc - skipped
[0.314s] -- Detecting C compile features
[0.314s] -- Detecting C compile features - done
[0.316s] -- Detecting CXX compiler ABI info
[0.424s] -- Detecting CXX compiler ABI info - done
[0.429s] -- Check for working CXX compiler: /usr/bin/c++ - skipped
[0.430s] -- Detecting CXX compile features
[0.430s] -- Detecting CXX compile features - done
[0.432s] -- Found ament_cmake: 1.3.14 (/opt/ros/humble/share/ament_cmake/cmake)
[0.558s] -- Found Python3: /usr/bin/python3 (found version "3.10.12") found components: Interpreter 
[0.679s] -- Configuring done
[0.680s] -- Generating done
[0.681s] -- Build files have been written to: /home/alecr/HRI_ws/build/open_manipulator
[0.685s] Invoked command in '/home/alecr/HRI_ws/build/open_manipulator' returned '0': AMENT_PREFIX_PATH=/home/alecr/HRI_ws/install/open_manipulator_x_controller:/home/alecr/HRI_ws/install/open_manipulator_x_libs:/home/alecr/HRI_ws/install/robotis_manipulator:/home/alecr/HRI_ws/install/dynamixel_workbench_toolbox:/home/alecr/HRI_ws/install/open_manipulator_x_description:/home/alecr/HRI_ws/install/open_manipulator_msgs:/home/alecr/HRI_ws/install/dynamixel_sdk:/home/alecr/HRI_ws/install/cmake_modules:${AMENT_PREFIX_PATH} CMAKE_PREFIX_PATH=/home/alecr/HRI_ws/install/open_manipulator_x_controller:/home/alecr/HRI_ws/install/open_manipulator_x_libs:/home/alecr/HRI_ws/install/robotis_manipulator:/home/alecr/HRI_ws/install/dynamixel_workbench_toolbox:/home/alecr/HRI_ws/install/open_manipulator_x_description:/home/alecr/HRI_ws/install/open_manipulator_msgs:/home/alecr/HRI_ws/install/dynamixel_sdk:/home/alecr/HRI_ws/install/cmake_modules:/opt/ros/humble LD_LIBRARY_PATH=/home/alecr/HRI_ws/install/open_manipulator_x_libs/lib:/home/alecr/HRI_ws/install/robotis_manipulator/lib:/home/alecr/HRI_ws/install/dynamixel_workbench_toolbox/lib:/home/alecr/HRI_ws/install/open_manipulator_msgs/lib:/home/alecr/HRI_ws/install/dynamixel_sdk/lib:${LD_LIBRARY_PATH} PYTHONPATH=/home/alecr/HRI_ws/install/open_manipulator_msgs/local/lib/python3.10/dist-packages:${PYTHONPATH} /usr/bin/cmake /home/alecr/HRI_ws/src/open_manipulator/open_manipulator -DCMAKE_INSTALL_PREFIX=/home/alecr/HRI_ws/install/open_manipulator
[0.685s] Invoking command in '/home/alecr/HRI_ws/build/open_manipulator': AMENT_PREFIX_PATH=/home/alecr/HRI_ws/install/open_manipulator_x_controller:/home/alecr/HRI_ws/install/open_manipulator_x_libs:/home/alecr/HRI_ws/install/robotis_manipulator:/home/alecr/HRI_ws/install/dynamixel_workbench_toolbox:/home/alecr/HRI_ws/install/open_manipulator_x_description:/home/alecr/HRI_ws/install/open_manipulator_msgs:/home/alecr/HRI_ws/install/dynamixel_sdk:/home/alecr/HRI_ws/install/cmake_modules:${AMENT_PREFIX_PATH} CMAKE_PREFIX_PATH=/home/alecr/HRI_ws/install/open_manipulator_x_controller:/home/alecr/HRI_ws/install/open_manipulator_x_libs:/home/alecr/HRI_ws/install/robotis_manipulator:/home/alecr/HRI_ws/install/dynamixel_workbench_toolbox:/home/alecr/HRI_ws/install/open_manipulator_x_description:/home/alecr/HRI_ws/install/open_manipulator_msgs:/home/alecr/HRI_ws/install/dynamixel_sdk:/home/alecr/HRI_ws/install/cmake_modules:/opt/ros/humble LD_LIBRARY_PATH=/home/alecr/HRI_ws/install/open_manipulator_x_libs/lib:/home/alecr/HRI_ws/install/robotis_manipulator/lib:/home/alecr/HRI_ws/install/dynamixel_workbench_toolbox/lib:/home/alecr/HRI_ws/install/open_manipulator_msgs/lib:/home/alecr/HRI_ws/install/dynamixel_sdk/lib:${LD_LIBRARY_PATH} PYTHONPATH=/home/alecr/HRI_ws/install/open_manipulator_msgs/local/lib/python3.10/dist-packages:${PYTHONPATH} /usr/bin/cmake --build /home/alecr/HRI_ws/build/open_manipulator -- -j16 -l16
[0.728s] Invoked command in '/home/alecr/HRI_ws/build/open_manipulator' returned '0': AMENT_PREFIX_PATH=/home/alecr/HRI_ws/install/open_manipulator_x_controller:/home/alecr/HRI_ws/install/open_manipulator_x_libs:/home/alecr/HRI_ws/install/robotis_manipulator:/home/alecr/HRI_ws/install/dynamixel_workbench_toolbox:/home/alecr/HRI_ws/install/open_manipulator_x_description:/home/alecr/HRI_ws/install/open_manipulator_msgs:/home/alecr/HRI_ws/install/dynamixel_sdk:/home/alecr/HRI_ws/install/cmake_modules:${AMENT_PREFIX_PATH} CMAKE_PREFIX_PATH=/home/alecr/HRI_ws/install/open_manipulator_x_controller:/home/alecr/HRI_ws/install/open_manipulator_x_libs:/home/alecr/HRI_ws/install/robotis_manipulator:/home/alecr/HRI_ws/install/dynamixel_workbench_toolbox:/home/alecr/HRI_ws/install/open_manipulator_x_description:/home/alecr/HRI_ws/install/open_manipulator_msgs:/home/alecr/HRI_ws/install/dynamixel_sdk:/home/alecr/HRI_ws/install/cmake_modules:/opt/ros/humble LD_LIBRARY_PATH=/home/alecr/HRI_ws/install/open_manipulator_x_libs/lib:/home/alecr/HRI_ws/install/robotis_manipulator/lib:/home/alecr/HRI_ws/install/dynamixel_workbench_toolbox/lib:/home/alecr/HRI_ws/install/open_manipulator_msgs/lib:/home/alecr/HRI_ws/install/dynamixel_sdk/lib:${LD_LIBRARY_PATH} PYTHONPATH=/home/alecr/HRI_ws/install/open_manipulator_msgs/local/lib/python3.10/dist-packages:${PYTHONPATH} /usr/bin/cmake --build /home/alecr/HRI_ws/build/open_manipulator -- -j16 -l16
[0.733s] Invoking command in '/home/alecr/HRI_ws/build/open_manipulator': AMENT_PREFIX_PATH=/home/alecr/HRI_ws/install/open_manipulator_x_controller:/home/alecr/HRI_ws/install/open_manipulator_x_libs:/home/alecr/HRI_ws/install/robotis_manipulator:/home/alecr/HRI_ws/install/dynamixel_workbench_toolbox:/home/alecr/HRI_ws/install/open_manipulator_x_description:/home/alecr/HRI_ws/install/open_manipulator_msgs:/home/alecr/HRI_ws/install/dynamixel_sdk:/home/alecr/HRI_ws/install/cmake_modules:${AMENT_PREFIX_PATH} CMAKE_PREFIX_PATH=/home/alecr/HRI_ws/install/open_manipulator_x_controller:/home/alecr/HRI_ws/install/open_manipulator_x_libs:/home/alecr/HRI_ws/install/robotis_manipulator:/home/alecr/HRI_ws/install/dynamixel_workbench_toolbox:/home/alecr/HRI_ws/install/open_manipulator_x_description:/home/alecr/HRI_ws/install/open_manipulator_msgs:/home/alecr/HRI_ws/install/dynamixel_sdk:/home/alecr/HRI_ws/install/cmake_modules:/opt/ros/humble LD_LIBRARY_PATH=/home/alecr/HRI_ws/install/open_manipulator_x_libs/lib:/home/alecr/HRI_ws/install/robotis_manipulator/lib:/home/alecr/HRI_ws/install/dynamixel_workbench_toolbox/lib:/home/alecr/HRI_ws/install/open_manipulator_msgs/lib:/home/alecr/HRI_ws/install/dynamixel_sdk/lib:${LD_LIBRARY_PATH} PYTHONPATH=/home/alecr/HRI_ws/install/open_manipulator_msgs/local/lib/python3.10/dist-packages:${PYTHONPATH} /usr/bin/cmake --install /home/alecr/HRI_ws/build/open_manipulator
[0.745s] -- Install configuration: ""
[0.745s] -- Installing: /home/alecr/HRI_ws/install/open_manipulator/share/ament_index/resource_index/package_run_dependencies/open_manipulator
[0.746s] -- Installing: /home/alecr/HRI_ws/install/open_manipulator/share/ament_index/resource_index/parent_prefix_path/open_manipulator
[0.746s] -- Installing: /home/alecr/HRI_ws/install/open_manipulator/share/open_manipulator/environment/ament_prefix_path.sh
[0.746s] -- Installing: /home/alecr/HRI_ws/install/open_manipulator/share/open_manipulator/environment/ament_prefix_path.dsv
[0.746s] -- Installing: /home/alecr/HRI_ws/install/open_manipulator/share/open_manipulator/environment/path.sh
[0.746s] -- Installing: /home/alecr/HRI_ws/install/open_manipulator/share/open_manipulator/environment/path.dsv
[0.746s] -- Installing: /home/alecr/HRI_ws/install/open_manipulator/share/open_manipulator/local_setup.bash
[0.746s] -- Installing: /home/alecr/HRI_ws/install/open_manipulator/share/open_manipulator/local_setup.sh
[0.747s] -- Installing: /home/alecr/HRI_ws/install/open_manipulator/share/open_manipulator/local_setup.zsh
[0.747s] -- Installing: /home/alecr/HRI_ws/install/open_manipulator/share/open_manipulator/local_setup.dsv
[0.747s] -- Installing: /home/alecr/HRI_ws/install/open_manipulator/share/open_manipulator/package.dsv
[0.747s] -- Installing: /home/alecr/HRI_ws/install/open_manipulator/share/ament_index/resource_index/packages/open_manipulator
[0.747s] -- Installing: /home/alecr/HRI_ws/install/open_manipulator/share/open_manipulator/cmake/open_manipulatorConfig.cmake
[0.747s] -- Installing: /home/alecr/HRI_ws/install/open_manipulator/share/open_manipulator/cmake/open_manipulatorConfig-version.cmake
[0.747s] -- Installing: /home/alecr/HRI_ws/install/open_manipulator/share/open_manipulator/package.xml
[0.749s] Invoked command in '/home/alecr/HRI_ws/build/open_manipulator' returned '0': AMENT_PREFIX_PATH=/home/alecr/HRI_ws/install/open_manipulator_x_controller:/home/alecr/HRI_ws/install/open_manipulator_x_libs:/home/alecr/HRI_ws/install/robotis_manipulator:/home/alecr/HRI_ws/install/dynamixel_workbench_toolbox:/home/alecr/HRI_ws/install/open_manipulator_x_description:/home/alecr/HRI_ws/install/open_manipulator_msgs:/home/alecr/HRI_ws/install/dynamixel_sdk:/home/alecr/HRI_ws/install/cmake_modules:${AMENT_PREFIX_PATH} CMAKE_PREFIX_PATH=/home/alecr/HRI_ws/install/open_manipulator_x_controller:/home/alecr/HRI_ws/install/open_manipulator_x_libs:/home/alecr/HRI_ws/install/robotis_manipulator:/home/alecr/HRI_ws/install/dynamixel_workbench_toolbox:/home/alecr/HRI_ws/install/open_manipulator_x_description:/home/alecr/HRI_ws/install/open_manipulator_msgs:/home/alecr/HRI_ws/install/dynamixel_sdk:/home/alecr/HRI_ws/install/cmake_modules:/opt/ros/humble LD_LIBRARY_PATH=/home/alecr/HRI_ws/install/open_manipulator_x_libs/lib:/home/alecr/HRI_ws/install/robotis_manipulator/lib:/home/alecr/HRI_ws/install/dynamixel_workbench_toolbox/lib:/home/alecr/HRI_ws/install/open_manipulator_msgs/lib:/home/alecr/HRI_ws/install/dynamixel_sdk/lib:${LD_LIBRARY_PATH} PYTHONPATH=/home/alecr/HRI_ws/install/open_manipulator_msgs/local/lib/python3.10/dist-packages:${PYTHONPATH} /usr/bin/cmake --install /home/alecr/HRI_ws/build/open_manipulator
