[0.015s] Invoking command in '/home/alecr/HRI_ws/build/dynamixel_workbench': AMENT_PREFIX_PATH=/home/alecr/HRI_ws/install/dynamixel_workbench_toolbox:/home/alecr/HRI_ws/install/dynamixel_sdk:${AMENT_PREFIX_PATH} CMAKE_PREFIX_PATH=/home/alecr/HRI_ws/install/dynamixel_workbench_toolbox:/home/alecr/HRI_ws/install/dynamixel_sdk:/opt/ros/humble LD_LIBRARY_PATH=/home/alecr/HRI_ws/install/dynamixel_workbench_toolbox/lib:/home/alecr/HRI_ws/install/dynamixel_sdk/lib:${LD_LIBRARY_PATH} /usr/bin/cmake --build /home/alecr/HRI_ws/build/dynamixel_workbench -- -j16 -l16
[0.044s] Invoked command in '/home/alecr/HRI_ws/build/dynamixel_workbench' returned '0': AMENT_PREFIX_PATH=/home/alecr/HRI_ws/install/dynamixel_workbench_toolbox:/home/alecr/HRI_ws/install/dynamixel_sdk:${AMENT_PREFIX_PATH} CMAKE_PREFIX_PATH=/home/alecr/HRI_ws/install/dynamixel_workbench_toolbox:/home/alecr/HRI_ws/install/dynamixel_sdk:/opt/ros/humble LD_LIBRARY_PATH=/home/alecr/HRI_ws/install/dynamixel_workbench_toolbox/lib:/home/alecr/HRI_ws/install/dynamixel_sdk/lib:${LD_LIBRARY_PATH} /usr/bin/cmake --build /home/alecr/HRI_ws/build/dynamixel_workbench -- -j16 -l16
[0.044s] Invoking command in '/home/alecr/HRI_ws/build/dynamixel_workbench': AMENT_PREFIX_PATH=/home/alecr/HRI_ws/install/dynamixel_workbench_toolbox:/home/alecr/HRI_ws/install/dynamixel_sdk:${AMENT_PREFIX_PATH} CMAKE_PREFIX_PATH=/home/alecr/HRI_ws/install/dynamixel_workbench_toolbox:/home/alecr/HRI_ws/install/dynamixel_sdk:/opt/ros/humble LD_LIBRARY_PATH=/home/alecr/HRI_ws/install/dynamixel_workbench_toolbox/lib:/home/alecr/HRI_ws/install/dynamixel_sdk/lib:${LD_LIBRARY_PATH} /usr/bin/cmake --install /home/alecr/HRI_ws/build/dynamixel_workbench
[0.052s] -- Install configuration: ""
[0.052s] -- Up-to-date: /home/alecr/HRI_ws/install/dynamixel_workbench/share/ament_index/resource_index/package_run_dependencies/dynamixel_workbench
[0.052s] -- Up-to-date: /home/alecr/HRI_ws/install/dynamixel_workbench/share/ament_index/resource_index/parent_prefix_path/dynamixel_workbench
[0.052s] -- Up-to-date: /home/alecr/HRI_ws/install/dynamixel_workbench/share/dynamixel_workbench/environment/ament_prefix_path.sh
[0.052s] -- Up-to-date: /home/alecr/HRI_ws/install/dynamixel_workbench/share/dynamixel_workbench/environment/ament_prefix_path.dsv
[0.052s] -- Up-to-date: /home/alecr/HRI_ws/install/dynamixel_workbench/share/dynamixel_workbench/environment/path.sh
[0.052s] -- Up-to-date: /home/alecr/HRI_ws/install/dynamixel_workbench/share/dynamixel_workbench/environment/path.dsv
[0.052s] -- Up-to-date: /home/alecr/HRI_ws/install/dynamixel_workbench/share/dynamixel_workbench/local_setup.bash
[0.052s] -- Up-to-date: /home/alecr/HRI_ws/install/dynamixel_workbench/share/dynamixel_workbench/local_setup.sh
[0.053s] -- Up-to-date: /home/alecr/HRI_ws/install/dynamixel_workbench/share/dynamixel_workbench/local_setup.zsh
[0.053s] -- Up-to-date: /home/alecr/HRI_ws/install/dynamixel_workbench/share/dynamixel_workbench/local_setup.dsv
[0.053s] -- Up-to-date: /home/alecr/HRI_ws/install/dynamixel_workbench/share/dynamixel_workbench/package.dsv
[0.053s] -- Up-to-date: /home/alecr/HRI_ws/install/dynamixel_workbench/share/ament_index/resource_index/packages/dynamixel_workbench
[0.053s] -- Up-to-date: /home/alecr/HRI_ws/install/dynamixel_workbench/share/dynamixel_workbench/cmake/dynamixel_workbenchConfig.cmake
[0.053s] -- Up-to-date: /home/alecr/HRI_ws/install/dynamixel_workbench/share/dynamixel_workbench/cmake/dynamixel_workbenchConfig-version.cmake
[0.053s] -- Up-to-date: /home/alecr/HRI_ws/install/dynamixel_workbench/share/dynamixel_workbench/package.xml
[0.062s] Invoked command in '/home/alecr/HRI_ws/build/dynamixel_workbench' returned '0': AMENT_PREFIX_PATH=/home/alecr/HRI_ws/install/dynamixel_workbench_toolbox:/home/alecr/HRI_ws/install/dynamixel_sdk:${AMENT_PREFIX_PATH} CMAKE_PREFIX_PATH=/home/alecr/HRI_ws/install/dynamixel_workbench_toolbox:/home/alecr/HRI_ws/install/dynamixel_sdk:/opt/ros/humble LD_LIBRARY_PATH=/home/alecr/HRI_ws/install/dynamixel_workbench_toolbox/lib:/home/alecr/HRI_ws/install/dynamixel_sdk/lib:${LD_LIBRARY_PATH} /usr/bin/cmake --install /home/alecr/HRI_ws/build/dynamixel_workbench
