[0.017s] Invoking command in '/home/alecr/HRI_ws/build/cmake_modules': CMAKE_PREFIX_PATH=/opt/ros/humble /usr/bin/cmake /home/alecr/HRI_ws/src/open_manipulator_dependencies/cmake_modules -DCMAKE_INSTALL_PREFIX=/home/alecr/HRI_ws/install/cmake_modules
[0.084s] -- The C compiler identification is GNU 11.4.0
[0.138s] -- The CXX compiler identification is GNU 11.4.0
[0.143s] -- Detecting C compiler ABI info
[0.187s] -- Detecting C compiler ABI info - done
[0.192s] -- Check for working C compiler: /usr/bin/cc - skipped
[0.192s] -- Detecting C compile features
[0.192s] -- Detecting C compile features - done
[0.194s] -- Detecting CXX compiler ABI info
[0.243s] -- Detecting CXX compiler ABI info - done
[0.248s] -- Check for working CXX compiler: /usr/bin/c++ - skipped
[0.248s] -- Detecting CXX compile features
[0.248s] -- Detecting CXX compile features - done
[0.251s] -- Found ament_cmake: 1.3.14 (/opt/ros/humble/share/ament_cmake/cmake)
[0.362s] -- Found Python3: /usr/bin/python3 (found version "3.10.12") found components: Interpreter 
[0.473s] -- Configuring done
[0.474s] -- Generating done
[0.475s] -- Build files have been written to: /home/alecr/HRI_ws/build/cmake_modules
[0.477s] Invoked command in '/home/alecr/HRI_ws/build/cmake_modules' returned '0': CMAKE_PREFIX_PATH=/opt/ros/humble /usr/bin/cmake /home/alecr/HRI_ws/src/open_manipulator_dependencies/cmake_modules -DCMAKE_INSTALL_PREFIX=/home/alecr/HRI_ws/install/cmake_modules
[0.479s] Invoking command in '/home/alecr/HRI_ws/build/cmake_modules': CMAKE_PREFIX_PATH=/opt/ros/humble /usr/bin/cmake --build /home/alecr/HRI_ws/build/cmake_modules -- -j16 -l16
[0.503s] Invoked command in '/home/alecr/HRI_ws/build/cmake_modules' returned '0': CMAKE_PREFIX_PATH=/opt/ros/humble /usr/bin/cmake --build /home/alecr/HRI_ws/build/cmake_modules -- -j16 -l16
[0.510s] Invoking command in '/home/alecr/HRI_ws/build/cmake_modules': CMAKE_PREFIX_PATH=/opt/ros/humble /usr/bin/cmake --install /home/alecr/HRI_ws/build/cmake_modules
[0.516s] -- Install configuration: ""
[0.517s] -- Installing: /home/alecr/HRI_ws/install/cmake_modules/share/cmake_modules/cmake/Modules
[0.517s] -- Installing: /home/alecr/HRI_ws/install/cmake_modules/share/cmake_modules/cmake/Modules/FindXenomai.cmake
[0.517s] -- Installing: /home/alecr/HRI_ws/install/cmake_modules/share/cmake_modules/cmake/Modules/FindTBB.cmake
[0.517s] -- Installing: /home/alecr/HRI_ws/install/cmake_modules/share/cmake_modules/cmake/Modules/FindNUMPY.cmake
[0.517s] -- Installing: /home/alecr/HRI_ws/install/cmake_modules/share/cmake_modules/cmake/Modules/FindUUID.cmake
[0.517s] -- Installing: /home/alecr/HRI_ws/install/cmake_modules/share/cmake_modules/cmake/Modules/FindPoco.cmake
[0.517s] -- Installing: /home/alecr/HRI_ws/install/cmake_modules/share/cmake_modules/cmake/Modules/FindGflags.cmake
[0.517s] -- Installing: /home/alecr/HRI_ws/install/cmake_modules/share/cmake_modules/cmake/Modules/FindTinyXML2.cmake
[0.517s] -- Installing: /home/alecr/HRI_ws/install/cmake_modules/share/cmake_modules/cmake/Modules/FindGSL.cmake
[0.521s] -- Installing: /home/alecr/HRI_ws/install/cmake_modules/share/cmake_modules/cmake/Modules/FindTinyXML.cmake
[0.521s] -- Installing: /home/alecr/HRI_ws/install/cmake_modules/share/ament_index/resource_index/package_run_dependencies/cmake_modules
[0.521s] -- Installing: /home/alecr/HRI_ws/install/cmake_modules/share/ament_index/resource_index/parent_prefix_path/cmake_modules
[0.521s] -- Installing: /home/alecr/HRI_ws/install/cmake_modules/share/cmake_modules/environment/ament_prefix_path.sh
[0.521s] -- Installing: /home/alecr/HRI_ws/install/cmake_modules/share/cmake_modules/environment/ament_prefix_path.dsv
[0.521s] -- Installing: /home/alecr/HRI_ws/install/cmake_modules/share/cmake_modules/environment/path.sh
[0.521s] -- Installing: /home/alecr/HRI_ws/install/cmake_modules/share/cmake_modules/environment/path.dsv
[0.521s] -- Installing: /home/alecr/HRI_ws/install/cmake_modules/share/cmake_modules/local_setup.bash
[0.521s] -- Installing: /home/alecr/HRI_ws/install/cmake_modules/share/cmake_modules/local_setup.sh
[0.521s] -- Installing: /home/alecr/HRI_ws/install/cmake_modules/share/cmake_modules/local_setup.zsh
[0.521s] -- Installing: /home/alecr/HRI_ws/install/cmake_modules/share/cmake_modules/local_setup.dsv
[0.521s] -- Installing: /home/alecr/HRI_ws/install/cmake_modules/share/cmake_modules/package.dsv
[0.522s] -- Installing: /home/alecr/HRI_ws/install/cmake_modules/share/ament_index/resource_index/packages/cmake_modules
[0.522s] -- Installing: /home/alecr/HRI_ws/install/cmake_modules/share/cmake_modules/cmake/cmake_modules-extras.cmake
[0.522s] -- Installing: /home/alecr/HRI_ws/install/cmake_modules/share/cmake_modules/cmake/ament_cmake_export_dependencies-extras.cmake
[0.522s] -- Installing: /home/alecr/HRI_ws/install/cmake_modules/share/cmake_modules/cmake/cmake_modulesConfig.cmake
[0.522s] -- Installing: /home/alecr/HRI_ws/install/cmake_modules/share/cmake_modules/cmake/cmake_modulesConfig-version.cmake
[0.522s] -- Installing: /home/alecr/HRI_ws/install/cmake_modules/share/cmake_modules/package.xml
[0.524s] Invoked command in '/home/alecr/HRI_ws/build/cmake_modules' returned '0': CMAKE_PREFIX_PATH=/opt/ros/humble /usr/bin/cmake --install /home/alecr/HRI_ws/build/cmake_modules
