[0.018s] Invoking command in '/home/alecr/HRI/build/open_manipulator_x_description': CMAKE_PREFIX_PATH=${CMAKE_PREFIX_PATH}:/home/alecr/HRI/install/rbe500_example_py:/home/alecr/HRI/install/arm_control:/home/alecr/ros2_ws/install/moveit_configs_utils:/home/alecr/ros2_ws/install/mqp_ros:/home/alecr/ros2_ws/install/mqp:/home/alecr/ros2_ws/install/launch_param_builder:/home/alecr/ros2_ws/install/MQP:/home/alecr/ros2_ws/install/HRI:/opt/ros/humble /usr/bin/cmake --build /home/alecr/HRI/build/open_manipulator_x_description -- -j16 -l16
[0.228s] Invoked command in '/home/alecr/HRI/build/open_manipulator_x_description' returned '0': CMAKE_PREFIX_PATH=${CMAKE_PREFIX_PATH}:/home/alecr/HRI/install/rbe500_example_py:/home/alecr/HRI/install/arm_control:/home/alecr/ros2_ws/install/moveit_configs_utils:/home/alecr/ros2_ws/install/mqp_ros:/home/alecr/ros2_ws/install/mqp:/home/alecr/ros2_ws/install/launch_param_builder:/home/alecr/ros2_ws/install/MQP:/home/alecr/ros2_ws/install/HRI:/opt/ros/humble /usr/bin/cmake --build /home/alecr/HRI/build/open_manipulator_x_description -- -j16 -l16
[0.240s] Invoking command in '/home/alecr/HRI/build/open_manipulator_x_description': CMAKE_PREFIX_PATH=${CMAKE_PREFIX_PATH}:/home/alecr/HRI/install/rbe500_example_py:/home/alecr/HRI/install/arm_control:/home/alecr/ros2_ws/install/moveit_configs_utils:/home/alecr/ros2_ws/install/mqp_ros:/home/alecr/ros2_ws/install/mqp:/home/alecr/ros2_ws/install/launch_param_builder:/home/alecr/ros2_ws/install/MQP:/home/alecr/ros2_ws/install/HRI:/opt/ros/humble /usr/bin/cmake --install /home/alecr/HRI/build/open_manipulator_x_description
[0.251s] -- Install configuration: ""
[0.251s] -- Up-to-date: /home/alecr/HRI/install/open_manipulator_x_description/share/open_manipulator_x_description/launch
[0.251s] -- Up-to-date: /home/alecr/HRI/install/open_manipulator_x_description/share/open_manipulator_x_description/launch/open_manipulator_x_rviz.launch.py
[0.251s] -- Up-to-date: /home/alecr/HRI/install/open_manipulator_x_description/share/open_manipulator_x_description/launch/.DS_Store
[0.251s] -- Up-to-date: /home/alecr/HRI/install/open_manipulator_x_description/share/open_manipulator_x_description/meshes
[0.251s] -- Up-to-date: /home/alecr/HRI/install/open_manipulator_x_description/share/open_manipulator_x_description/meshes/chain_link3.stl
[0.251s] -- Up-to-date: /home/alecr/HRI/install/open_manipulator_x_description/share/open_manipulator_x_description/meshes/chain_link4.stl
[0.252s] -- Up-to-date: /home/alecr/HRI/install/open_manipulator_x_description/share/open_manipulator_x_description/meshes/chain_link1.stl
[0.252s] -- Up-to-date: /home/alecr/HRI/install/open_manipulator_x_description/share/open_manipulator_x_description/meshes/chain_link_grip_l.stl
[0.252s] -- Up-to-date: /home/alecr/HRI/install/open_manipulator_x_description/share/open_manipulator_x_description/meshes/chain_link5.stl
[0.252s] -- Up-to-date: /home/alecr/HRI/install/open_manipulator_x_description/share/open_manipulator_x_description/meshes/chain_link_grip_r.stl
[0.252s] -- Up-to-date: /home/alecr/HRI/install/open_manipulator_x_description/share/open_manipulator_x_description/meshes/chain_link2.stl
[0.252s] -- Up-to-date: /home/alecr/HRI/install/open_manipulator_x_description/share/open_manipulator_x_description/rviz
[0.252s] -- Up-to-date: /home/alecr/HRI/install/open_manipulator_x_description/share/open_manipulator_x_description/rviz/open_manipulator_x.rviz
[0.252s] -- Up-to-date: /home/alecr/HRI/install/open_manipulator_x_description/share/open_manipulator_x_description/urdf
[0.252s] -- Up-to-date: /home/alecr/HRI/install/open_manipulator_x_description/share/open_manipulator_x_description/urdf/open_manipulator_x_robot.urdf.xacro
[0.252s] -- Up-to-date: /home/alecr/HRI/install/open_manipulator_x_description/share/open_manipulator_x_description/urdf/open_manipulator_x.urdf.xacro
[0.252s] -- Up-to-date: /home/alecr/HRI/install/open_manipulator_x_description/share/open_manipulator_x_description/urdf/open_manipulator_x.gazebo.xacro
[0.252s] -- Up-to-date: /home/alecr/HRI/install/open_manipulator_x_description/share/open_manipulator_x_description/urdf/materials.xacro
[0.252s] -- Up-to-date: /home/alecr/HRI/install/open_manipulator_x_description/share/open_manipulator_x_description/urdf/open_manipulator_x.transmission.xacro
[0.252s] -- Up-to-date: /home/alecr/HRI/install/open_manipulator_x_description/share/ament_index/resource_index/package_run_dependencies/open_manipulator_x_description
[0.252s] -- Up-to-date: /home/alecr/HRI/install/open_manipulator_x_description/share/ament_index/resource_index/parent_prefix_path/open_manipulator_x_description
[0.252s] -- Up-to-date: /home/alecr/HRI/install/open_manipulator_x_description/share/open_manipulator_x_description/environment/ament_prefix_path.sh
[0.252s] -- Up-to-date: /home/alecr/HRI/install/open_manipulator_x_description/share/open_manipulator_x_description/environment/ament_prefix_path.dsv
[0.252s] -- Up-to-date: /home/alecr/HRI/install/open_manipulator_x_description/share/open_manipulator_x_description/environment/path.sh
[0.252s] -- Up-to-date: /home/alecr/HRI/install/open_manipulator_x_description/share/open_manipulator_x_description/environment/path.dsv
[0.252s] -- Up-to-date: /home/alecr/HRI/install/open_manipulator_x_description/share/open_manipulator_x_description/local_setup.bash
[0.252s] -- Up-to-date: /home/alecr/HRI/install/open_manipulator_x_description/share/open_manipulator_x_description/local_setup.sh
[0.252s] -- Up-to-date: /home/alecr/HRI/install/open_manipulator_x_description/share/open_manipulator_x_description/local_setup.zsh
[0.252s] -- Up-to-date: /home/alecr/HRI/install/open_manipulator_x_description/share/open_manipulator_x_description/local_setup.dsv
[0.252s] -- Installing: /home/alecr/HRI/install/open_manipulator_x_description/share/open_manipulator_x_description/package.dsv
[0.252s] -- Up-to-date: /home/alecr/HRI/install/open_manipulator_x_description/share/ament_index/resource_index/packages/open_manipulator_x_description
[0.252s] -- Up-to-date: /home/alecr/HRI/install/open_manipulator_x_description/share/open_manipulator_x_description/cmake/open_manipulator_x_descriptionConfig.cmake
[0.252s] -- Up-to-date: /home/alecr/HRI/install/open_manipulator_x_description/share/open_manipulator_x_description/cmake/open_manipulator_x_descriptionConfig-version.cmake
[0.252s] -- Up-to-date: /home/alecr/HRI/install/open_manipulator_x_description/share/open_manipulator_x_description/package.xml
[0.285s] Invoked command in '/home/alecr/HRI/build/open_manipulator_x_description' returned '0': CMAKE_PREFIX_PATH=${CMAKE_PREFIX_PATH}:/home/alecr/HRI/install/rbe500_example_py:/home/alecr/HRI/install/arm_control:/home/alecr/ros2_ws/install/moveit_configs_utils:/home/alecr/ros2_ws/install/mqp_ros:/home/alecr/ros2_ws/install/mqp:/home/alecr/ros2_ws/install/launch_param_builder:/home/alecr/ros2_ws/install/MQP:/home/alecr/ros2_ws/install/HRI:/opt/ros/humble /usr/bin/cmake --install /home/alecr/HRI/build/open_manipulator_x_description
