-- The C compiler identification is GNU 11.4.0
-- The CXX compiler identification is GNU 11.4.0
-- Detecting C compiler ABI info
-- Detecting C compiler ABI info - done
-- Check for working C compiler: /usr/bin/cc - skipped
-- Detecting C compile features
-- Detecting C compile features - done
-- Detecting CXX compiler ABI info
-- Detecting CXX compiler ABI info - done
-- Check for working CXX compiler: /usr/bin/c++ - skipped
-- Detecting CXX compile features
-- Detecting CXX compile features - done
-- Found ament_cmake: 1.3.14 (/opt/ros/humble/share/ament_cmake/cmake)
-- Found Python3: /usr/bin/python3 (found version "3.10.12") found components: Interpreter 
-- Configuring done
-- Generating done
-- Build files have been written to: /home/alecr/HRI/build/dynamixel_workbench
-- Install configuration: ""
-- Up-to-date: /home/alecr/HRI/install/dynamixel_workbench/share/ament_index/resource_index/package_run_dependencies/dynamixel_workbench
-- Installing: /home/alecr/HRI/install/dynamixel_workbench/share/ament_index/resource_index/parent_prefix_path/dynamixel_workbench
-- Installing: /home/alecr/HRI/install/dynamixel_workbench/share/dynamixel_workbench/environment/ament_prefix_path.sh
-- Installing: /home/alecr/HRI/install/dynamixel_workbench/share/dynamixel_workbench/environment/ament_prefix_path.dsv
-- Installing: /home/alecr/HRI/install/dynamixel_workbench/share/dynamixel_workbench/environment/path.sh
-- Installing: /home/alecr/HRI/install/dynamixel_workbench/share/dynamixel_workbench/environment/path.dsv
-- Up-to-date: /home/alecr/HRI/install/dynamixel_workbench/share/dynamixel_workbench/local_setup.bash
-- Installing: /home/alecr/HRI/install/dynamixel_workbench/share/dynamixel_workbench/local_setup.sh
-- Up-to-date: /home/alecr/HRI/install/dynamixel_workbench/share/dynamixel_workbench/local_setup.zsh
-- Installing: /home/alecr/HRI/install/dynamixel_workbench/share/dynamixel_workbench/local_setup.dsv
-- Installing: /home/alecr/HRI/install/dynamixel_workbench/share/dynamixel_workbench/package.dsv
-- Up-to-date: /home/alecr/HRI/install/dynamixel_workbench/share/ament_index/resource_index/packages/dynamixel_workbench
-- Up-to-date: /home/alecr/HRI/install/dynamixel_workbench/share/dynamixel_workbench/cmake/dynamixel_workbenchConfig.cmake
-- Up-to-date: /home/alecr/HRI/install/dynamixel_workbench/share/dynamixel_workbench/cmake/dynamixel_workbenchConfig-version.cmake
-- Up-to-date: /home/alecr/HRI/install/dynamixel_workbench/share/dynamixel_workbench/package.xml
